Archive member included to satisfy reference by file (symbol)

c:/st/stm32cubeide_1.4.0/stm32cubeide/plugins/com.st.stm32cube.ide.mcu.externaltools.gnu-tools-for-stm32.10.3-2021.10.win32_1.0.0.202111181127/tools/bin/../lib/gcc/arm-none-eabi/10.3.1/../../../../arm-none-eabi/lib/thumb/v7e-m+fp/hard\libc_nano.a(lib_a-errno.o)
                              ./Core/HW_specific/syscalls.o (__errno)
c:/st/stm32cubeide_1.4.0/stm32cubeide/plugins/com.st.stm32cube.ide.mcu.externaltools.gnu-tools-for-stm32.10.3-2021.10.win32_1.0.0.202111181127/tools/bin/../lib/gcc/arm-none-eabi/10.3.1/../../../../arm-none-eabi/lib/thumb/v7e-m+fp/hard\libc_nano.a(lib_a-exit.o)
                              c:/st/stm32cubeide_1.4.0/stm32cubeide/plugins/com.st.stm32cube.ide.mcu.externaltools.gnu-tools-for-stm32.10.3-2021.10.win32_1.0.0.202111181127/tools/bin/../lib/gcc/arm-none-eabi/10.3.1/../../../../arm-none-eabi/lib/thumb/v7e-m+fp/hard/crt0.o (exit)
c:/st/stm32cubeide_1.4.0/stm32cubeide/plugins/com.st.stm32cube.ide.mcu.externaltools.gnu-tools-for-stm32.10.3-2021.10.win32_1.0.0.202111181127/tools/bin/../lib/gcc/arm-none-eabi/10.3.1/../../../../arm-none-eabi/lib/thumb/v7e-m+fp/hard\libc_nano.a(lib_a-impure.o)
                              c:/st/stm32cubeide_1.4.0/stm32cubeide/plugins/com.st.stm32cube.ide.mcu.externaltools.gnu-tools-for-stm32.10.3-2021.10.win32_1.0.0.202111181127/tools/bin/../lib/gcc/arm-none-eabi/10.3.1/../../../../arm-none-eabi/lib/thumb/v7e-m+fp/hard\libc_nano.a(lib_a-exit.o) (_global_impure_ptr)
c:/st/stm32cubeide_1.4.0/stm32cubeide/plugins/com.st.stm32cube.ide.mcu.externaltools.gnu-tools-for-stm32.10.3-2021.10.win32_1.0.0.202111181127/tools/bin/../lib/gcc/arm-none-eabi/10.3.1/../../../../arm-none-eabi/lib/thumb/v7e-m+fp/hard\libc_nano.a(lib_a-init.o)
                              c:/st/stm32cubeide_1.4.0/stm32cubeide/plugins/com.st.stm32cube.ide.mcu.externaltools.gnu-tools-for-stm32.10.3-2021.10.win32_1.0.0.202111181127/tools/bin/../lib/gcc/arm-none-eabi/10.3.1/../../../../arm-none-eabi/lib/thumb/v7e-m+fp/hard/crt0.o (__libc_init_array)
c:/st/stm32cubeide_1.4.0/stm32cubeide/plugins/com.st.stm32cube.ide.mcu.externaltools.gnu-tools-for-stm32.10.3-2021.10.win32_1.0.0.202111181127/tools/bin/../lib/gcc/arm-none-eabi/10.3.1/../../../../arm-none-eabi/lib/thumb/v7e-m+fp/hard\libc_nano.a(lib_a-memcpy-stub.o)
                              ./Core/Mem_manger/umm_malloc.o (memcpy)
c:/st/stm32cubeide_1.4.0/stm32cubeide/plugins/com.st.stm32cube.ide.mcu.externaltools.gnu-tools-for-stm32.10.3-2021.10.win32_1.0.0.202111181127/tools/bin/../lib/gcc/arm-none-eabi/10.3.1/../../../../arm-none-eabi/lib/thumb/v7e-m+fp/hard\libc_nano.a(lib_a-memmove.o)
                              ./Core/Mem_manger/umm_malloc.o (memmove)
c:/st/stm32cubeide_1.4.0/stm32cubeide/plugins/com.st.stm32cube.ide.mcu.externaltools.gnu-tools-for-stm32.10.3-2021.10.win32_1.0.0.202111181127/tools/bin/../lib/gcc/arm-none-eabi/10.3.1/../../../../arm-none-eabi/lib/thumb/v7e-m+fp/hard\libc_nano.a(lib_a-memset.o)
                              c:/st/stm32cubeide_1.4.0/stm32cubeide/plugins/com.st.stm32cube.ide.mcu.externaltools.gnu-tools-for-stm32.10.3-2021.10.win32_1.0.0.202111181127/tools/bin/../lib/gcc/arm-none-eabi/10.3.1/../../../../arm-none-eabi/lib/thumb/v7e-m+fp/hard/crt0.o (memset)
c:/st/stm32cubeide_1.4.0/stm32cubeide/plugins/com.st.stm32cube.ide.mcu.externaltools.gnu-tools-for-stm32.10.3-2021.10.win32_1.0.0.202111181127/tools/bin/../lib/gcc/arm-none-eabi/10.3.1/../../../../arm-none-eabi/lib/thumb/v7e-m+fp/hard\libm.a(lib_a-s_cos.o)
                              ./Core/Math/Math_lib.o (cos)
c:/st/stm32cubeide_1.4.0/stm32cubeide/plugins/com.st.stm32cube.ide.mcu.externaltools.gnu-tools-for-stm32.10.3-2021.10.win32_1.0.0.202111181127/tools/bin/../lib/gcc/arm-none-eabi/10.3.1/../../../../arm-none-eabi/lib/thumb/v7e-m+fp/hard\libm.a(lib_a-s_sin.o)
                              ./Core/Math/Math_lib.o (sin)
c:/st/stm32cubeide_1.4.0/stm32cubeide/plugins/com.st.stm32cube.ide.mcu.externaltools.gnu-tools-for-stm32.10.3-2021.10.win32_1.0.0.202111181127/tools/bin/../lib/gcc/arm-none-eabi/10.3.1/../../../../arm-none-eabi/lib/thumb/v7e-m+fp/hard\libm.a(lib_a-w_fmod.o)
                              ./Core/Math/Math_lib.o (fmod)
c:/st/stm32cubeide_1.4.0/stm32cubeide/plugins/com.st.stm32cube.ide.mcu.externaltools.gnu-tools-for-stm32.10.3-2021.10.win32_1.0.0.202111181127/tools/bin/../lib/gcc/arm-none-eabi/10.3.1/../../../../arm-none-eabi/lib/thumb/v7e-m+fp/hard\libm.a(lib_a-e_fmod.o)
                              c:/st/stm32cubeide_1.4.0/stm32cubeide/plugins/com.st.stm32cube.ide.mcu.externaltools.gnu-tools-for-stm32.10.3-2021.10.win32_1.0.0.202111181127/tools/bin/../lib/gcc/arm-none-eabi/10.3.1/../../../../arm-none-eabi/lib/thumb/v7e-m+fp/hard\libm.a(lib_a-w_fmod.o) (__ieee754_fmod)
[...]
Memory Configuration

Name             Origin             Length             Attributes
CCMRAM           0x0000000010000000 0x0000000000010000 xrw
RAM              0x0000000020000000 0x0000000000030000 xrw
FLASH            0x0000000008040000 0x0000000000080000 xr
SDRAM            0x00000000d0000000 0x0000000000800000 xrw
*default*        0x0000000000000000 0xffffffffffffffff

Linker script and memory map

LOAD c:/st/stm32cubeide_1.4.0/stm32cubeide/plugins/com.st.stm32cube.ide.mcu.externaltools.gnu-tools-for-stm32.10.3-2021.10.win32_1.0.0.202111181127/tools/bin/../lib/gcc/arm-none-eabi/10.3.1/thumb/v7e-m+fp/hard/crti.o
LOAD c:/st/stm32cubeide_1.4.0/stm32cubeide/plugins/com.st.stm32cube.ide.mcu.externaltools.gnu-tools-for-stm32.10.3-2021.10.win32_1.0.0.202111181127/tools/bin/../lib/gcc/arm-none-eabi/10.3.1/thumb/v7e-m+fp/hard/crtbegin.o
LOAD c:/st/stm32cubeide_1.4.0/stm32cubeide/plugins/com.st.stm32cube.ide.mcu.externaltools.gnu-tools-for-stm32.10.3-2021.10.win32_1.0.0.202111181127/tools/bin/../lib/gcc/arm-none-eabi/10.3.1/../../../../arm-none-eabi/lib/thumb/v7e-m+fp/hard/crt0.o
LOAD ./Core/Drivers/STM32F4xx_HAL_Driver/Src/stm32f4xx_hal.o
LOAD ./Core/Drivers/STM32F4xx_HAL_Driver/Src/stm32f4xx_hal_cortex.o
LOAD ./Core/Drivers/STM32F4xx_HAL_Driver/Src/stm32f4xx_hal_dma.o
LOAD ./Core/Drivers/STM32F4xx_HAL_Driver/Src/stm32f4xx_hal_dma2d.o
LOAD ./Core/Drivers/STM32F4xx_HAL_Driver/Src/stm32f4xx_hal_dma_ex.o
LOAD ./Core/Drivers/STM32F4xx_HAL_Driver/Src/stm32f4xx_hal_dsi.o
LOAD ./Core/Drivers/STM32F4xx_HAL_Driver/Src/stm32f4xx_hal_exti.o
LOAD ./Core/Drivers/STM32F4xx_HAL_Driver/Src/stm32f4xx_hal_flash.o
LOAD ./Core/Drivers/STM32F4xx_HAL_Driver/Src/stm32f4xx_hal_flash_ex.o
LOAD ./Core/Drivers/STM32F4xx_HAL_Driver/Src/stm32f4xx_hal_flash_ramfunc.o
LOAD ./Core/Drivers/STM32F4xx_HAL_Driver/Src/stm32f4xx_hal_gpio.o
LOAD ./Core/Drivers/STM32F4xx_HAL_Driver/Src/stm32f4xx_hal_i2c.o
LOAD ./Core/Drivers/STM32F4xx_HAL_Driver/Src/stm32f4xx_hal_i2c_ex.o
LOAD ./Core/Drivers/STM32F4xx_HAL_Driver/Src/stm32f4xx_hal_ltdc.o
LOAD ./Core/Drivers/STM32F4xx_HAL_Driver/Src/stm32f4xx_hal_ltdc_ex.o
LOAD ./Core/Drivers/STM32F4xx_HAL_Driver/Src/stm32f4xx_hal_pwr.o
LOAD ./Core/Drivers/STM32F4xx_HAL_Driver/Src/stm32f4xx_hal_pwr_ex.o
LOAD ./Core/Drivers/STM32F4xx_HAL_Driver/Src/stm32f4xx_hal_rcc.o
LOAD ./Core/Drivers/STM32F4xx_HAL_Driver/Src/stm32f4xx_hal_rcc_ex.o
LOAD ./Core/Drivers/STM32F4xx_HAL_Driver/Src/stm32f4xx_hal_rng.o
LOAD ./Core/Drivers/STM32F4xx_HAL_Driver/Src/stm32f4xx_hal_sdram.o
LOAD ./Core/Drivers/STM32F4xx_HAL_Driver/Src/stm32f4xx_hal_spi.o
LOAD ./Core/Drivers/STM32F4xx_HAL_Driver/Src/stm32f4xx_hal_tim.o
LOAD ./Core/Drivers/STM32F4xx_HAL_Driver/Src/stm32f4xx_hal_tim_ex.o
LOAD ./Core/Drivers/STM32F4xx_HAL_Driver/Src/stm32f4xx_hal_uart.o
LOAD ./Core/Drivers/STM32F4xx_HAL_Driver/Src/stm32f4xx_ll_fmc.o
LOAD ./Core/Graphics/GameEngine.o
LOAD ./Core/Graphics/gpu.o
LOAD ./Core/Graphics/ili9341.o
LOAD ./Core/HW_specific/MCU_init.o
LOAD ./Core/HW_specific/stm32f429i_discovery.o
LOAD ./Core/HW_specific/stm32f429i_discovery_sdram.o
LOAD ./Core/HW_specific/stm32f4xx_hal_msp.o
LOAD ./Core/HW_specific/stm32f4xx_it.o
LOAD ./Core/HW_specific/syscalls.o
LOAD ./Core/HW_specific/sysmem.o
LOAD ./Core/HW_specific/system_stm32f4xx.o
LOAD ./Core/HW_specific/util_spe.o
LOAD ./Core/HW_specific/Startup/startup_stm32f429zitx.o
LOAD ./Core/Input/gamepad.o
LOAD ./Core/Input/gyro.o
LOAD ./Core/Input/l3gd20.o
LOAD ./Core/Input/stmpe811.o
LOAD ./Core/Input/touchpad.o
LOAD ./Core/Math/Math_lib.o
LOAD ./Core/Mem_manger/umm_malloc.o
LOAD ./Core/Scheduler/Scheduler.o
LOAD ./Core/Util/auxiliary.o
LOAD ./Core/Util/printf.o
LOAD ./Game/game.o
START GROUP
LOAD c:/st/stm32cubeide_1.4.0/stm32cubeide/plugins/com.st.stm32cube.ide.mcu.externaltools.gnu-tools-for-stm32.10.3-2021.10.win32_1.0.0.202111181127/tools/bin/../lib/gcc/arm-none-eabi/10.3.1/../../../../arm-none-eabi/lib/thumb/v7e-m+fp/hard\libc_nano.a
LOAD c:/st/stm32cubeide_1.4.0/stm32cubeide/plugins/com.st.stm32cube.ide.mcu.externaltools.gnu-tools-for-stm32.10.3-2021.10.win32_1.0.0.202111181127/tools/bin/../lib/gcc/arm-none-eabi/10.3.1/../../../../arm-none-eabi/lib/thumb/v7e-m+fp/hard\libm.a
END GROUP
START GROUP
LOAD c:/st/stm32cubeide_1.4.0/stm32cubeide/plugins/com.st.stm32cube.ide.mcu.externaltools.gnu-tools-for-stm32.10.3-2021.10.win32_1.0.0.202111181127/tools/bin/../lib/gcc/arm-none-eabi/10.3.1/thumb/v7e-m+fp/hard\libgcc.a
LOAD c:/st/stm32cubeide_1.4.0/stm32cubeide/plugins/com.st.stm32cube.ide.mcu.externaltools.gnu-tools-for-stm32.10.3-2021.10.win32_1.0.0.202111181127/tools/bin/../lib/gcc/arm-none-eabi/10.3.1/../../../../arm-none-eabi/lib/thumb/v7e-m+fp/hard\libc_nano.a
END GROUP
START GROUP
LOAD c:/st/stm32cubeide_1.4.0/stm32cubeide/plugins/com.st.stm32cube.ide.mcu.externaltools.gnu-tools-for-stm32.10.3-2021.10.win32_1.0.0.202111181127/tools/bin/../lib/gcc/arm-none-eabi/10.3.1/thumb/v7e-m+fp/hard\libgcc.a
LOAD c:/st/stm32cubeide_1.4.0/stm32cubeide/plugins/com.st.stm32cube.ide.mcu.externaltools.gnu-tools-for-stm32.10.3-2021.10.win32_1.0.0.202111181127/tools/bin/../lib/gcc/arm-none-eabi/10.3.1/../../../../arm-none-eabi/lib/thumb/v7e-m+fp/hard\libc_nano.a
LOAD c:/st/stm32cubeide_1.4.0/stm32cubeide/plugins/com.st.stm32cube.ide.mcu.externaltools.gnu-tools-for-stm32.10.3-2021.10.win32_1.0.0.202111181127/tools/bin/../lib/gcc/arm-none-eabi/10.3.1/../../../../arm-none-eabi/lib/thumb/v7e-m+fp/hard\libnosys.a
END GROUP
START GROUP
LOAD c:/st/stm32cubeide_1.4.0/stm32cubeide/plugins/com.st.stm32cube.ide.mcu.externaltools.gnu-tools-for-stm32.10.3-2021.10.win32_1.0.0.202111181127/tools/bin/../lib/gcc/arm-none-eabi/10.3.1/thumb/v7e-m+fp/hard\libgcc.a
LOAD c:/st/stm32cubeide_1.4.0/stm32cubeide/plugins/com.st.stm32cube.ide.mcu.externaltools.gnu-tools-for-stm32.10.3-2021.10.win32_1.0.0.202111181127/tools/bin/../lib/gcc/arm-none-eabi/10.3.1/../../../../arm-none-eabi/lib/thumb/v7e-m+fp/hard\libc_nano.a
LOAD c:/st/stm32cubeide_1.4.0/stm32cubeide/plugins/com.st.stm32cube.ide.mcu.externaltools.gnu-tools-for-stm32.10.3-2021.10.win32_1.0.0.202111181127/tools/bin/../lib/gcc/arm-none-eabi/10.3.1/../../../../arm-none-eabi/lib/thumb/v7e-m+fp/hard\libnosys.a
END GROUP
LOAD c:/st/stm32cubeide_1.4.0/stm32cubeide/plugins/com.st.stm32cube.ide.mcu.externaltools.gnu-tools-for-stm32.10.3-2021.10.win32_1.0.0.202111181127/tools/bin/../lib/gcc/arm-none-eabi/10.3.1/thumb/v7e-m+fp/hard/crtend.o
LOAD c:/st/stm32cubeide_1.4.0/stm32cubeide/plugins/com.st.stm32cube.ide.mcu.externaltools.gnu-tools-for-stm32.10.3-2021.10.win32_1.0.0.202111181127/tools/bin/../lib/gcc/arm-none-eabi/10.3.1/thumb/v7e-m+fp/hard/crtn.o
                0x0000000020030000                _estack = (ORIGIN (RAM) + LENGTH (RAM))
                0x0000000000000200                _Min_Heap_Size = 0x200
                0x0000000000000400                _Min_Stack_Size = 0x400

.isr_vector     0x0000000008040000      0x1ac
                0x0000000008040000                . = ALIGN (0x4)
 *(.isr_vector)
 .isr_vector    0x0000000008040000      0x1ac ./Core/HW_specific/Startup/startup_stm32f429zitx.o
                0x0000000008040000                g_pfnVectors
                0x00000000080401ac                . = ALIGN (0x4)

.myBufBlockRAM
 *(.myBufSectionRAM)

.SDRAM1         0x00000000d0000000    0x25800
 *(.sdram1)
 .sdram1        0x00000000d0000000    0x25800 ./Core/Graphics/gpu.o

.SDRAM2         0x00000000d0200000    0x25800
 *(.sdram2)
 .sdram2        0x00000000d0200000    0x25800 ./Core/Graphics/gpu.o

.SDRAM3         0x00000000d0400000    0x19000
 *(.sdram3)
 .sdram3        0x00000000d0400000    0x19000 ./Core/Mem_manger/umm_malloc.o

.text           0x00000000080401b0     0x98c4
                0x00000000080401b0                . = ALIGN (0x4)
 *(.text)
 .text          0x00000000080401b0       0x40 c:/st/stm32cubeide_1.4.0/stm32cubeide/plugins/com.st.stm32cube.ide.mcu.externaltools.gnu-tools-for-stm32.10.3-2021.10.win32_1.0.0.202111181127/tools/bin/../lib/gcc/arm-none-eabi/10.3.1/thumb/v7e-m+fp/hard/crtbegin.o
 .text          0x00000000080401f0      0x378 c:/st/stm32cubeide_1.4.0/stm32cubeide/plugins/com.st.stm32cube.ide.mcu.externaltools.gnu-tools-for-stm32.10.3-2021.10.win32_1.0.0.202111181127/tools/bin/../lib/gcc/arm-none-eabi/10.3.1/thumb/v7e-m+fp/hard\libgcc.a(_arm_addsubdf3.o)
                0x00000000080401f0                __aeabi_drsub
                0x00000000080401f8                __aeabi_dsub
                0x00000000080401f8                __subdf3
                0x00000000080401fc                __aeabi_dadd
                0x00000000080401fc                __adddf3
                0x0000000008040474                __floatunsidf
                0x0000000008040474                __aeabi_ui2d
                0x0000000008040494                __floatsidf
                0x0000000008040494                __aeabi_i2d
                0x00000000080404b8                __aeabi_f2d
                0x00000000080404b8                __extendsfdf2
                0x00000000080404fc                __floatundidf
                0x00000000080404fc                __aeabi_ul2d
                0x000000000804050c                __floatdidf
                0x000000000804050c                __aeabi_l2d
 .text          0x0000000008040568      0x424 c:/st/stm32cubeide_1.4.0/stm32cubeide/plugins/com.st.stm32cube.ide.mcu.externaltools.gnu-tools-for-stm32.10.3-2021.10.win32_1.0.0.202111181127/tools/bin/../lib/gcc/arm-none-eabi/10.3.1/thumb/v7e-m+fp/hard\libgcc.a(_arm_muldivdf3.o)
                0x0000000008040568                __aeabi_dmul
                0x0000000008040568                __muldf3
                0x00000000080407bc                __divdf3
                0x00000000080407bc                __aeabi_ddiv
 .text          0x000000000804098c      0x110 c:/st/stm32cubeide_1.4.0/stm32cubeide/plugins/com.st.stm32cube.ide.mcu.externaltools.gnu-tools-for-stm32.10.3-2021.10.win32_1.0.0.202111181127/tools/bin/../lib/gcc/arm-none-eabi/10.3.1/thumb/v7e-m+fp/hard\libgcc.a(_arm_cmpdf2.o)
                0x000000000804098c                __gtdf2
                0x000000000804098c                __gedf2
                0x0000000008040994                __ltdf2
                0x0000000008040994                __ledf2
                0x000000000804099c                __nedf2
                0x000000000804099c                __eqdf2
                0x000000000804099c                __cmpdf2
                0x0000000008040a18                __aeabi_cdrcmple
                0x0000000008040a28                __aeabi_cdcmpeq
                0x0000000008040a28                __aeabi_cdcmple
                0x0000000008040a38                __aeabi_dcmpeq
                0x0000000008040a4c                __aeabi_dcmplt
                0x0000000008040a60                __aeabi_dcmple
                0x0000000008040a74                __aeabi_dcmpge
                0x0000000008040a88                __aeabi_dcmpgt
 .text          0x0000000008040a9c       0x2c c:/st/stm32cubeide_1.4.0/stm32cubeide/plugins/com.st.stm32cube.ide.mcu.externaltools.gnu-tools-for-stm32.10.3-2021.10.win32_1.0.0.202111181127/tools/bin/../lib/gcc/arm-none-eabi/10.3.1/thumb/v7e-m+fp/hard\libgcc.a(_arm_unorddf2.o)
                0x0000000008040a9c                __unorddf2
                0x0000000008040a9c                __aeabi_dcmpun
 .text          0x0000000008040ac8       0x50 c:/st/stm32cubeide_1.4.0/stm32cubeide/plugins/com.st.stm32cube.ide.mcu.externaltools.gnu-tools-for-stm32.10.3-2021.10.win32_1.0.0.202111181127/tools/bin/../lib/gcc/arm-none-eabi/10.3.1/thumb/v7e-m+fp/hard\libgcc.a(_arm_fixdfsi.o)
                0x0000000008040ac8                __aeabi_d2iz
                0x0000000008040ac8                __fixdfsi
 .text          0x0000000008040b18       0xa0 c:/st/stm32cubeide_1.4.0/stm32cubeide/plugins/com.st.stm32cube.ide.mcu.externaltools.gnu-tools-for-stm32.10.3-2021.10.win32_1.0.0.202111181127/tools/bin/../lib/gcc/arm-none-eabi/10.3.1/thumb/v7e-m+fp/hard\libgcc.a(_arm_truncdfsf2.o)
                0x0000000008040b18                __truncdfsf2
                0x0000000008040b18                __aeabi_d2f
 .text          0x0000000008040bb8       0x30 c:/st/stm32cubeide_1.4.0/stm32cubeide/plugins/com.st.stm32cube.ide.mcu.externaltools.gnu-tools-for-stm32.10.3-2021.10.win32_1.0.0.202111181127/tools/bin/../lib/gcc/arm-none-eabi/10.3.1/thumb/v7e-m+fp/hard\libgcc.a(_aeabi_uldivmod.o)
                0x0000000008040bb8                __aeabi_uldivmod
 .text          0x0000000008040be8      0x2d0 c:/st/stm32cubeide_1.4.0/stm32cubeide/plugins/com.st.stm32cube.ide.mcu.externaltools.gnu-tools-for-stm32.10.3-2021.10.win32_1.0.0.202111181127/tools/bin/../lib/gcc/arm-none-eabi/10.3.1/thumb/v7e-m+fp/hard\libgcc.a(_udivmoddi4.o)
                0x0000000008040be8                __udivmoddi4
 .text          0x0000000008040eb8        0x4 c:/st/stm32cubeide_1.4.0/stm32cubeide/plugins/com.st.stm32cube.ide.mcu.externaltools.gnu-tools-for-stm32.10.3-2021.10.win32_1.0.0.202111181127/tools/bin/../lib/gcc/arm-none-eabi/10.3.1/thumb/v7e-m+fp/hard\libgcc.a(_dvmd_tls.o)
                0x0000000008040eb8                __aeabi_idiv0
                0x0000000008040eb8                __aeabi_ldiv0
 *(.text*)
 .text.HAL_Init
                0x0000000008040ebc       0x44 ./Core/Drivers/STM32F4xx_HAL_Driver/Src/stm32f4xx_hal.o
                0x0000000008040ebc                HAL_Init
 .text.HAL_InitTick
                0x0000000008040f00       0x60 ./Core/Drivers/STM32F4xx_HAL_Driver/Src/stm32f4xx_hal.o
                0x0000000008040f00                HAL_InitTick
 .text.HAL_IncTick
                0x0000000008040f60       0x28 ./Core/Drivers/STM32F4xx_HAL_Driver/Src/stm32f4xx_hal.o
                0x0000000008040f60                HAL_IncTick
 .text.HAL_GetTick
                0x0000000008040f88       0x18 ./Core/Drivers/STM32F4xx_HAL_Driver/Src/stm32f4xx_hal.o
                0x0000000008040f88                HAL_GetTick
 .text.HAL_Delay
                0x0000000008040fa0       0x48 ./Core/Drivers/STM32F4xx_HAL_Driver/Src/stm32f4xx_hal.o
                0x0000000008040fa0                HAL_Delay
 .text.__NVIC_SetPriorityGrouping
                0x0000000008040fe8       0x48 ./Core/Drivers/STM32F4xx_HAL_Driver/Src/stm32f4xx_hal_cortex.o
 .text.__NVIC_GetPriorityGrouping
                0x0000000008041030       0x1c ./Core/Drivers/STM32F4xx_HAL_Driver/Src/stm32f4xx_hal_cortex.o
 .text.__NVIC_EnableIRQ
                0x000000000804104c       0x3c ./Core/Drivers/STM32F4xx_HAL_Driver/Src/stm32f4xx_hal_cortex.o
 .text.__NVIC_SetPriority
                0x0000000008041088       0x54 ./Core/Drivers/STM32F4xx_HAL_Driver/Src/stm32f4xx_hal_cortex.o
 .text.NVIC_EncodePriority
                0x00000000080410dc       0x66 ./Core/Drivers/STM32F4xx_HAL_Driver/Src/stm32f4xx_hal_cortex.o
 *fill*         0x0000000008041142        0x2 
 .text.SysTick_Config
                0x0000000008041144       0x44 ./Core/Drivers/STM32F4xx_HAL_Driver/Src/stm32f4xx_hal_cortex.o
 .text.HAL_NVIC_SetPriorityGrouping
                0x0000000008041188       0x16 ./Core/Drivers/STM32F4xx_HAL_Driver/Src/stm32f4xx_hal_cortex.o
                0x0000000008041188                HAL_NVIC_SetPriorityGrouping
 .text.HAL_NVIC_SetPriority
                0x000000000804119e       0x38 ./Core/Drivers/STM32F4xx_HAL_Driver/Src/stm32f4xx_hal_cortex.o
                0x000000000804119e                HAL_NVIC_SetPriority
 .text.HAL_NVIC_EnableIRQ
                0x00000000080411d6       0x1c ./Core/Drivers/STM32F4xx_HAL_Driver/Src/stm32f4xx_hal_cortex.o
                0x00000000080411d6                HAL_NVIC_EnableIRQ
 .text.HAL_SYSTICK_Config
                0x00000000080411f2       0x18 ./Core/Drivers/STM32F4xx_HAL_Driver/Src/stm32f4xx_hal_cortex.o
                0x00000000080411f2                HAL_SYSTICK_Config
 *fill*         0x000000000804120a        0x2 
 .text.HAL_DMA_Init
                0x000000000804120c      0x15c ./Core/Drivers/STM32F4xx_HAL_Driver/Src/stm32f4xx_hal_dma.o
                0x000000000804120c                HAL_DMA_Init
 .text.HAL_DMA_DeInit
                0x0000000008041368       0xbc ./Core/Drivers/STM32F4xx_HAL_Driver/Src/stm32f4xx_hal_dma.o
                0x0000000008041368                HAL_DMA_DeInit
 .text.DMA_CalcBaseAndBitshift
                0x0000000008041424       0x6c ./Core/Drivers/STM32F4xx_HAL_Driver/Src/stm32f4xx_hal_dma.o
 .text.DMA_CheckFifoParam
                0x0000000008041490       0xf8 ./Core/Drivers/STM32F4xx_HAL_Driver/Src/stm32f4xx_hal_dma.o
 .text.HAL_DMA2D_Init
                0x0000000008041588       0x92 ./Core/Drivers/STM32F4xx_HAL_Driver/Src/stm32f4xx_hal_dma2d.o
                0x0000000008041588                HAL_DMA2D_Init
 .text.HAL_DMA2D_Start
                0x000000000804161a       0x56 ./Core/Drivers/STM32F4xx_HAL_Driver/Src/stm32f4xx_hal_dma2d.o
                0x000000000804161a                HAL_DMA2D_Start
 .text.HAL_DMA2D_PollForTransfer
                0x0000000008041670      0x1d2 ./Core/Drivers/STM32F4xx_HAL_Driver/Src/stm32f4xx_hal_dma2d.o
                0x0000000008041670                HAL_DMA2D_PollForTransfer
 *fill*         0x0000000008041842        0x2 
 .text.HAL_DMA2D_ConfigLayer
                0x0000000008041844      0x124 ./Core/Drivers/STM32F4xx_HAL_Driver/Src/stm32f4xx_hal_dma2d.o
                0x0000000008041844                HAL_DMA2D_ConfigLayer
 .text.DMA2D_SetConfig
                0x0000000008041968      0x138 ./Core/Drivers/STM32F4xx_HAL_Driver/Src/stm32f4xx_hal_dma2d.o
 .text.HAL_GPIO_Init
                0x0000000008041aa0      0x358 ./Core/Drivers/STM32F4xx_HAL_Driver/Src/stm32f4xx_hal_gpio.o
                0x0000000008041aa0                HAL_GPIO_Init
 .text.HAL_GPIO_DeInit
                0x0000000008041df8      0x218 ./Core/Drivers/STM32F4xx_HAL_Driver/Src/stm32f4xx_hal_gpio.o
                0x0000000008041df8                HAL_GPIO_DeInit
 .text.HAL_GPIO_ReadPin
                0x0000000008042010       0x30 ./Core/Drivers/STM32F4xx_HAL_Driver/Src/stm32f4xx_hal_gpio.o
                0x0000000008042010                HAL_GPIO_ReadPin
 .text.HAL_GPIO_WritePin
                0x0000000008042040       0x32 ./Core/Drivers/STM32F4xx_HAL_Driver/Src/stm32f4xx_hal_gpio.o
                0x0000000008042040                HAL_GPIO_WritePin
 *fill*         0x0000000008042072        0x2 
 .text.HAL_I2C_Init
                0x0000000008042074      0x288 ./Core/Drivers/STM32F4xx_HAL_Driver/Src/stm32f4xx_hal_i2c.o
                0x0000000008042074                HAL_I2C_Init
 .text.HAL_I2C_DeInit
                0x00000000080422fc       0x5e ./Core/Drivers/STM32F4xx_HAL_Driver/Src/stm32f4xx_hal_i2c.o
                0x00000000080422fc                HAL_I2C_DeInit
 .text.HAL_I2C_MspDeInit
                0x000000000804235a       0x14 ./Core/Drivers/STM32F4xx_HAL_Driver/Src/stm32f4xx_hal_i2c.o
                0x000000000804235a                HAL_I2C_MspDeInit
 *fill*         0x000000000804236e        0x2 
 .text.HAL_I2C_Mem_Write
                0x0000000008042370      0x1f4 ./Core/Drivers/STM32F4xx_HAL_Driver/Src/stm32f4xx_hal_i2c.o
                0x0000000008042370                HAL_I2C_Mem_Write
 .text.HAL_I2C_Mem_Read
                0x0000000008042564      0x44c ./Core/Drivers/STM32F4xx_HAL_Driver/Src/stm32f4xx_hal_i2c.o
                0x0000000008042564                HAL_I2C_Mem_Read
 .text.HAL_I2C_GetState
                0x00000000080429b0       0x1c ./Core/Drivers/STM32F4xx_HAL_Driver/Src/stm32f4xx_hal_i2c.o
                0x00000000080429b0                HAL_I2C_GetState
 .text.I2C_RequestMemoryWrite
                0x00000000080429cc      0x12c ./Core/Drivers/STM32F4xx_HAL_Driver/Src/stm32f4xx_hal_i2c.o
 .text.I2C_RequestMemoryRead
                0x0000000008042af8      0x1d0 ./Core/Drivers/STM32F4xx_HAL_Driver/Src/stm32f4xx_hal_i2c.o
 .text.I2C_WaitOnFlagUntilTimeout
                0x0000000008042cc8       0xae ./Core/Drivers/STM32F4xx_HAL_Driver/Src/stm32f4xx_hal_i2c.o
 .text.I2C_WaitOnMasterAddressFlagUntilTimeout
                0x0000000008042d76       0xfe ./Core/Drivers/STM32F4xx_HAL_Driver/Src/stm32f4xx_hal_i2c.o
 .text.I2C_WaitOnTXEFlagUntilTimeout
                0x0000000008042e74       0x82 ./Core/Drivers/STM32F4xx_HAL_Driver/Src/stm32f4xx_hal_i2c.o
 .text.I2C_WaitOnBTFFlagUntilTimeout
                0x0000000008042ef6       0x82 ./Core/Drivers/STM32F4xx_HAL_Driver/Src/stm32f4xx_hal_i2c.o
 .text.I2C_WaitOnRXNEFlagUntilTimeout
                0x0000000008042f78       0xac ./Core/Drivers/STM32F4xx_HAL_Driver/Src/stm32f4xx_hal_i2c.o
 .text.I2C_IsAcknowledgeFailed
                0x0000000008043024       0x5e ./Core/Drivers/STM32F4xx_HAL_Driver/Src/stm32f4xx_hal_i2c.o
 *fill*         0x0000000008043082        0x2 
 .text.HAL_LTDC_Init
                0x0000000008043084      0x1a0 ./Core/Drivers/STM32F4xx_HAL_Driver/Src/stm32f4xx_hal_ltdc.o
                0x0000000008043084                HAL_LTDC_Init
 .text.HAL_LTDC_ConfigLayer
                0x0000000008043224       0x7c ./Core/Drivers/STM32F4xx_HAL_Driver/Src/stm32f4xx_hal_ltdc.o
                0x0000000008043224                HAL_LTDC_ConfigLayer
 .text.HAL_LTDC_ConfigColorKeying_NoReload
                0x00000000080432a0       0x80 ./Core/Drivers/STM32F4xx_HAL_Driver/Src/stm32f4xx_hal_ltdc.o
                0x00000000080432a0                HAL_LTDC_ConfigColorKeying_NoReload
 .text.HAL_LTDC_EnableColorKeying_NoReload
                0x0000000008043320       0x6a ./Core/Drivers/STM32F4xx_HAL_Driver/Src/stm32f4xx_hal_ltdc.o
                0x0000000008043320                HAL_LTDC_EnableColorKeying_NoReload
 .text.LTDC_SetConfig
                0x000000000804338a      0x32e ./Core/Drivers/STM32F4xx_HAL_Driver/Src/stm32f4xx_hal_ltdc.o
 .text.HAL_PWREx_EnableOverDrive
                0x00000000080436b8       0xa0 ./Core/Drivers/STM32F4xx_HAL_Driver/Src/stm32f4xx_hal_pwr_ex.o
                0x00000000080436b8                HAL_PWREx_EnableOverDrive
 .text.HAL_RCC_OscConfig
                0x0000000008043758      0x4dc ./Core/Drivers/STM32F4xx_HAL_Driver/Src/stm32f4xx_hal_rcc.o
                0x0000000008043758                HAL_RCC_OscConfig
 .text.HAL_RCC_ClockConfig
                0x0000000008043c34      0x1cc ./Core/Drivers/STM32F4xx_HAL_Driver/Src/stm32f4xx_hal_rcc.o
                0x0000000008043c34                HAL_RCC_ClockConfig
 .text.HAL_RCC_GetSysClockFreq
                0x0000000008043e00      0x20c ./Core/Drivers/STM32F4xx_HAL_Driver/Src/stm32f4xx_hal_rcc.o
                0x0000000008043e00                HAL_RCC_GetSysClockFreq
 .text.HAL_RCC_GetHCLKFreq
                0x000000000804400c       0x18 ./Core/Drivers/STM32F4xx_HAL_Driver/Src/stm32f4xx_hal_rcc.o
                0x000000000804400c                HAL_RCC_GetHCLKFreq
 .text.HAL_RCC_GetPCLK1Freq
                0x0000000008044024       0x28 ./Core/Drivers/STM32F4xx_HAL_Driver/Src/stm32f4xx_hal_rcc.o
                0x0000000008044024                HAL_RCC_GetPCLK1Freq
 .text.HAL_RCCEx_PeriphCLKConfig
                0x000000000804404c      0x380 ./Core/Drivers/STM32F4xx_HAL_Driver/Src/stm32f4xx_hal_rcc_ex.o
                0x000000000804404c                HAL_RCCEx_PeriphCLKConfig
 .text.HAL_RNG_Init
                0x00000000080443cc       0x54 ./Core/Drivers/STM32F4xx_HAL_Driver/Src/stm32f4xx_hal_rng.o
                0x00000000080443cc                HAL_RNG_Init
 .text.HAL_RNG_GenerateRandomNumber
                0x0000000008044420       0x9e ./Core/Drivers/STM32F4xx_HAL_Driver/Src/stm32f4xx_hal_rng.o
                0x0000000008044420                HAL_RNG_GenerateRandomNumber
 .text.HAL_SDRAM_Init
                0x00000000080444be       0x68 ./Core/Drivers/STM32F4xx_HAL_Driver/Src/stm32f4xx_hal_sdram.o
                0x00000000080444be                HAL_SDRAM_Init
 .text.HAL_SDRAM_MspInit
                0x0000000008044526       0x14 ./Core/Drivers/STM32F4xx_HAL_Driver/Src/stm32f4xx_hal_sdram.o
                0x0000000008044526                HAL_SDRAM_MspInit
 .text.HAL_SDRAM_SendCommand
                0x000000000804453a       0x56 ./Core/Drivers/STM32F4xx_HAL_Driver/Src/stm32f4xx_hal_sdram.o
                0x000000000804453a                HAL_SDRAM_SendCommand
 .text.HAL_SDRAM_ProgramRefreshRate
                0x0000000008044590       0x40 ./Core/Drivers/STM32F4xx_HAL_Driver/Src/stm32f4xx_hal_sdram.o
                0x0000000008044590                HAL_SDRAM_ProgramRefreshRate
 .text.HAL_SPI_Init
                0x00000000080445d0       0xc8 ./Core/Drivers/STM32F4xx_HAL_Driver/Src/stm32f4xx_hal_spi.o
                0x00000000080445d0                HAL_SPI_Init
 .text.HAL_SPI_DeInit
                0x0000000008044698       0x50 ./Core/Drivers/STM32F4xx_HAL_Driver/Src/stm32f4xx_hal_spi.o
                0x0000000008044698                HAL_SPI_DeInit
 .text.HAL_SPI_Transmit
                0x00000000080446e8      0x268 ./Core/Drivers/STM32F4xx_HAL_Driver/Src/stm32f4xx_hal_spi.o
                0x00000000080446e8                HAL_SPI_Transmit
 .text.HAL_SPI_GetState
                0x0000000008044950       0x1c ./Core/Drivers/STM32F4xx_HAL_Driver/Src/stm32f4xx_hal_spi.o
                0x0000000008044950                HAL_SPI_GetState
 .text.SPI_WaitFlagStateUntilTimeout
                0x000000000804496c       0xd4 ./Core/Drivers/STM32F4xx_HAL_Driver/Src/stm32f4xx_hal_spi.o
 .text.SPI_EndRxTxTransaction
                0x0000000008044a40       0x84 ./Core/Drivers/STM32F4xx_HAL_Driver/Src/stm32f4xx_hal_spi.o
 .text.FMC_SDRAM_Init
                0x0000000008044ac4       0xe6 ./Core/Drivers/STM32F4xx_HAL_Driver/Src/stm32f4xx_ll_fmc.o
                0x0000000008044ac4                FMC_SDRAM_Init
 .text.FMC_SDRAM_Timing_Init
                0x0000000008044baa       0xfe ./Core/Drivers/STM32F4xx_HAL_Driver/Src/stm32f4xx_ll_fmc.o
                0x0000000008044baa                FMC_SDRAM_Timing_Init
 .text.FMC_SDRAM_SendCommand
                0x0000000008044ca8       0x78 ./Core/Drivers/STM32F4xx_HAL_Driver/Src/stm32f4xx_ll_fmc.o
                0x0000000008044ca8                FMC_SDRAM_SendCommand
 .text.FMC_SDRAM_ProgramRefreshRate
                0x0000000008044d20       0x26 ./Core/Drivers/STM32F4xx_HAL_Driver/Src/stm32f4xx_ll_fmc.o
                0x0000000008044d20                FMC_SDRAM_ProgramRefreshRate
 *fill*         0x0000000008044d46        0x2 
 .text.BufferConfig
                0x0000000008044d48       0x24 ./Core/Graphics/GameEngine.o
                0x0000000008044d48                BufferConfig
 .text.DrawSprite
                0x0000000008044d6c      0x1cc ./Core/Graphics/GameEngine.o
                0x0000000008044d6c                DrawSprite
 .text.Grape_frames
                0x0000000008044f38       0x98 ./Core/Graphics/GameEngine.o
                0x0000000008044f38                Grape_frames
 .text.Update_animation
                0x0000000008044fd0       0x76 ./Core/Graphics/GameEngine.o
                0x0000000008044fd0                Update_animation
 .text.collision
                0x0000000008045046       0xb4 ./Core/Graphics/GameEngine.o
                0x0000000008045046                collision
 .text.LTDC_ClkConfig
                0x00000000080450fa       0x34 ./Core/Graphics/gpu.o
 *fill*         0x000000000804512e        0x2 
 .text.GPU_BufferConfig
                0x0000000008045130       0x20 ./Core/Graphics/gpu.o
                0x0000000008045130                GPU_BufferConfig
 .text.InitDisplay
                0x0000000008045150       0x74 ./Core/Graphics/gpu.o
                0x0000000008045150                InitDisplay
 .text.CopyBMP  0x00000000080451c4       0x88 ./Core/Graphics/gpu.o
                0x00000000080451c4                CopyBMP
 .text.Fill_color_buff
                0x000000000804524c       0x84 ./Core/Graphics/gpu.o
                0x000000000804524c                Fill_color_buff
 .text.Draw_Pixel
                0x00000000080452d0       0x68 ./Core/Graphics/gpu.o
                0x00000000080452d0                Draw_Pixel
 .text.renderChr
                0x0000000008045338       0x7c ./Core/Graphics/gpu.o
                0x0000000008045338                renderChr
 .text.renderStr
                0x00000000080453b4       0x58 ./Core/Graphics/gpu.o
                0x00000000080453b4                renderStr
 .text.FlipBuffers
                0x000000000804540c       0x40 ./Core/Graphics/gpu.o
                0x000000000804540c                FlipBuffers
 .text.DMA2D_wait
                0x000000000804544c       0x38 ./Core/Graphics/gpu.o
 .text.clearScreen
                0x0000000008045484       0x4c ./Core/Graphics/gpu.o
                0x0000000008045484                clearScreen
 .text.Fill_Backgroud_Color
                0x00000000080454d0       0x74 ./Core/Graphics/gpu.o
 .text.LTDC_Init
                0x0000000008045544      0x170 ./Core/Graphics/gpu.o
 .text.HAL_DMA2D_MspInit
                0x00000000080456b4       0x44 ./Core/Graphics/gpu.o
                0x00000000080456b4                HAL_DMA2D_MspInit
 .text.HAL_LTDC_MspInit
                0x00000000080456f8      0x21c ./Core/Graphics/gpu.o
                0x00000000080456f8                HAL_LTDC_MspInit
 .text.ili9341_Init
                0x0000000008045914      0x294 ./Core/Graphics/ili9341.o
                0x0000000008045914                ili9341_Init
 .text.ili9341_WriteReg
                0x0000000008045ba8       0x1a ./Core/Graphics/ili9341.o
                0x0000000008045ba8                ili9341_WriteReg
 .text.ili9341_WriteData
                0x0000000008045bc2       0x1a ./Core/Graphics/ili9341.o
                0x0000000008045bc2                ili9341_WriteData
 .text.MCU_Init
                0x0000000008045bdc       0x20 ./Core/HW_specific/MCU_init.o
                0x0000000008045bdc                MCU_Init
 .text.SystemClock_Config
                0x0000000008045bfc       0xe0 ./Core/HW_specific/MCU_init.o
 .text.MX_SPI4_Init
                0x0000000008045cdc       0x6c ./Core/HW_specific/MCU_init.o
 .text.MX_RNG_Init
                0x0000000008045d48       0x28 ./Core/HW_specific/MCU_init.o
 .text.MX_GPIO_Init
                0x0000000008045d70       0x58 ./Core/HW_specific/MCU_init.o
 .text.Error_Handler
                0x0000000008045dc8        0x6 ./Core/HW_specific/MCU_init.o
                0x0000000008045dc8                Error_Handler
 *fill*         0x0000000008045dce        0x2 
 .text.I2Cx_MspInit
                0x0000000008045dd0       0xec ./Core/HW_specific/stm32f429i_discovery.o
 .text.I2Cx_Init
                0x0000000008045ebc       0x64 ./Core/HW_specific/stm32f429i_discovery.o
 .text.I2Cx_WriteData
                0x0000000008045f20       0x54 ./Core/HW_specific/stm32f429i_discovery.o
 .text.I2Cx_ReadData
                0x0000000008045f74       0x58 ./Core/HW_specific/stm32f429i_discovery.o
 .text.I2Cx_ReadBuffer
                0x0000000008045fcc       0x5c ./Core/HW_specific/stm32f429i_discovery.o
 .text.I2Cx_Error
                0x0000000008046028       0x18 ./Core/HW_specific/stm32f429i_discovery.o
 .text.SPIx_Init
                0x0000000008046040       0x74 ./Core/HW_specific/stm32f429i_discovery.o
 .text.SPIx_Write
                0x00000000080460b4       0x3c ./Core/HW_specific/stm32f429i_discovery.o
 .text.SPIx_Error
                0x00000000080460f0       0x18 ./Core/HW_specific/stm32f429i_discovery.o
 .text.SPIx_MspInit
                0x0000000008046108       0x74 ./Core/HW_specific/stm32f429i_discovery.o
 .text.LCD_IO_Init
                0x000000000804617c       0xf0 ./Core/HW_specific/stm32f429i_discovery.o
                0x000000000804617c                LCD_IO_Init
 .text.LCD_IO_WriteData
                0x000000000804626c       0x44 ./Core/HW_specific/stm32f429i_discovery.o
                0x000000000804626c                LCD_IO_WriteData
 .text.LCD_IO_WriteReg
                0x00000000080462b0       0x44 ./Core/HW_specific/stm32f429i_discovery.o
                0x00000000080462b0                LCD_IO_WriteReg
 .text.LCD_Delay
                0x00000000080462f4       0x16 ./Core/HW_specific/stm32f429i_discovery.o
                0x00000000080462f4                LCD_Delay
 .text.IOE_Init
                0x000000000804630a        0xc ./Core/HW_specific/stm32f429i_discovery.o
                0x000000000804630a                IOE_Init
 .text.IOE_Write
                0x0000000008046316       0x26 ./Core/HW_specific/stm32f429i_discovery.o
                0x0000000008046316                IOE_Write
 .text.IOE_Read
                0x000000000804633c       0x26 ./Core/HW_specific/stm32f429i_discovery.o
                0x000000000804633c                IOE_Read
 .text.IOE_ReadMultiple
                0x0000000008046362       0x2e ./Core/HW_specific/stm32f429i_discovery.o
                0x0000000008046362                IOE_ReadMultiple
 .text.IOE_Delay
                0x0000000008046390       0x16 ./Core/HW_specific/stm32f429i_discovery.o
                0x0000000008046390                IOE_Delay
 *fill*         0x00000000080463a6        0x2 
 .text.BSP_SDRAM_Init
                0x00000000080463a8       0xbc ./Core/HW_specific/stm32f429i_discovery_sdram.o
                0x00000000080463a8                BSP_SDRAM_Init
 .text.BSP_SDRAM_Initialization_sequence
                0x0000000008046464       0xc0 ./Core/HW_specific/stm32f429i_discovery_sdram.o
                0x0000000008046464                BSP_SDRAM_Initialization_sequence
 .text.BSP_SDRAM_MspInit
                0x0000000008046524      0x218 ./Core/HW_specific/stm32f429i_discovery_sdram.o
                0x0000000008046524                BSP_SDRAM_MspInit
 .text.HAL_MspInit
                0x000000000804673c       0x58 ./Core/HW_specific/stm32f4xx_hal_msp.o
                0x000000000804673c                HAL_MspInit
 .text.HAL_SPI_MspInit
                0x0000000008046794       0x90 ./Core/HW_specific/stm32f4xx_hal_msp.o
                0x0000000008046794                HAL_SPI_MspInit
 .text.HAL_I2C_MspInit
                0x0000000008046824       0xd4 ./Core/HW_specific/stm32f4xx_hal_msp.o
                0x0000000008046824                HAL_I2C_MspInit
 .text.HAL_RNG_MspInit
                0x00000000080468f8       0x44 ./Core/HW_specific/stm32f4xx_hal_msp.o
                0x00000000080468f8                HAL_RNG_MspInit
 .text.HAL_SPI_MspDeInit
                0x000000000804693c       0x3c ./Core/HW_specific/stm32f4xx_hal_msp.o
                0x000000000804693c                HAL_SPI_MspDeInit
 .text.NMI_Handler
                0x0000000008046978        0xe ./Core/HW_specific/stm32f4xx_it.o
                0x0000000008046978                NMI_Handler
 .text.HardFault_Handler
                0x0000000008046986        0x6 ./Core/HW_specific/stm32f4xx_it.o
                0x0000000008046986                HardFault_Handler
 .text.MemManage_Handler
                0x000000000804698c        0x6 ./Core/HW_specific/stm32f4xx_it.o
                0x000000000804698c                MemManage_Handler
 .text.BusFault_Handler
                0x0000000008046992        0x6 ./Core/HW_specific/stm32f4xx_it.o
                0x0000000008046992                BusFault_Handler
 .text.UsageFault_Handler
                0x0000000008046998        0x6 ./Core/HW_specific/stm32f4xx_it.o
                0x0000000008046998                UsageFault_Handler
 .text.SVC_Handler
                0x000000000804699e        0xe ./Core/HW_specific/stm32f4xx_it.o
                0x000000000804699e                SVC_Handler
 .text.DebugMon_Handler
                0x00000000080469ac        0xe ./Core/HW_specific/stm32f4xx_it.o
                0x00000000080469ac                DebugMon_Handler
 .text.PendSV_Handler
                0x00000000080469ba        0xe ./Core/HW_specific/stm32f4xx_it.o
                0x00000000080469ba                PendSV_Handler
 .text.SysTick_Handler
                0x00000000080469c8        0xc ./Core/HW_specific/stm32f4xx_it.o
                0x00000000080469c8                SysTick_Handler
 .text.SystemInit
                0x00000000080469d4       0x2c ./Core/HW_specific/system_stm32f4xx.o
                0x00000000080469d4                SystemInit
 .text.Rand_num
                0x0000000008046a00       0x28 ./Core/HW_specific/util_spe.o
                0x0000000008046a00                Rand_num
 .text.Reset_Handler
                0x0000000008046a28       0x50 ./Core/HW_specific/Startup/startup_stm32f429zitx.o
                0x0000000008046a28                Reset_Handler
 .text.Default_Handler
                0x0000000008046a78        0x2 ./Core/HW_specific/Startup/startup_stm32f429zitx.o
                0x0000000008046a78                RTC_Alarm_IRQHandler
                0x0000000008046a78                HASH_RNG_IRQHandler
                0x0000000008046a78                EXTI2_IRQHandler
                0x0000000008046a78                TIM8_CC_IRQHandler
                0x0000000008046a78                UART8_IRQHandler
                0x0000000008046a78                SPI4_IRQHandler
                0x0000000008046a78                TIM1_CC_IRQHandler
                0x0000000008046a78                DMA2_Stream5_IRQHandler
                0x0000000008046a78                DMA1_Stream5_IRQHandler
                0x0000000008046a78                PVD_IRQHandler
                0x0000000008046a78                SDIO_IRQHandler
                0x0000000008046a78                TAMP_STAMP_IRQHandler
                0x0000000008046a78                CAN2_RX1_IRQHandler
                0x0000000008046a78                EXTI3_IRQHandler
                0x0000000008046a78                TIM8_TRG_COM_TIM14_IRQHandler
                0x0000000008046a78                TIM1_UP_TIM10_IRQHandler
                0x0000000008046a78                TIM8_UP_TIM13_IRQHandler
                0x0000000008046a78                I2C3_ER_IRQHandler
                0x0000000008046a78                EXTI0_IRQHandler
                0x0000000008046a78                I2C2_EV_IRQHandler
                0x0000000008046a78                DMA1_Stream2_IRQHandler
                0x0000000008046a78                CAN1_RX0_IRQHandler
                0x0000000008046a78                FPU_IRQHandler
                0x0000000008046a78                OTG_HS_WKUP_IRQHandler
                0x0000000008046a78                LTDC_ER_IRQHandler
                0x0000000008046a78                CAN2_SCE_IRQHandler
                0x0000000008046a78                DMA2_Stream2_IRQHandler
                0x0000000008046a78                SPI1_IRQHandler
                0x0000000008046a78                TIM6_DAC_IRQHandler
                0x0000000008046a78                TIM1_BRK_TIM9_IRQHandler
                0x0000000008046a78                DCMI_IRQHandler
                0x0000000008046a78                CAN2_RX0_IRQHandler
                0x0000000008046a78                DMA2_Stream3_IRQHandler
                0x0000000008046a78                USART6_IRQHandler
                0x0000000008046a78                USART3_IRQHandler
                0x0000000008046a78                CAN1_RX1_IRQHandler
                0x0000000008046a78                UART5_IRQHandler
                0x0000000008046a78                DMA2_Stream0_IRQHandler
                0x0000000008046a78                TIM4_IRQHandler
                0x0000000008046a78                I2C1_EV_IRQHandler
                0x0000000008046a78                DMA1_Stream6_IRQHandler
                0x0000000008046a78                DMA1_Stream1_IRQHandler
                0x0000000008046a78                UART4_IRQHandler
                0x0000000008046a78                TIM3_IRQHandler
                0x0000000008046a78                RCC_IRQHandler
                0x0000000008046a78                TIM8_BRK_TIM12_IRQHandler
                0x0000000008046a78                Default_Handler
                0x0000000008046a78                EXTI15_10_IRQHandler
                0x0000000008046a78                ADC_IRQHandler
                0x0000000008046a78                DMA1_Stream7_IRQHandler
                0x0000000008046a78                SPI5_IRQHandler
                0x0000000008046a78                TIM7_IRQHandler
                0x0000000008046a78                CAN2_TX_IRQHandler
                0x0000000008046a78                TIM5_IRQHandler
                0x0000000008046a78                DMA2_Stream7_IRQHandler
                0x0000000008046a78                I2C3_EV_IRQHandler
                0x0000000008046a78                EXTI9_5_IRQHandler
                0x0000000008046a78                RTC_WKUP_IRQHandler
                0x0000000008046a78                LTDC_IRQHandler
                0x0000000008046a78                ETH_WKUP_IRQHandler
                0x0000000008046a78                SPI2_IRQHandler
                0x0000000008046a78                OTG_HS_EP1_IN_IRQHandler
                0x0000000008046a78                DMA1_Stream0_IRQHandler
                0x0000000008046a78                CAN1_TX_IRQHandler
                0x0000000008046a78                EXTI4_IRQHandler
                0x0000000008046a78                ETH_IRQHandler
                0x0000000008046a78                OTG_HS_EP1_OUT_IRQHandler
                0x0000000008046a78                WWDG_IRQHandler
                0x0000000008046a78                SPI6_IRQHandler
                0x0000000008046a78                TIM2_IRQHandler
                0x0000000008046a78                OTG_FS_WKUP_IRQHandler
                0x0000000008046a78                TIM1_TRG_COM_TIM11_IRQHandler
                0x0000000008046a78                OTG_HS_IRQHandler
                0x0000000008046a78                DMA2D_IRQHandler
                0x0000000008046a78                EXTI1_IRQHandler
                0x0000000008046a78                UART7_IRQHandler
                0x0000000008046a78                USART2_IRQHandler
                0x0000000008046a78                I2C2_ER_IRQHandler
                0x0000000008046a78                DMA2_Stream1_IRQHandler
                0x0000000008046a78                CAN1_SCE_IRQHandler
                0x0000000008046a78                FLASH_IRQHandler
                0x0000000008046a78                DMA2_Stream4_IRQHandler
                0x0000000008046a78                USART1_IRQHandler
                0x0000000008046a78                OTG_FS_IRQHandler
                0x0000000008046a78                SPI3_IRQHandler
                0x0000000008046a78                DMA1_Stream4_IRQHandler
                0x0000000008046a78                I2C1_ER_IRQHandler
                0x0000000008046a78                FMC_IRQHandler
                0x0000000008046a78                DMA2_Stream6_IRQHandler
                0x0000000008046a78                SAI1_IRQHandler
                0x0000000008046a78                DMA1_Stream3_IRQHandler
 *fill*         0x0000000008046a7a        0x2 
 .text.GamePad_Init
                0x0000000008046a7c       0x6c ./Core/Input/gamepad.o
                0x0000000008046a7c                GamePad_Init
 .text.GamePad_Read
                0x0000000008046ae8       0xe8 ./Core/Input/gamepad.o
                0x0000000008046ae8                GamePad_Read
 .text.ReadCurrentState
                0x0000000008046bd0       0xa0 ./Core/Input/gamepad.o
 .text.stmpe811_Init
                0x0000000008046c70       0x50 ./Core/Input/stmpe811.o
                0x0000000008046c70                stmpe811_Init
 .text.stmpe811_Reset
                0x0000000008046cc0       0x3a ./Core/Input/stmpe811.o
                0x0000000008046cc0                stmpe811_Reset
 .text.stmpe811_IO_EnableAF
                0x0000000008046cfa       0x48 ./Core/Input/stmpe811.o
                0x0000000008046cfa                stmpe811_IO_EnableAF
 .text.stmpe811_TS_Start
                0x0000000008046d42       0xf0 ./Core/Input/stmpe811.o
                0x0000000008046d42                stmpe811_TS_Start
 .text.stmpe811_TS_DetectTouch
                0x0000000008046e32       0x70 ./Core/Input/stmpe811.o
                0x0000000008046e32                stmpe811_TS_DetectTouch
 .text.stmpe811_TS_GetXY
                0x0000000008046ea2       0x72 ./Core/Input/stmpe811.o
                0x0000000008046ea2                stmpe811_TS_GetXY
 .text.stmpe811_GetInstance
                0x0000000008046f14       0x44 ./Core/Input/stmpe811.o
 .text.touchpad_init
                0x0000000008046f58       0x14 ./Core/Input/touchpad.o
                0x0000000008046f58                touchpad_init
 .text.touchpad_read
                0x0000000008046f6c       0x74 ./Core/Input/touchpad.o
                0x0000000008046f6c                touchpad_read
 .text.touchpad_get_xy
                0x0000000008046fe0      0x15c ./Core/Input/touchpad.o
 .text.Init_TrigoTables
                0x000000000804713c       0xd4 ./Core/Math/Math_lib.o
                0x000000000804713c                Init_TrigoTables
 .text.Fast_Sin
                0x0000000008047210       0xc8 ./Core/Math/Math_lib.o
                0x0000000008047210                Fast_Sin
 .text.Fast_Cos
                0x00000000080472d8       0xc8 ./Core/Math/Math_lib.o
                0x00000000080472d8                Fast_Cos
 .text.umm_blocks
                0x00000000080473a0       0x40 ./Core/Mem_manger/umm_malloc.o
 .text.umm_split_block
                0x00000000080473e0       0x9c ./Core/Mem_manger/umm_malloc.o
 .text.umm_disconnect_from_free_list
                0x000000000804747c       0x88 ./Core/Mem_manger/umm_malloc.o
 .text.umm_init_heap
                0x0000000008047504       0xac ./Core/Mem_manger/umm_malloc.o
                0x0000000008047504                umm_init_heap
 .text.umm_init
                0x00000000080475b0       0x1c ./Core/Mem_manger/umm_malloc.o
                0x00000000080475b0                umm_init
 .text.umm_malloc_core
                0x00000000080475cc      0x170 ./Core/Mem_manger/umm_malloc.o
 .text.umm_malloc
                0x000000000804773c       0x28 ./Core/Mem_manger/umm_malloc.o
                0x000000000804773c                umm_malloc
 .text.SCH_AddHandlerTable
                0x0000000008047764       0x2c ./Core/Scheduler/Scheduler.o
                0x0000000008047764                SCH_AddHandlerTable
 .text.SCH_Dispatch
                0x0000000008047790       0xb8 ./Core/Scheduler/Scheduler.o
                0x0000000008047790                SCH_Dispatch
 .text.Get_AuxiliaryStatus
                0x0000000008047848       0x14 ./Core/Util/auxiliary.o
                0x0000000008047848                Get_AuxiliaryStatus
 .text.main     0x000000000804785c       0x34 ./Game/game.o
                0x000000000804785c                main
 .text.game_main
                0x0000000008047890       0xec ./Game/game.o
                0x0000000008047890                game_main
 .text.Init_backGround
                0x000000000804797c       0x44 ./Game/game.o
                0x000000000804797c                Init_backGround
 .text.GamePad_InputsUpdate
                0x00000000080479c0       0x28 ./Game/game.o
                0x00000000080479c0                GamePad_InputsUpdate
 .text.TouchPad_InputsUpdate
                0x00000000080479e8       0x44 ./Game/game.o
                0x00000000080479e8                TouchPad_InputsUpdate
 .text.Asteriod_Init
                0x0000000008047a2c      0x264 ./Game/game.o
                0x0000000008047a2c                Asteriod_Init
 .text.Asteriod_update
                0x0000000008047c90       0xb8 ./Game/game.o
                0x0000000008047c90                Asteriod_update
 .text.fire     0x0000000008047d48      0x134 ./Game/game.o
                0x0000000008047d48                fire
 .text.Bullet_update
                0x0000000008047e7c       0xa8 ./Game/game.o
                0x0000000008047e7c                Bullet_update
 .text.Explosion_Init
                0x0000000008047f24       0xe0 ./Game/game.o
                0x0000000008047f24                Explosion_Init
 .text.Explode  0x0000000008048004       0x22 ./Game/game.o
                0x0000000008048004                Explode
 *fill*         0x0000000008048026        0x2 
 .text.Ship_Init
                0x0000000008048028       0xd0 ./Game/game.o
                0x0000000008048028                Ship_Init
 .text.ship_test
                0x00000000080480f8      0x524 ./Game/game.o
                0x00000000080480f8                ship_test
 .text.__errno  0x000000000804861c        0xc c:/st/stm32cubeide_1.4.0/stm32cubeide/plugins/com.st.stm32cube.ide.mcu.externaltools.gnu-tools-for-stm32.10.3-2021.10.win32_1.0.0.202111181127/tools/bin/../lib/gcc/arm-none-eabi/10.3.1/../../../../arm-none-eabi/lib/thumb/v7e-m+fp/hard\libc_nano.a(lib_a-errno.o)
                0x000000000804861c                __errno
 .text.__libc_init_array
                0x0000000008048628       0x48 c:/st/stm32cubeide_1.4.0/stm32cubeide/plugins/com.st.stm32cube.ide.mcu.externaltools.gnu-tools-for-stm32.10.3-2021.10.win32_1.0.0.202111181127/tools/bin/../lib/gcc/arm-none-eabi/10.3.1/../../../../arm-none-eabi/lib/thumb/v7e-m+fp/hard\libc_nano.a(lib_a-init.o)
                0x0000000008048628                __libc_init_array
 .text.memcpy   0x0000000008048670       0x1c c:/st/stm32cubeide_1.4.0/stm32cubeide/plugins/com.st.stm32cube.ide.mcu.externaltools.gnu-tools-for-stm32.10.3-2021.10.win32_1.0.0.202111181127/tools/bin/../lib/gcc/arm-none-eabi/10.3.1/../../../../arm-none-eabi/lib/thumb/v7e-m+fp/hard\libc_nano.a(lib_a-memcpy-stub.o)
                0x0000000008048670                memcpy
 .text.memset   0x000000000804868c       0x10 c:/st/stm32cubeide_1.4.0/stm32cubeide/plugins/com.st.stm32cube.ide.mcu.externaltools.gnu-tools-for-stm32.10.3-2021.10.win32_1.0.0.202111181127/tools/bin/../lib/gcc/arm-none-eabi/10.3.1/../../../../arm-none-eabi/lib/thumb/v7e-m+fp/hard\libc_nano.a(lib_a-memset.o)
                0x000000000804868c                memset
 *fill*         0x000000000804869c        0x4 
 .text.cos      0x00000000080486a0       0xa8 c:/st/stm32cubeide_1.4.0/stm32cubeide/plugins/com.st.stm32cube.ide.mcu.externaltools.gnu-tools-for-stm32.10.3-2021.10.win32_1.0.0.202111181127/tools/bin/../lib/gcc/arm-none-eabi/10.3.1/../../../../arm-none-eabi/lib/thumb/v7e-m+fp/hard\libm.a(lib_a-s_cos.o)
                0x00000000080486a0                cos
 .text.sin      0x0000000008048748       0xb0 c:/st/stm32cubeide_1.4.0/stm32cubeide/plugins/com.st.stm32cube.ide.mcu.externaltools.gnu-tools-for-stm32.10.3-2021.10.win32_1.0.0.202111181127/tools/bin/../lib/gcc/arm-none-eabi/10.3.1/../../../../arm-none-eabi/lib/thumb/v7e-m+fp/hard\libm.a(lib_a-s_sin.o)
                0x0000000008048748                sin
 .text.fmod     0x00000000080487f8       0x5c c:/st/stm32cubeide_1.4.0/stm32cubeide/plugins/com.st.stm32cube.ide.mcu.externaltools.gnu-tools-for-stm32.10.3-2021.10.win32_1.0.0.202111181127/tools/bin/../lib/gcc/arm-none-eabi/10.3.1/../../../../arm-none-eabi/lib/thumb/v7e-m+fp/hard\libm.a(lib_a-w_fmod.o)
                0x00000000080487f8                fmod
 .text.__ieee754_fmod
                0x0000000008048854      0x224 c:/st/stm32cubeide_1.4.0/stm32cubeide/plugins/com.st.stm32cube.ide.mcu.externaltools.gnu-tools-for-stm32.10.3-2021.10.win32_1.0.0.202111181127/tools/bin/../lib/gcc/arm-none-eabi/10.3.1/../../../../arm-none-eabi/lib/thumb/v7e-m+fp/hard\libm.a(lib_a-e_fmod.o)
                0x0000000008048854                __ieee754_fmod
 .text.__ieee754_rem_pio2
                0x0000000008048a78      0x418 c:/st/stm32cubeide_1.4.0/stm32cubeide/plugins/com.st.stm32cube.ide.mcu.externaltools.gnu-tools-for-stm32.10.3-2021.10.win32_1.0.0.202111181127/tools/bin/../lib/gcc/arm-none-eabi/10.3.1/../../../../arm-none-eabi/lib/thumb/v7e-m+fp/hard\libm.a(lib_a-e_rem_pio2.o)
                0x0000000008048a78                __ieee754_rem_pio2
 .text.__kernel_cos
                0x0000000008048e90      0x18c c:/st/stm32cubeide_1.4.0/stm32cubeide/plugins/com.st.stm32cube.ide.mcu.externaltools.gnu-tools-for-stm32.10.3-2021.10.win32_1.0.0.202111181127/tools/bin/../lib/gcc/arm-none-eabi/10.3.1/../../../../arm-none-eabi/lib/thumb/v7e-m+fp/hard\libm.a(lib_a-k_cos.o)
                0x0000000008048e90                __kernel_cos
 *fill*         0x000000000804901c        0x4 
 .text.__kernel_rem_pio2
                0x0000000008049020      0x69c c:/st/stm32cubeide_1.4.0/stm32cubeide/plugins/com.st.stm32cube.ide.mcu.externaltools.gnu-tools-for-stm32.10.3-2021.10.win32_1.0.0.202111181127/tools/bin/../lib/gcc/arm-none-eabi/10.3.1/../../../../arm-none-eabi/lib/thumb/v7e-m+fp/hard\libm.a(lib_a-k_rem_pio2.o)
                0x0000000008049020                __kernel_rem_pio2
 *fill*         0x00000000080496bc        0x4 
 .text.__kernel_sin
                0x00000000080496c0      0x17c c:/st/stm32cubeide_1.4.0/stm32cubeide/plugins/com.st.stm32cube.ide.mcu.externaltools.gnu-tools-for-stm32.10.3-2021.10.win32_1.0.0.202111181127/tools/bin/../lib/gcc/arm-none-eabi/10.3.1/../../../../arm-none-eabi/lib/thumb/v7e-m+fp/hard\libm.a(lib_a-k_sin.o)
                0x00000000080496c0                __kernel_sin
 .text.fabs     0x000000000804983c       0x12 c:/st/stm32cubeide_1.4.0/stm32cubeide/plugins/com.st.stm32cube.ide.mcu.externaltools.gnu-tools-for-stm32.10.3-2021.10.win32_1.0.0.202111181127/tools/bin/../lib/gcc/arm-none-eabi/10.3.1/../../../../arm-none-eabi/lib/thumb/v7e-m+fp/hard\libm.a(lib_a-s_fabs.o)
                0x000000000804983c                fabs
 *fill*         0x000000000804984e        0x2 
 .text.floor    0x0000000008049850      0x100 c:/st/stm32cubeide_1.4.0/stm32cubeide/plugins/com.st.stm32cube.ide.mcu.externaltools.gnu-tools-for-stm32.10.3-2021.10.win32_1.0.0.202111181127/tools/bin/../lib/gcc/arm-none-eabi/10.3.1/../../../../arm-none-eabi/lib/thumb/v7e-m+fp/hard\libm.a(lib_a-s_floor.o)
                0x0000000008049850                floor
 .text.scalbn   0x0000000008049950      0x10c c:/st/stm32cubeide_1.4.0/stm32cubeide/plugins/com.st.stm32cube.ide.mcu.externaltools.gnu-tools-for-stm32.10.3-2021.10.win32_1.0.0.202111181127/tools/bin/../lib/gcc/arm-none-eabi/10.3.1/../../../../arm-none-eabi/lib/thumb/v7e-m+fp/hard\libm.a(lib_a-s_scalbn.o)
                0x0000000008049950                scalbn
 *(.glue_7)
 .glue_7        0x0000000008049a5c        0x0 linker stubs
 *(.glue_7t)
 .glue_7t       0x0000000008049a5c        0x0 linker stubs
 *(.eh_frame)
 .eh_frame      0x0000000008049a5c        0x0 c:/st/stm32cubeide_1.4.0/stm32cubeide/plugins/com.st.stm32cube.ide.mcu.externaltools.gnu-tools-for-stm32.10.3-2021.10.win32_1.0.0.202111181127/tools/bin/../lib/gcc/arm-none-eabi/10.3.1/thumb/v7e-m+fp/hard/crtbegin.o
 *(.init)
 .init          0x0000000008049a5c        0x4 c:/st/stm32cubeide_1.4.0/stm32cubeide/plugins/com.st.stm32cube.ide.mcu.externaltools.gnu-tools-for-stm32.10.3-2021.10.win32_1.0.0.202111181127/tools/bin/../lib/gcc/arm-none-eabi/10.3.1/thumb/v7e-m+fp/hard/crti.o
                0x0000000008049a5c                _init
 .init          0x0000000008049a60        0x8 c:/st/stm32cubeide_1.4.0/stm32cubeide/plugins/com.st.stm32cube.ide.mcu.externaltools.gnu-tools-for-stm32.10.3-2021.10.win32_1.0.0.202111181127/tools/bin/../lib/gcc/arm-none-eabi/10.3.1/thumb/v7e-m+fp/hard/crtn.o
 *(.fini)
 .fini          0x0000000008049a68        0x4 c:/st/stm32cubeide_1.4.0/stm32cubeide/plugins/com.st.stm32cube.ide.mcu.externaltools.gnu-tools-for-stm32.10.3-2021.10.win32_1.0.0.202111181127/tools/bin/../lib/gcc/arm-none-eabi/10.3.1/thumb/v7e-m+fp/hard/crti.o
                0x0000000008049a68                _fini
 .fini          0x0000000008049a6c        0x8 c:/st/stm32cubeide_1.4.0/stm32cubeide/plugins/com.st.stm32cube.ide.mcu.externaltools.gnu-tools-for-stm32.10.3-2021.10.win32_1.0.0.202111181127/tools/bin/../lib/gcc/arm-none-eabi/10.3.1/thumb/v7e-m+fp/hard/crtn.o
                0x0000000008049a74                . = ALIGN (0x4)
                0x0000000008049a74                _etext = .

.vfp11_veneer   0x0000000008049a74        0x0
 .vfp11_veneer  0x0000000008049a74        0x0 linker stubs

.v4_bx          0x0000000008049a74        0x0
 .v4_bx         0x0000000008049a74        0x0 linker stubs

.iplt           0x0000000008049a74        0x0
 .iplt          0x0000000008049a74        0x0 c:/st/stm32cubeide_1.4.0/stm32cubeide/plugins/com.st.stm32cube.ide.mcu.externaltools.gnu-tools-for-stm32.10.3-2021.10.win32_1.0.0.202111181127/tools/bin/../lib/gcc/arm-none-eabi/10.3.1/thumb/v7e-m+fp/hard/crtbegin.o

.rodata         0x0000000008049a78    0x37778
                0x0000000008049a78                . = ALIGN (0x4)
 *(.rodata)
 .rodata        0x0000000008049a78       0x2f ./Game/game.o
 *(.rodata*)
 *fill*         0x0000000008049aa7        0x1 
 .rodata.flagBitshiftOffset.0
                0x0000000008049aa8        0x8 ./Core/Drivers/STM32F4xx_HAL_Driver/Src/stm32f4xx_hal_dma.o
 .rodata.font8x8
                0x0000000008049ab0      0x2f8 ./Core/Graphics/gpu.o
                0x0000000008049ab0                font8x8
 .rodata.AHBPrescTable
                0x0000000008049da8       0x10 ./Core/HW_specific/system_stm32f4xx.o
                0x0000000008049da8                AHBPrescTable
 .rodata.APBPrescTable
                0x0000000008049db8        0x8 ./Core/HW_specific/system_stm32f4xx.o
                0x0000000008049db8                APBPrescTable
 .rodata.image_explosion
                0x0000000008049dc0     0x2628 ./Game/game.o
 .rodata.image_spaceship
                0x000000000804c3e8     0x7400 ./Game/game.o
 .rodata.image_bullet
                0x00000000080537e8       0x20 ./Game/game.o
 .rodata.image_bigastr
                0x0000000008053808     0x8000 ./Game/game.o
 .rodata.AST_background
                0x000000000805b808    0x25800 ./Game/game.o
 .rodata.Zero   0x0000000008081008       0x10 c:/st/stm32cubeide_1.4.0/stm32cubeide/plugins/com.st.stm32cube.ide.mcu.externaltools.gnu-tools-for-stm32.10.3-2021.10.win32_1.0.0.202111181127/tools/bin/../lib/gcc/arm-none-eabi/10.3.1/../../../../arm-none-eabi/lib/thumb/v7e-m+fp/hard\libm.a(lib_a-e_fmod.o)
 .rodata.npio2_hw
                0x0000000008081018       0x80 c:/st/stm32cubeide_1.4.0/stm32cubeide/plugins/com.st.stm32cube.ide.mcu.externaltools.gnu-tools-for-stm32.10.3-2021.10.win32_1.0.0.202111181127/tools/bin/../lib/gcc/arm-none-eabi/10.3.1/../../../../arm-none-eabi/lib/thumb/v7e-m+fp/hard\libm.a(lib_a-e_rem_pio2.o)
 .rodata.two_over_pi
                0x0000000008081098      0x108 c:/st/stm32cubeide_1.4.0/stm32cubeide/plugins/com.st.stm32cube.ide.mcu.externaltools.gnu-tools-for-stm32.10.3-2021.10.win32_1.0.0.202111181127/tools/bin/../lib/gcc/arm-none-eabi/10.3.1/../../../../arm-none-eabi/lib/thumb/v7e-m+fp/hard\libm.a(lib_a-e_rem_pio2.o)
 .rodata.PIo2   0x00000000080811a0       0x40 c:/st/stm32cubeide_1.4.0/stm32cubeide/plugins/com.st.stm32cube.ide.mcu.externaltools.gnu-tools-for-stm32.10.3-2021.10.win32_1.0.0.202111181127/tools/bin/../lib/gcc/arm-none-eabi/10.3.1/../../../../arm-none-eabi/lib/thumb/v7e-m+fp/hard\libm.a(lib_a-k_rem_pio2.o)
 .rodata.init_jk
                0x00000000080811e0       0x10 c:/st/stm32cubeide_1.4.0/stm32cubeide/plugins/com.st.stm32cube.ide.mcu.externaltools.gnu-tools-for-stm32.10.3-2021.10.win32_1.0.0.202111181127/tools/bin/../lib/gcc/arm-none-eabi/10.3.1/../../../../arm-none-eabi/lib/thumb/v7e-m+fp/hard\libm.a(lib_a-k_rem_pio2.o)
                0x00000000080811f0                . = ALIGN (0x4)

.ARM.extab      0x00000000080811f0        0x0
                0x00000000080811f0                . = ALIGN (0x4)
 *(.ARM.extab* .gnu.linkonce.armextab.*)
                0x00000000080811f0                . = ALIGN (0x4)

.ARM            0x00000000080811f0        0x8
                0x00000000080811f0                . = ALIGN (0x4)
                0x00000000080811f0                __exidx_start = .
 *(.ARM.exidx*)
 .ARM.exidx     0x00000000080811f0        0x8 c:/st/stm32cubeide_1.4.0/stm32cubeide/plugins/com.st.stm32cube.ide.mcu.externaltools.gnu-tools-for-stm32.10.3-2021.10.win32_1.0.0.202111181127/tools/bin/../lib/gcc/arm-none-eabi/10.3.1/thumb/v7e-m+fp/hard\libgcc.a(_udivmoddi4.o)
                0x00000000080811f8                __exidx_end = .
                0x00000000080811f8                . = ALIGN (0x4)

.rel.dyn        0x00000000080811f8        0x0
 .rel.iplt      0x00000000080811f8        0x0 c:/st/stm32cubeide_1.4.0/stm32cubeide/plugins/com.st.stm32cube.ide.mcu.externaltools.gnu-tools-for-stm32.10.3-2021.10.win32_1.0.0.202111181127/tools/bin/../lib/gcc/arm-none-eabi/10.3.1/thumb/v7e-m+fp/hard/crtbegin.o

.preinit_array  0x00000000080811f8        0x0
                0x00000000080811f8                . = ALIGN (0x4)
                0x00000000080811f8                PROVIDE (__preinit_array_start = .)
 *(.preinit_array*)
                0x00000000080811f8                PROVIDE (__preinit_array_end = .)
                0x00000000080811f8                . = ALIGN (0x4)

.init_array     0x00000000080811f8        0x4
                0x00000000080811f8                . = ALIGN (0x4)
                0x00000000080811f8                PROVIDE (__init_array_start = .)
 *(SORT_BY_NAME(.init_array.*))
 *(.init_array*)
 .init_array    0x00000000080811f8        0x4 c:/st/stm32cubeide_1.4.0/stm32cubeide/plugins/com.st.stm32cube.ide.mcu.externaltools.gnu-tools-for-stm32.10.3-2021.10.win32_1.0.0.202111181127/tools/bin/../lib/gcc/arm-none-eabi/10.3.1/thumb/v7e-m+fp/hard/crtbegin.o
                0x00000000080811fc                PROVIDE (__init_array_end = .)
                0x00000000080811fc                . = ALIGN (0x4)

.fini_array     0x00000000080811fc        0x4
                0x00000000080811fc                . = ALIGN (0x4)
                [!provide]                        PROVIDE (__fini_array_start = .)
 *(SORT_BY_NAME(.fini_array.*))
 *(.fini_array*)
 .fini_array    0x00000000080811fc        0x4 c:/st/stm32cubeide_1.4.0/stm32cubeide/plugins/com.st.stm32cube.ide.mcu.externaltools.gnu-tools-for-stm32.10.3-2021.10.win32_1.0.0.202111181127/tools/bin/../lib/gcc/arm-none-eabi/10.3.1/thumb/v7e-m+fp/hard/crtbegin.o
                [!provide]                        PROVIDE (__fini_array_end = .)
                0x0000000008081200                . = ALIGN (0x4)
                0x0000000008081200                _sidata = LOADADDR (.data)

.data           0x0000000020000000       0xa4 load address 0x0000000008081200
                0x0000000020000000                . = ALIGN (0x4)
                0x0000000020000000                _sdata = .
 *(.data)
 *(.data*)
 .data.uwTickPrio
                0x0000000020000000        0x4 ./Core/Drivers/STM32F4xx_HAL_Driver/Src/stm32f4xx_hal.o
                0x0000000020000000                uwTickPrio
 .data.uwTickFreq
                0x0000000020000004        0x1 ./Core/Drivers/STM32F4xx_HAL_Driver/Src/stm32f4xx_hal.o
                0x0000000020000004                uwTickFreq
 .data.buffering
                0x0000000020000005        0x1 ./Core/Graphics/GameEngine.o
 .data.Dbuff    0x0000000020000006        0x1 ./Core/Graphics/gpu.o
 *fill*         0x0000000020000007        0x1 
 .data.I2cxTimeout
                0x0000000020000008        0x4 ./Core/HW_specific/stm32f429i_discovery.o
                0x0000000020000008                I2cxTimeout
 .data.SpixTimeout
                0x000000002000000c        0x4 ./Core/HW_specific/stm32f429i_discovery.o
                0x000000002000000c                SpixTimeout
 .data.sdramstatus.2
                0x0000000020000010        0x1 ./Core/HW_specific/stm32f429i_discovery_sdram.o
 *fill*         0x0000000020000011        0x3 
 .data.SystemCoreClock
                0x0000000020000014        0x4 ./Core/HW_specific/system_stm32f4xx.o
                0x0000000020000014                SystemCoreClock
 .data.UMM_MALLOC_CFG_HEAP_ADDR
                0x0000000020000018        0x4 ./Core/Mem_manger/umm_malloc.o
 .data.tskArray.8
                0x000000002000001c       0x24 ./Game/game.o
 .data._impure_ptr
                0x0000000020000040        0x4 c:/st/stm32cubeide_1.4.0/stm32cubeide/plugins/com.st.stm32cube.ide.mcu.externaltools.gnu-tools-for-stm32.10.3-2021.10.win32_1.0.0.202111181127/tools/bin/../lib/gcc/arm-none-eabi/10.3.1/../../../../arm-none-eabi/lib/thumb/v7e-m+fp/hard\libc_nano.a(lib_a-impure.o)
                0x0000000020000040                _impure_ptr
 .data.impure_data
                0x0000000020000044       0x60 c:/st/stm32cubeide_1.4.0/stm32cubeide/plugins/com.st.stm32cube.ide.mcu.externaltools.gnu-tools-for-stm32.10.3-2021.10.win32_1.0.0.202111181127/tools/bin/../lib/gcc/arm-none-eabi/10.3.1/../../../../arm-none-eabi/lib/thumb/v7e-m+fp/hard\libc_nano.a(lib_a-impure.o)
                0x00000000200000a4                . = ALIGN (0x4)
                0x00000000200000a4                _edata = .

.igot.plt       0x00000000200000a4        0x0 load address 0x00000000080812a4
 .igot.plt      0x00000000200000a4        0x0 c:/st/stm32cubeide_1.4.0/stm32cubeide/plugins/com.st.stm32cube.ide.mcu.externaltools.gnu-tools-for-stm32.10.3-2021.10.win32_1.0.0.202111181127/tools/bin/../lib/gcc/arm-none-eabi/10.3.1/thumb/v7e-m+fp/hard/crtbegin.o
                0x00000000200000a4                . = ALIGN (0x4)

.bss            0x00000000200000a4     0x6014 load address 0x00000000080812a4
                0x00000000200000a4                _sbss = .
                0x00000000200000a4                __bss_start__ = _sbss
 *(.bss)
 .bss           0x00000000200000a4       0x1c c:/st/stm32cubeide_1.4.0/stm32cubeide/plugins/com.st.stm32cube.ide.mcu.externaltools.gnu-tools-for-stm32.10.3-2021.10.win32_1.0.0.202111181127/tools/bin/../lib/gcc/arm-none-eabi/10.3.1/thumb/v7e-m+fp/hard/crtbegin.o
 *(.bss*)
 .bss.uwTick    0x00000000200000c0        0x4 ./Core/Drivers/STM32F4xx_HAL_Driver/Src/stm32f4xx_hal.o
                0x00000000200000c0                uwTick
 .bss.hltdc     0x00000000200000c4       0xa8 ./Core/Graphics/gpu.o
 .bss.hdma2d    0x000000002000016c       0x40 ./Core/Graphics/gpu.o
 .bss.background
                0x00000000200001ac       0x10 ./Core/Graphics/gpu.o
 .bss.disp      0x00000000200001bc       0x10 ./Core/Graphics/gpu.o
                0x00000000200001bc                disp
 .bss.hspi4     0x00000000200001cc       0x58 ./Core/HW_specific/MCU_init.o
                0x00000000200001cc                hspi4
 .bss.hrng      0x0000000020000224       0x10 ./Core/HW_specific/MCU_init.o
                0x0000000020000224                hrng
 .bss.I2cHandle
                0x0000000020000234       0x54 ./Core/HW_specific/stm32f429i_discovery.o
                0x0000000020000234                I2cHandle
 .bss.SpiHandle
                0x0000000020000288       0x58 ./Core/HW_specific/stm32f429i_discovery.o
 .bss.Is_LCD_IO_Initialized
                0x00000000200002e0        0x1 ./Core/HW_specific/stm32f429i_discovery.o
 *fill*         0x00000000200002e1        0x3 
 .bss.SdramHandle
                0x00000000200002e4       0x34 ./Core/HW_specific/stm32f429i_discovery_sdram.o
 .bss.Timing    0x0000000020000318       0x1c ./Core/HW_specific/stm32f429i_discovery_sdram.o
 .bss.Command   0x0000000020000334       0x10 ./Core/HW_specific/stm32f429i_discovery_sdram.o
 .bss.dmaHandle.1
                0x0000000020000344       0x60 ./Core/HW_specific/stm32f429i_discovery_sdram.o
 .bss.GamePad   0x00000000200003a4        0xc ./Core/Input/gamepad.o
 .bss.stmpe811  0x00000000200003b0        0x2 ./Core/Input/stmpe811.o
                0x00000000200003b0                stmpe811
 *fill*         0x00000000200003b2        0x2 
 .bss.TC_status
                0x00000000200003b4        0x6 ./Core/Input/touchpad.o
 .bss.last_x.3  0x00000000200003ba        0x2 ./Core/Input/touchpad.o
 .bss.last_y.2  0x00000000200003bc        0x2 ./Core/Input/touchpad.o
 *fill*         0x00000000200003be        0x2 
 .bss._x.1      0x00000000200003c0        0x4 ./Core/Input/touchpad.o
 .bss._y.0      0x00000000200003c4        0x4 ./Core/Input/touchpad.o
 .bss.Sin_table
                0x00000000200003c8      0x5a0 ./Core/Math/Math_lib.o
 .bss.Cos_table
                0x0000000020000968      0x5a0 ./Core/Math/Math_lib.o
 .bss.umm_heap_current
                0x0000000020000f08        0xc ./Core/Mem_manger/umm_malloc.o
                0x0000000020000f08                umm_heap_current
 .bss.TasksTable
                0x0000000020000f14        0x4 ./Core/Scheduler/Scheduler.o
 .bss.TableSize
                0x0000000020000f18        0x1 ./Core/Scheduler/Scheduler.o
 *fill*         0x0000000020000f19        0x3 
 .bss.aux_var   0x0000000020000f1c        0x4 ./Core/Util/auxiliary.o
 .bss.BackGround
                0x0000000020000f20      0x150 ./Game/game.o
                0x0000000020000f20                BackGround
 .bss.Ship      0x0000000020001070      0x150 ./Game/game.o
                0x0000000020001070                Ship
 .bss.BigAStr   0x00000000200011c0      0x690 ./Game/game.o
                0x00000000200011c0                BigAStr
 .bss.bullet    0x0000000020001850     0x41a0 ./Game/game.o
                0x0000000020001850                bullet
 .bss.Explo     0x00000000200059f0      0x690 ./Game/game.o
                0x00000000200059f0                Explo
 .bss.state     0x0000000020006080        0x1 ./Game/game.o
                0x0000000020006080                state
 *fill*         0x0000000020006081        0x3 
 .bss.GamePad   0x0000000020006084        0xc ./Game/game.o
                0x0000000020006084                GamePad
 .bss.tc        0x0000000020006090        0x6 ./Game/game.o
                0x0000000020006090                tc
 *fill*         0x0000000020006096        0x2 
 .bss.score     0x0000000020006098        0x4 ./Game/game.o
                0x0000000020006098                score
 .bss.lft_cnt.7
                0x000000002000609c        0x4 ./Game/game.o
 .bss.i.6       0x00000000200060a0        0x4 ./Game/game.o
 .bss.rgt_cnt.5
                0x00000000200060a4        0x4 ./Game/game.o
 .bss.up_cnt.4  0x00000000200060a8        0x4 ./Game/game.o
 .bss.fire_pressed.3
                0x00000000200060ac        0x4 ./Game/game.o
 .bss.fire_cnt.2
                0x00000000200060b0        0x4 ./Game/game.o
 .bss.expl_cnt.1
                0x00000000200060b4        0x4 ./Game/game.o
 *(COMMON)
                0x00000000200060b8                . = ALIGN (0x4)
                0x00000000200060b8                _ebss = .
                0x00000000200060b8                __bss_end__ = _ebss

._user_heap_stack
                0x00000000200060b8      0x600 load address 0x00000000080812a4
                0x00000000200060b8                . = ALIGN (0x8)
                [!provide]                        PROVIDE (end = .)
                0x00000000200060b8                PROVIDE (_end = .)
                0x00000000200062b8                . = (. + _Min_Heap_Size)
 *fill*         0x00000000200060b8      0x200 
                0x00000000200066b8                . = (. + _Min_Stack_Size)
 *fill*         0x00000000200062b8      0x400 
                0x00000000200066b8                . = ALIGN (0x8)

/DISCARD/
 libc.a(*)
 libm.a(*)
 libgcc.a(*)

.ARM.attributes
                0x0000000000000000       0x30
 *(.ARM.attributes)
 .ARM.attributes
                0x0000000000000000       0x1e c:/st/stm32cubeide_1.4.0/stm32cubeide/plugins/com.st.stm32cube.ide.mcu.externaltools.gnu-tools-for-stm32.10.3-2021.10.win32_1.0.0.202111181127/tools/bin/../lib/gcc/arm-none-eabi/10.3.1/thumb/v7e-m+fp/hard/crti.o
 .ARM.attributes
                0x000000000000001e       0x34 c:/st/stm32cubeide_1.4.0/stm32cubeide/plugins/com.st.stm32cube.ide.mcu.externaltools.gnu-tools-for-stm32.10.3-2021.10.win32_1.0.0.202111181127/tools/bin/../lib/gcc/arm-none-eabi/10.3.1/thumb/v7e-m+fp/hard/crtbegin.o
 .ARM.attributes
                0x0000000000000052       0x34 ./Core/Drivers/STM32F4xx_HAL_Driver/Src/stm32f4xx_hal.o
 .ARM.attributes
                0x0000000000000086       0x34 ./Core/Drivers/STM32F4xx_HAL_Driver/Src/stm32f4xx_hal_cortex.o
 .ARM.attributes
                0x00000000000000ba       0x34 ./Core/Drivers/STM32F4xx_HAL_Driver/Src/stm32f4xx_hal_dma.o
 .ARM.attributes
                0x00000000000000ee       0x34 ./Core/Drivers/STM32F4xx_HAL_Driver/Src/stm32f4xx_hal_dma2d.o
 .ARM.attributes
                0x0000000000000122       0x34 ./Core/Drivers/STM32F4xx_HAL_Driver/Src/stm32f4xx_hal_gpio.o
 .ARM.attributes
                0x0000000000000156       0x34 ./Core/Drivers/STM32F4xx_HAL_Driver/Src/stm32f4xx_hal_i2c.o
 .ARM.attributes
                0x000000000000018a       0x34 ./Core/Drivers/STM32F4xx_HAL_Driver/Src/stm32f4xx_hal_ltdc.o
 .ARM.attributes
                0x00000000000001be       0x34 ./Core/Drivers/STM32F4xx_HAL_Driver/Src/stm32f4xx_hal_pwr_ex.o
 .ARM.attributes
                0x00000000000001f2       0x34 ./Core/Drivers/STM32F4xx_HAL_Driver/Src/stm32f4xx_hal_rcc.o
 .ARM.attributes
                0x0000000000000226       0x34 ./Core/Drivers/STM32F4xx_HAL_Driver/Src/stm32f4xx_hal_rcc_ex.o
 .ARM.attributes
                0x000000000000025a       0x34 ./Core/Drivers/STM32F4xx_HAL_Driver/Src/stm32f4xx_hal_rng.o
 .ARM.attributes
                0x000000000000028e       0x34 ./Core/Drivers/STM32F4xx_HAL_Driver/Src/stm32f4xx_hal_sdram.o
 .ARM.attributes
                0x00000000000002c2       0x34 ./Core/Drivers/STM32F4xx_HAL_Driver/Src/stm32f4xx_hal_spi.o
 .ARM.attributes
                0x00000000000002f6       0x34 ./Core/Drivers/STM32F4xx_HAL_Driver/Src/stm32f4xx_ll_fmc.o
 .ARM.attributes
                0x000000000000032a       0x34 ./Core/Graphics/GameEngine.o
 .ARM.attributes
                0x000000000000035e       0x34 ./Core/Graphics/gpu.o
 .ARM.attributes
                0x0000000000000392       0x34 ./Core/Graphics/ili9341.o
 .ARM.attributes
                0x00000000000003c6       0x34 ./Core/HW_specific/MCU_init.o
 .ARM.attributes
                0x00000000000003fa       0x34 ./Core/HW_specific/stm32f429i_discovery.o
 .ARM.attributes
                0x000000000000042e       0x34 ./Core/HW_specific/stm32f429i_discovery_sdram.o
 .ARM.attributes
                0x0000000000000462       0x34 ./Core/HW_specific/stm32f4xx_hal_msp.o
 .ARM.attributes
                0x0000000000000496       0x34 ./Core/HW_specific/stm32f4xx_it.o
 .ARM.attributes
                0x00000000000004ca       0x34 ./Core/HW_specific/system_stm32f4xx.o
 .ARM.attributes
                0x00000000000004fe       0x34 ./Core/HW_specific/util_spe.o
 .ARM.attributes
                0x0000000000000532       0x21 ./Core/HW_specific/Startup/startup_stm32f429zitx.o
 .ARM.attributes
                0x0000000000000553       0x34 ./Core/Input/gamepad.o
 .ARM.attributes
                0x0000000000000587       0x34 ./Core/Input/stmpe811.o
 .ARM.attributes
                0x00000000000005bb       0x34 ./Core/Input/touchpad.o
 .ARM.attributes
                0x00000000000005ef       0x34 ./Core/Math/Math_lib.o
 .ARM.attributes
                0x0000000000000623       0x34 ./Core/Mem_manger/umm_malloc.o
 .ARM.attributes
                0x0000000000000657       0x34 ./Core/Scheduler/Scheduler.o
 .ARM.attributes
                0x000000000000068b       0x34 ./Core/Util/auxiliary.o
 .ARM.attributes
                0x00000000000006bf       0x34 ./Game/game.o
 .ARM.attributes
                0x00000000000006f3       0x34 c:/st/stm32cubeide_1.4.0/stm32cubeide/plugins/com.st.stm32cube.ide.mcu.externaltools.gnu-tools-for-stm32.10.3-2021.10.win32_1.0.0.202111181127/tools/bin/../lib/gcc/arm-none-eabi/10.3.1/../../../../arm-none-eabi/lib/thumb/v7e-m+fp/hard\libc_nano.a(lib_a-errno.o)
 .ARM.attributes
                0x0000000000000727       0x34 c:/st/stm32cubeide_1.4.0/stm32cubeide/plugins/com.st.stm32cube.ide.mcu.externaltools.gnu-tools-for-stm32.10.3-2021.10.win32_1.0.0.202111181127/tools/bin/../lib/gcc/arm-none-eabi/10.3.1/../../../../arm-none-eabi/lib/thumb/v7e-m+fp/hard\libc_nano.a(lib_a-impure.o)
 .ARM.attributes
                0x000000000000075b       0x34 c:/st/stm32cubeide_1.4.0/stm32cubeide/plugins/com.st.stm32cube.ide.mcu.externaltools.gnu-tools-for-stm32.10.3-2021.10.win32_1.0.0.202111181127/tools/bin/../lib/gcc/arm-none-eabi/10.3.1/../../../../arm-none-eabi/lib/thumb/v7e-m+fp/hard\libc_nano.a(lib_a-init.o)
 .ARM.attributes
                0x000000000000078f       0x34 c:/st/stm32cubeide_1.4.0/stm32cubeide/plugins/com.st.stm32cube.ide.mcu.externaltools.gnu-tools-for-stm32.10.3-2021.10.win32_1.0.0.202111181127/tools/bin/../lib/gcc/arm-none-eabi/10.3.1/../../../../arm-none-eabi/lib/thumb/v7e-m+fp/hard\libc_nano.a(lib_a-memcpy-stub.o)
 .ARM.attributes
                0x00000000000007c3       0x34 c:/st/stm32cubeide_1.4.0/stm32cubeide/plugins/com.st.stm32cube.ide.mcu.externaltools.gnu-tools-for-stm32.10.3-2021.10.win32_1.0.0.202111181127/tools/bin/../lib/gcc/arm-none-eabi/10.3.1/../../../../arm-none-eabi/lib/thumb/v7e-m+fp/hard\libc_nano.a(lib_a-memset.o)
 .ARM.attributes
                0x00000000000007f7       0x34 c:/st/stm32cubeide_1.4.0/stm32cubeide/plugins/com.st.stm32cube.ide.mcu.externaltools.gnu-tools-for-stm32.10.3-2021.10.win32_1.0.0.202111181127/tools/bin/../lib/gcc/arm-none-eabi/10.3.1/../../../../arm-none-eabi/lib/thumb/v7e-m+fp/hard\libm.a(lib_a-s_cos.o)
 .ARM.attributes
                0x000000000000082b       0x34 c:/st/stm32cubeide_1.4.0/stm32cubeide/plugins/com.st.stm32cube.ide.mcu.externaltools.gnu-tools-for-stm32.10.3-2021.10.win32_1.0.0.202111181127/tools/bin/../lib/gcc/arm-none-eabi/10.3.1/../../../../arm-none-eabi/lib/thumb/v7e-m+fp/hard\libm.a(lib_a-s_sin.o)
 .ARM.attributes
                0x000000000000085f       0x34 c:/st/stm32cubeide_1.4.0/stm32cubeide/plugins/com.st.stm32cube.ide.mcu.externaltools.gnu-tools-for-stm32.10.3-2021.10.win32_1.0.0.202111181127/tools/bin/../lib/gcc/arm-none-eabi/10.3.1/../../../../arm-none-eabi/lib/thumb/v7e-m+fp/hard\libm.a(lib_a-w_fmod.o)
 .ARM.attributes
                0x0000000000000893       0x34 c:/st/stm32cubeide_1.4.0/stm32cubeide/plugins/com.st.stm32cube.ide.mcu.externaltools.gnu-tools-for-stm32.10.3-2021.10.win32_1.0.0.202111181127/tools/bin/../lib/gcc/arm-none-eabi/10.3.1/../../../../arm-none-eabi/lib/thumb/v7e-m+fp/hard\libm.a(lib_a-e_fmod.o)
 .ARM.attributes
                0x00000000000008c7       0x34 c:/st/stm32cubeide_1.4.0/stm32cubeide/plugins/com.st.stm32cube.ide.mcu.externaltools.gnu-tools-for-stm32.10.3-2021.10.win32_1.0.0.202111181127/tools/bin/../lib/gcc/arm-none-eabi/10.3.1/../../../../arm-none-eabi/lib/thumb/v7e-m+fp/hard\libm.a(lib_a-e_rem_pio2.o)
 .ARM.attributes
                0x00000000000008fb       0x34 c:/st/stm32cubeide_1.4.0/stm32cubeide/plugins/com.st.stm32cube.ide.mcu.externaltools.gnu-tools-for-stm32.10.3-2021.10.win32_1.0.0.202111181127/tools/bin/../lib/gcc/arm-none-eabi/10.3.1/../../../../arm-none-eabi/lib/thumb/v7e-m+fp/hard\libm.a(lib_a-k_cos.o)
 .ARM.attributes
                0x000000000000092f       0x34 c:/st/stm32cubeide_1.4.0/stm32cubeide/plugins/com.st.stm32cube.ide.mcu.externaltools.gnu-tools-for-stm32.10.3-2021.10.win32_1.0.0.202111181127/tools/bin/../lib/gcc/arm-none-eabi/10.3.1/../../../../arm-none-eabi/lib/thumb/v7e-m+fp/hard\libm.a(lib_a-k_rem_pio2.o)
 .ARM.attributes
                0x0000000000000963       0x34 c:/st/stm32cubeide_1.4.0/stm32cubeide/plugins/com.st.stm32cube.ide.mcu.externaltools.gnu-tools-for-stm32.10.3-2021.10.win32_1.0.0.202111181127/tools/bin/../lib/gcc/arm-none-eabi/10.3.1/../../../../arm-none-eabi/lib/thumb/v7e-m+fp/hard\libm.a(lib_a-k_sin.o)
 .ARM.attributes
                0x0000000000000997       0x34 c:/st/stm32cubeide_1.4.0/stm32cubeide/plugins/com.st.stm32cube.ide.mcu.externaltools.gnu-tools-for-stm32.10.3-2021.10.win32_1.0.0.202111181127/tools/bin/../lib/gcc/arm-none-eabi/10.3.1/../../../../arm-none-eabi/lib/thumb/v7e-m+fp/hard\libm.a(lib_a-s_fabs.o)
 .ARM.attributes
                0x00000000000009cb       0x34 c:/st/stm32cubeide_1.4.0/stm32cubeide/plugins/com.st.stm32cube.ide.mcu.externaltools.gnu-tools-for-stm32.10.3-2021.10.win32_1.0.0.202111181127/tools/bin/../lib/gcc/arm-none-eabi/10.3.1/../../../../arm-none-eabi/lib/thumb/v7e-m+fp/hard\libm.a(lib_a-s_floor.o)
 .ARM.attributes
                0x00000000000009ff       0x34 c:/st/stm32cubeide_1.4.0/stm32cubeide/plugins/com.st.stm32cube.ide.mcu.externaltools.gnu-tools-for-stm32.10.3-2021.10.win32_1.0.0.202111181127/tools/bin/../lib/gcc/arm-none-eabi/10.3.1/../../../../arm-none-eabi/lib/thumb/v7e-m+fp/hard\libm.a(lib_a-s_scalbn.o)
 .ARM.attributes
                0x0000000000000a33       0x1e c:/st/stm32cubeide_1.4.0/stm32cubeide/plugins/com.st.stm32cube.ide.mcu.externaltools.gnu-tools-for-stm32.10.3-2021.10.win32_1.0.0.202111181127/tools/bin/../lib/gcc/arm-none-eabi/10.3.1/thumb/v7e-m+fp/hard\libgcc.a(_arm_addsubdf3.o)
 .ARM.attributes
                0x0000000000000a51       0x1e c:/st/stm32cubeide_1.4.0/stm32cubeide/plugins/com.st.stm32cube.ide.mcu.externaltools.gnu-tools-for-stm32.10.3-2021.10.win32_1.0.0.202111181127/tools/bin/../lib/gcc/arm-none-eabi/10.3.1/thumb/v7e-m+fp/hard\libgcc.a(_arm_muldivdf3.o)
 .ARM.attributes
                0x0000000000000a6f       0x1e c:/st/stm32cubeide_1.4.0/stm32cubeide/plugins/com.st.stm32cube.ide.mcu.externaltools.gnu-tools-for-stm32.10.3-2021.10.win32_1.0.0.202111181127/tools/bin/../lib/gcc/arm-none-eabi/10.3.1/thumb/v7e-m+fp/hard\libgcc.a(_arm_cmpdf2.o)
 .ARM.attributes
                0x0000000000000a8d       0x1e c:/st/stm32cubeide_1.4.0/stm32cubeide/plugins/com.st.stm32cube.ide.mcu.externaltools.gnu-tools-for-stm32.10.3-2021.10.win32_1.0.0.202111181127/tools/bin/../lib/gcc/arm-none-eabi/10.3.1/thumb/v7e-m+fp/hard\libgcc.a(_arm_unorddf2.o)
 .ARM.attributes
                0x0000000000000aab       0x1e c:/st/stm32cubeide_1.4.0/stm32cubeide/plugins/com.st.stm32cube.ide.mcu.externaltools.gnu-tools-for-stm32.10.3-2021.10.win32_1.0.0.202111181127/tools/bin/../lib/gcc/arm-none-eabi/10.3.1/thumb/v7e-m+fp/hard\libgcc.a(_arm_fixdfsi.o)
 .ARM.attributes
                0x0000000000000ac9       0x1e c:/st/stm32cubeide_1.4.0/stm32cubeide/plugins/com.st.stm32cube.ide.mcu.externaltools.gnu-tools-for-stm32.10.3-2021.10.win32_1.0.0.202111181127/tools/bin/../lib/gcc/arm-none-eabi/10.3.1/thumb/v7e-m+fp/hard\libgcc.a(_arm_truncdfsf2.o)
 .ARM.attributes
                0x0000000000000ae7       0x1e c:/st/stm32cubeide_1.4.0/stm32cubeide/plugins/com.st.stm32cube.ide.mcu.externaltools.gnu-tools-for-stm32.10.3-2021.10.win32_1.0.0.202111181127/tools/bin/../lib/gcc/arm-none-eabi/10.3.1/thumb/v7e-m+fp/hard\libgcc.a(_aeabi_uldivmod.o)
 .ARM.attributes
                0x0000000000000b05       0x34 c:/st/stm32cubeide_1.4.0/stm32cubeide/plugins/com.st.stm32cube.ide.mcu.externaltools.gnu-tools-for-stm32.10.3-2021.10.win32_1.0.0.202111181127/tools/bin/../lib/gcc/arm-none-eabi/10.3.1/thumb/v7e-m+fp/hard\libgcc.a(_udivmoddi4.o)
 .ARM.attributes
                0x0000000000000b39       0x1e c:/st/stm32cubeide_1.4.0/stm32cubeide/plugins/com.st.stm32cube.ide.mcu.externaltools.gnu-tools-for-stm32.10.3-2021.10.win32_1.0.0.202111181127/tools/bin/../lib/gcc/arm-none-eabi/10.3.1/thumb/v7e-m+fp/hard\libgcc.a(_dvmd_tls.o)
 .ARM.attributes
                0x0000000000000b57       0x1e c:/st/stm32cubeide_1.4.0/stm32cubeide/plugins/com.st.stm32cube.ide.mcu.externaltools.gnu-tools-for-stm32.10.3-2021.10.win32_1.0.0.202111181127/tools/bin/../lib/gcc/arm-none-eabi/10.3.1/thumb/v7e-m+fp/hard/crtn.o
OUTPUT(STM32_GAME_CONSOLE_APP.elf elf32-littlearm)
LOAD linker stubs
LOAD c:/st/stm32cubeide_1.4.0/stm32cubeide/plugins/com.st.stm32cube.ide.mcu.externaltools.gnu-tools-for-stm32.10.3-2021.10.win32_1.0.0.202111181127/tools/bin/../lib/gcc/arm-none-eabi/10.3.1/../../../../arm-none-eabi/lib/thumb/v7e-m+fp/hard\libc.a
LOAD c:/st/stm32cubeide_1.4.0/stm32cubeide/plugins/com.st.stm32cube.ide.mcu.externaltools.gnu-tools-for-stm32.10.3-2021.10.win32_1.0.0.202111181127/tools/bin/../lib/gcc/arm-none-eabi/10.3.1/../../../../arm-none-eabi/lib/thumb/v7e-m+fp/hard\libm.a
LOAD c:/st/stm32cubeide_1.4.0/stm32cubeide/plugins/com.st.stm32cube.ide.mcu.externaltools.gnu-tools-for-stm32.10.3-2021.10.win32_1.0.0.202111181127/tools/bin/../lib/gcc/arm-none-eabi/10.3.1/thumb/v7e-m+fp/hard\libgcc.a

.debug_info     0x0000000000000000    0x1669e
 .debug_info    0x0000000000000000      0x9f4 ./Core/Drivers/STM32F4xx_HAL_Driver/Src/stm32f4xx_hal.o
 .debug_info    0x00000000000009f4      0xe51 ./Core/Drivers/STM32F4xx_HAL_Driver/Src/stm32f4xx_hal_cortex.o
 .debug_info    0x0000000000001845      0x94f ./Core/Drivers/STM32F4xx_HAL_Driver/Src/stm32f4xx_hal_dma.o
 .debug_info    0x0000000000002194      0xf91 ./Core/Drivers/STM32F4xx_HAL_Driver/Src/stm32f4xx_hal_dma2d.o
 .debug_info    0x0000000000003125      0x776 ./Core/Drivers/STM32F4xx_HAL_Driver/Src/stm32f4xx_hal_gpio.o
 .debug_info    0x000000000000389b     0x25fd ./Core/Drivers/STM32F4xx_HAL_Driver/Src/stm32f4xx_hal_i2c.o
 .debug_info    0x0000000000005e98     0x1131 ./Core/Drivers/STM32F4xx_HAL_Driver/Src/stm32f4xx_hal_ltdc.o
 .debug_info    0x0000000000006fc9      0x6e6 ./Core/Drivers/STM32F4xx_HAL_Driver/Src/stm32f4xx_hal_pwr_ex.o
 .debug_info    0x00000000000076af      0x982 ./Core/Drivers/STM32F4xx_HAL_Driver/Src/stm32f4xx_hal_rcc.o
 .debug_info    0x0000000000008031      0x689 ./Core/Drivers/STM32F4xx_HAL_Driver/Src/stm32f4xx_hal_rcc_ex.o
 .debug_info    0x00000000000086ba      0x4b7 ./Core/Drivers/STM32F4xx_HAL_Driver/Src/stm32f4xx_hal_rng.o
 .debug_info    0x0000000000008b71      0xdb2 ./Core/Drivers/STM32F4xx_HAL_Driver/Src/stm32f4xx_hal_sdram.o
 .debug_info    0x0000000000009923     0x1718 ./Core/Drivers/STM32F4xx_HAL_Driver/Src/stm32f4xx_hal_spi.o
 .debug_info    0x000000000000b03b      0xf17 ./Core/Drivers/STM32F4xx_HAL_Driver/Src/stm32f4xx_ll_fmc.o
 .debug_info    0x000000000000bf52      0x82b ./Core/Graphics/GameEngine.o
 .debug_info    0x000000000000c77d     0x1492 ./Core/Graphics/gpu.o
 .debug_info    0x000000000000dc0f      0x3c2 ./Core/Graphics/ili9341.o
 .debug_info    0x000000000000dfd1     0x10a7 ./Core/HW_specific/MCU_init.o
 .debug_info    0x000000000000f078     0x1aed ./Core/HW_specific/stm32f429i_discovery.o
 .debug_info    0x0000000000010b65     0x1086 ./Core/HW_specific/stm32f429i_discovery_sdram.o
 .debug_info    0x0000000000011beb     0x1432 ./Core/HW_specific/stm32f4xx_hal_msp.o
 .debug_info    0x000000000001301d      0x20e ./Core/HW_specific/stm32f4xx_it.o
 .debug_info    0x000000000001322b      0x53f ./Core/HW_specific/system_stm32f4xx.o
 .debug_info    0x000000000001376a      0x2ff ./Core/HW_specific/util_spe.o
 .debug_info    0x0000000000013a69       0x22 ./Core/HW_specific/Startup/startup_stm32f429zitx.o
 .debug_info    0x0000000000013a8b      0x46a ./Core/Input/gamepad.o
 .debug_info    0x0000000000013ef5      0xcb2 ./Core/Input/stmpe811.o
 .debug_info    0x0000000000014ba7      0x2c9 ./Core/Input/touchpad.o
 .debug_info    0x0000000000014e70      0x1e6 ./Core/Math/Math_lib.o
 .debug_info    0x0000000000015056      0x5b0 ./Core/Mem_manger/umm_malloc.o
 .debug_info    0x0000000000015606      0x2cd ./Core/Scheduler/Scheduler.o
 .debug_info    0x00000000000158d3       0xa8 ./Core/Util/auxiliary.o
 .debug_info    0x000000000001597b      0xd23 ./Game/game.o

.debug_abbrev   0x0000000000000000     0x3ffb
 .debug_abbrev  0x0000000000000000      0x20d ./Core/Drivers/STM32F4xx_HAL_Driver/Src/stm32f4xx_hal.o
 .debug_abbrev  0x000000000000020d      0x316 ./Core/Drivers/STM32F4xx_HAL_Driver/Src/stm32f4xx_hal_cortex.o
 .debug_abbrev  0x0000000000000523      0x25b ./Core/Drivers/STM32F4xx_HAL_Driver/Src/stm32f4xx_hal_dma.o
 .debug_abbrev  0x000000000000077e      0x22e ./Core/Drivers/STM32F4xx_HAL_Driver/Src/stm32f4xx_hal_dma2d.o
 .debug_abbrev  0x00000000000009ac      0x1c4 ./Core/Drivers/STM32F4xx_HAL_Driver/Src/stm32f4xx_hal_gpio.o
 .debug_abbrev  0x0000000000000b70      0x297 ./Core/Drivers/STM32F4xx_HAL_Driver/Src/stm32f4xx_hal_i2c.o
 .debug_abbrev  0x0000000000000e07      0x20c ./Core/Drivers/STM32F4xx_HAL_Driver/Src/stm32f4xx_hal_ltdc.o
 .debug_abbrev  0x0000000000001013      0x1c9 ./Core/Drivers/STM32F4xx_HAL_Driver/Src/stm32f4xx_hal_pwr_ex.o
 .debug_abbrev  0x00000000000011dc      0x2aa ./Core/Drivers/STM32F4xx_HAL_Driver/Src/stm32f4xx_hal_rcc.o
 .debug_abbrev  0x0000000000001486      0x1a8 ./Core/Drivers/STM32F4xx_HAL_Driver/Src/stm32f4xx_hal_rcc_ex.o
 .debug_abbrev  0x000000000000162e      0x1b6 ./Core/Drivers/STM32F4xx_HAL_Driver/Src/stm32f4xx_hal_rng.o
 .debug_abbrev  0x00000000000017e4      0x227 ./Core/Drivers/STM32F4xx_HAL_Driver/Src/stm32f4xx_hal_sdram.o
 .debug_abbrev  0x0000000000001a0b      0x26e ./Core/Drivers/STM32F4xx_HAL_Driver/Src/stm32f4xx_hal_spi.o
 .debug_abbrev  0x0000000000001c79      0x196 ./Core/Drivers/STM32F4xx_HAL_Driver/Src/stm32f4xx_ll_fmc.o
 .debug_abbrev  0x0000000000001e0f      0x206 ./Core/Graphics/GameEngine.o
 .debug_abbrev  0x0000000000002015      0x357 ./Core/Graphics/gpu.o
 .debug_abbrev  0x000000000000236c      0x1a8 ./Core/Graphics/ili9341.o
 .debug_abbrev  0x0000000000002514      0x289 ./Core/HW_specific/MCU_init.o
 .debug_abbrev  0x000000000000279d      0x2e2 ./Core/HW_specific/stm32f429i_discovery.o
 .debug_abbrev  0x0000000000002a7f      0x276 ./Core/HW_specific/stm32f429i_discovery_sdram.o
 .debug_abbrev  0x0000000000002cf5      0x1e7 ./Core/HW_specific/stm32f4xx_hal_msp.o
 .debug_abbrev  0x0000000000002edc       0xbf ./Core/HW_specific/stm32f4xx_it.o
 .debug_abbrev  0x0000000000002f9b      0x116 ./Core/HW_specific/system_stm32f4xx.o
 .debug_abbrev  0x00000000000030b1      0x140 ./Core/HW_specific/util_spe.o
 .debug_abbrev  0x00000000000031f1       0x12 ./Core/HW_specific/Startup/startup_stm32f429zitx.o
 .debug_abbrev  0x0000000000003203      0x1e1 ./Core/Input/gamepad.o
 .debug_abbrev  0x00000000000033e4      0x243 ./Core/Input/stmpe811.o
 .debug_abbrev  0x0000000000003627      0x14c ./Core/Input/touchpad.o
 .debug_abbrev  0x0000000000003773      0x106 ./Core/Math/Math_lib.o
 .debug_abbrev  0x0000000000003879      0x251 ./Core/Mem_manger/umm_malloc.o
 .debug_abbrev  0x0000000000003aca      0x154 ./Core/Scheduler/Scheduler.o
 .debug_abbrev  0x0000000000003c1e       0xb0 ./Core/Util/auxiliary.o
 .debug_abbrev  0x0000000000003cce      0x32d ./Game/game.o

.debug_aranges  0x0000000000000000     0x14e8
 .debug_aranges
                0x0000000000000000      0x100 ./Core/Drivers/STM32F4xx_HAL_Driver/Src/stm32f4xx_hal.o
 .debug_aranges
                0x0000000000000100      0x118 ./Core/Drivers/STM32F4xx_HAL_Driver/Src/stm32f4xx_hal_cortex.o
 .debug_aranges
                0x0000000000000218       0x90 ./Core/Drivers/STM32F4xx_HAL_Driver/Src/stm32f4xx_hal_dma.o
 .debug_aranges
                0x00000000000002a8      0x118 ./Core/Drivers/STM32F4xx_HAL_Driver/Src/stm32f4xx_hal_dma2d.o
 .debug_aranges
                0x00000000000003c0       0x58 ./Core/Drivers/STM32F4xx_HAL_Driver/Src/stm32f4xx_hal_gpio.o
 .debug_aranges
                0x0000000000000418      0x2a0 ./Core/Drivers/STM32F4xx_HAL_Driver/Src/stm32f4xx_hal_i2c.o
 .debug_aranges
                0x00000000000006b8      0x158 ./Core/Drivers/STM32F4xx_HAL_Driver/Src/stm32f4xx_hal_ltdc.o
 .debug_aranges
                0x0000000000000810       0x60 ./Core/Drivers/STM32F4xx_HAL_Driver/Src/stm32f4xx_hal_pwr_ex.o
 .debug_aranges
                0x0000000000000870       0x88 ./Core/Drivers/STM32F4xx_HAL_Driver/Src/stm32f4xx_hal_rcc.o
 .debug_aranges
                0x00000000000008f8       0x58 ./Core/Drivers/STM32F4xx_HAL_Driver/Src/stm32f4xx_hal_rcc_ex.o
 .debug_aranges
                0x0000000000000950       0x88 ./Core/Drivers/STM32F4xx_HAL_Driver/Src/stm32f4xx_hal_rng.o
 .debug_aranges
                0x00000000000009d8       0xd0 ./Core/Drivers/STM32F4xx_HAL_Driver/Src/stm32f4xx_hal_sdram.o
 .debug_aranges
                0x0000000000000aa8      0x1d0 ./Core/Drivers/STM32F4xx_HAL_Driver/Src/stm32f4xx_hal_spi.o
 .debug_aranges
                0x0000000000000c78       0xf0 ./Core/Drivers/STM32F4xx_HAL_Driver/Src/stm32f4xx_ll_fmc.o
 .debug_aranges
                0x0000000000000d68       0x50 ./Core/Graphics/GameEngine.o
 .debug_aranges
                0x0000000000000db8       0xa0 ./Core/Graphics/gpu.o
 .debug_aranges
                0x0000000000000e58       0x60 ./Core/Graphics/ili9341.o
 .debug_aranges
                0x0000000000000eb8       0x58 ./Core/HW_specific/MCU_init.o
 .debug_aranges
                0x0000000000000f10      0x138 ./Core/HW_specific/stm32f429i_discovery.o
 .debug_aranges
                0x0000000000001048       0x68 ./Core/HW_specific/stm32f429i_discovery_sdram.o
 .debug_aranges
                0x00000000000010b0       0x50 ./Core/HW_specific/stm32f4xx_hal_msp.o
 .debug_aranges
                0x0000000000001100       0x60 ./Core/HW_specific/stm32f4xx_it.o
 .debug_aranges
                0x0000000000001160       0x28 ./Core/HW_specific/system_stm32f4xx.o
 .debug_aranges
                0x0000000000001188       0x20 ./Core/HW_specific/util_spe.o
 .debug_aranges
                0x00000000000011a8       0x28 ./Core/HW_specific/Startup/startup_stm32f429zitx.o
 .debug_aranges
                0x00000000000011d0       0x30 ./Core/Input/gamepad.o
 .debug_aranges
                0x0000000000001200      0x128 ./Core/Input/stmpe811.o
 .debug_aranges
                0x0000000000001328       0x30 ./Core/Input/touchpad.o
 .debug_aranges
                0x0000000000001358       0x30 ./Core/Math/Math_lib.o
 .debug_aranges
                0x0000000000001388       0x80 ./Core/Mem_manger/umm_malloc.o
 .debug_aranges
                0x0000000000001408       0x38 ./Core/Scheduler/Scheduler.o
 .debug_aranges
                0x0000000000001440       0x28 ./Core/Util/auxiliary.o
 .debug_aranges
                0x0000000000001468       0x80 ./Game/game.o

.debug_ranges   0x0000000000000000     0x1308
 .debug_ranges  0x0000000000000000       0xf0 ./Core/Drivers/STM32F4xx_HAL_Driver/Src/stm32f4xx_hal.o
 .debug_ranges  0x00000000000000f0      0x108 ./Core/Drivers/STM32F4xx_HAL_Driver/Src/stm32f4xx_hal_cortex.o
 .debug_ranges  0x00000000000001f8       0x80 ./Core/Drivers/STM32F4xx_HAL_Driver/Src/stm32f4xx_hal_dma.o
 .debug_ranges  0x0000000000000278      0x108 ./Core/Drivers/STM32F4xx_HAL_Driver/Src/stm32f4xx_hal_dma2d.o
 .debug_ranges  0x0000000000000380       0x48 ./Core/Drivers/STM32F4xx_HAL_Driver/Src/stm32f4xx_hal_gpio.o
 .debug_ranges  0x00000000000003c8      0x2b8 ./Core/Drivers/STM32F4xx_HAL_Driver/Src/stm32f4xx_hal_i2c.o
 .debug_ranges  0x0000000000000680      0x148 ./Core/Drivers/STM32F4xx_HAL_Driver/Src/stm32f4xx_hal_ltdc.o
 .debug_ranges  0x00000000000007c8       0x50 ./Core/Drivers/STM32F4xx_HAL_Driver/Src/stm32f4xx_hal_pwr_ex.o
 .debug_ranges  0x0000000000000818       0x78 ./Core/Drivers/STM32F4xx_HAL_Driver/Src/stm32f4xx_hal_rcc.o