../Filesystem/src/fatfs_sd.c:22:13:SELECT	8	static
../Filesystem/src/fatfs_sd.c:29:13:DESELECT	8	static
../Filesystem/src/fatfs_sd.c:36:13:SPI_TxByte	16	static
../Filesystem/src/fatfs_sd.c:43:13:SPI_TxBuffer	16	static
../Filesystem/src/fatfs_sd.c:50:16:SPI_RxByte	24	static
../Filesystem/src/fatfs_sd.c:62:13:SPI_RxBytePtr	16	static
../Filesystem/src/fatfs_sd.c:72:16:SD_ReadyWait	16	static
../Filesystem/src/fatfs_sd.c:88:13:SD_PowerOn	24	static
../Filesystem/src/fatfs_sd.c:126:13:SD_PowerOff	4	static
../Filesystem/src/fatfs_sd.c:132:16:SD_CheckPower	4	static
../Filesystem/src/fatfs_sd.c:138:13:SD_RxDataBlock	24	static
../Filesystem/src/fatfs_sd.c:167:13:SD_TxDataBlock	24	static
../Filesystem/src/fatfs_sd.c:209:13:SD_SendCmd	24	static
../Filesystem/src/fatfs_sd.c:248:9:SD_disk_initialize	32	static
../Filesystem/src/fatfs_sd.c:348:9:SD_disk_status	16	static
../Filesystem/src/fatfs_sd.c:355:9:SD_disk_read	24	static
../Filesystem/src/fatfs_sd.c:397:9:SD_disk_write	24	static
../Filesystem/src/fatfs_sd.c:452:9:SD_disk_ioctl	56	static
