../Core/HW_specific/stm32f429i_discovery.c:178:10:BSP_GetVersion	4	static
../Core/HW_specific/stm32f429i_discovery.c:190:6:BSP_LED_Init	48	static
../Core/HW_specific/stm32f429i_discovery.c:215:6:BSP_LED_On	16	static
../Core/HW_specific/stm32f429i_discovery.c:227:6:BSP_LED_Off	16	static
../Core/HW_specific/stm32f429i_discovery.c:239:6:BSP_LED_Toggle	16	static
../Core/HW_specific/stm32f429i_discovery.c:254:6:BSP_PB_Init	40	static
../Core/HW_specific/stm32f429i_discovery.c:291:10:BSP_PB_GetState	16	static
../Core/HW_specific/stm32f429i_discovery.c:306:13:I2Cx_MspInit	48	static
../Core/HW_specific/stm32f429i_discovery.c:420:13:I2Cx_Init	8	static
../Core/HW_specific/stm32f429i_discovery.c:443:13:I2Cx_ITConfig	32	static
../Core/HW_specific/stm32f429i_discovery.c:467:13:I2Cx_WriteData	40	static
../Core/HW_specific/stm32f429i_discovery.c:488:13:I2Cx_WriteBuffer	40	static
../Core/HW_specific/stm32f429i_discovery.c:508:16:I2Cx_ReadData	40	static
../Core/HW_specific/stm32f429i_discovery.c:533:16:I2Cx_ReadBuffer	40	static
../Core/HW_specific/stm32f429i_discovery.c:618:13:I2Cx_Error	8	static
../Core/HW_specific/stm32f429i_discovery.c:632:13:SPIx_Init	8	static
../Core/HW_specific/stm32f429i_discovery.c:670:17:SPIx_Read	24	static
../Core/HW_specific/stm32f429i_discovery.c:691:13:SPIx_Write	24	static
../Core/HW_specific/stm32f429i_discovery.c:711:16:SPIx_WriteRead	32	static
../Core/HW_specific/stm32f429i_discovery.c:728:13:SPIx_Error	8	static
../Core/HW_specific/stm32f429i_discovery.c:741:13:SPIx_MspInit	48	static
../Core/HW_specific/stm32f429i_discovery.c:765:6:LCD_IO_Init	40	static
../Core/HW_specific/stm32f429i_discovery.c:809:6:LCD_IO_WriteData	16	static
../Core/HW_specific/stm32f429i_discovery.c:825:6:LCD_IO_WriteReg	16	static
../Core/HW_specific/stm32f429i_discovery.c:844:10:LCD_IO_ReadData	24	static
../Core/HW_specific/stm32f429i_discovery.c:871:6:LCD_Delay	16	static
../Core/HW_specific/stm32f429i_discovery.c:885:6:IOE_Init	8	static
../Core/HW_specific/stm32f429i_discovery.c:893:6:IOE_ITConfig	8	static
../Core/HW_specific/stm32f429i_discovery.c:904:6:IOE_Write	16	static
../Core/HW_specific/stm32f429i_discovery.c:915:9:IOE_Read	16	static
../Core/HW_specific/stm32f429i_discovery.c:927:6:IOE_WriteMultiple	16	static
../Core/HW_specific/stm32f429i_discovery.c:940:10:IOE_ReadMultiple	16	static
../Core/HW_specific/stm32f429i_discovery.c:949:6:IOE_Delay	16	static
../Core/HW_specific/stm32f429i_discovery.c:959:6:GYRO_IO_Init	40	static
../Core/HW_specific/stm32f429i_discovery.c:992:6:GYRO_IO_Write	16	static
../Core/HW_specific/stm32f429i_discovery.c:1026:6:GYRO_IO_Read	16	static
