Archive member included to satisfy reference by file (symbol)

c:/st/stm32cubeide_1.4.0/stm32cubeide/plugins/com.st.stm32cube.ide.mcu.externaltools.gnu-tools-for-stm32.10.3-2021.10.win32_1.0.0.202111181127/tools/bin/../lib/gcc/arm-none-eabi/10.3.1/../../../../arm-none-eabi/lib/thumb/v7e-m+fp/hard\libc_nano.a(lib_a-errno.o)
                              ./Core/HW_specific/syscalls.o (__errno)
c:/st/stm32cubeide_1.4.0/stm32cubeide/plugins/com.st.stm32cube.ide.mcu.externaltools.gnu-tools-for-stm32.10.3-2021.10.win32_1.0.0.202111181127/tools/bin/../lib/gcc/arm-none-eabi/10.3.1/../../../../arm-none-eabi/lib/thumb/v7e-m+fp/hard\libc_nano.a(lib_a-exit.o)
                              c:/st/stm32cubeide_1.4.0/stm32cubeide/plugins/com.st.stm32cube.ide.mcu.externaltools.gnu-tools-for-stm32.10.3-2021.10.win32_1.0.0.202111181127/tools/bin/../lib/gcc/arm-none-eabi/10.3.1/../../../../arm-none-eabi/lib/thumb/v7e-m+fp/hard/crt0.o (exit)
c:/st/stm32cubeide_1.4.0/stm32cubeide/plugins/com.st.stm32cube.ide.mcu.externaltools.gnu-tools-for-stm32.10.3-2021.10.win32_1.0.0.202111181127/tools/bin/../lib/gcc/arm-none-eabi/10.3.1/../../../../arm-none-eabi/lib/thumb/v7e-m+fp/hard\libc_nano.a(lib_a-impure.o)
                              c:/st/stm32cubeide_1.4.0/stm32cubeide/plugins/com.st.stm32cube.ide.mcu.externaltools.gnu-tools-for-stm32.10.3-2021.10.win32_1.0.0.202111181127/tools/bin/../lib/gcc/arm-none-eabi/10.3.1/../../../../arm-none-eabi/lib/thumb/v7e-m+fp/hard\libc_nano.a(lib_a-exit.o) (_global_impure_ptr)
c:/st/stm32cubeide_1.4.0/stm32cubeide/plugins/com.st.stm32cube.ide.mcu.externaltools.gnu-tools-for-stm32.10.3-2021.10.win32_1.0.0.202111181127/tools/bin/../lib/gcc/arm-none-eabi/10.3.1/../../../../arm-none-eabi/lib/thumb/v7e-m+fp/hard\libc_nano.a(lib_a-init.o)
                              c:/st/stm32cubeide_1.4.0/stm32cubeide/plugins/com.st.stm32cube.ide.mcu.externaltools.gnu-tools-for-stm32.10.3-2021.10.win32_1.0.0.202111181127/tools/bin/../lib/gcc/arm-none-eabi/10.3.1/../../../../arm-none-eabi/lib/thumb/v7e-m+fp/hard/crt0.o (__libc_init_array)
c:/st/stm32cubeide_1.4.0/stm32cubeide/plugins/com.st.stm32cube.ide.mcu.externaltools.gnu-tools-for-stm32.10.3-2021.10.win32_1.0.0.202111181127/tools/bin/../lib/gcc/arm-none-eabi/10.3.1/../../../../arm-none-eabi/lib/thumb/v7e-m+fp/hard\libc_nano.a(lib_a-memset.o)
                              c:/st/stm32cubeide_1.4.0/stm32cubeide/plugins/com.st.stm32cube.ide.mcu.externaltools.gnu-tools-for-stm32.10.3-2021.10.win32_1.0.0.202111181127/tools/bin/../lib/gcc/arm-none-eabi/10.3.1/../../../../arm-none-eabi/lib/thumb/v7e-m+fp/hard/crt0.o (memset)
c:/st/stm32cubeide_1.4.0/stm32cubeide/plugins/com.st.stm32cube.ide.mcu.externaltools.gnu-tools-for-stm32.10.3-2021.10.win32_1.0.0.202111181127/tools/bin/../lib/gcc/arm-none-eabi/10.3.1/../../../../arm-none-eabi/lib/thumb/v7e-m+fp/hard\libc_nano.a(lib_a-strcat.o)
                              ./Bootloader/main.o (strcat)
c:/st/stm32cubeide_1.4.0/stm32cubeide/plugins/com.st.stm32cube.ide.mcu.externaltools.gnu-tools-for-stm32.10.3-2021.10.win32_1.0.0.202111181127/tools/bin/../lib/gcc/arm-none-eabi/10.3.1/../../../../arm-none-eabi/lib/thumb/v7e-m+fp/hard\libc_nano.a(lib_a-strlen.o)
                              ./Bootloader/main.o (strlen)
c:/st/stm32cubeide_1.4.0/stm32cubeide/plugins/com.st.stm32cube.ide.mcu.externaltools.gnu-tools-for-stm32.10.3-2021.10.win32_1.0.0.202111181127/tools/bin/../lib/gcc/arm-none-eabi/10.3.1/../../../../arm-none-eabi/lib/thumb/v7e-m+fp/hard\libc_nano.a(lib_a-strncpy.o)
                              ./Bootloader/main.o (strncpy)
c:/st/stm32cubeide_1.4.0/stm32cubeide/plugins/com.st.stm32cube.ide.mcu.externaltools.gnu-tools-for-stm32.10.3-2021.10.win32_1.0.0.202111181127/tools/bin/../lib/gcc/arm-none-eabi/10.3.1/thumb/v7e-m+fp/hard\libgcc.a(_arm_muldf3.o)
                              ./Core/Util/printf.o (__aeabi_dmul)
c:/st/stm32cubeide_1.4.0/stm32cubeide/plugins/com.st.stm32cube.ide.mcu.externaltools.gnu-tools-for-stm32.10.3-2021.10.win32_1.0.0.202111181127/tools/bin/../lib/gcc/arm-none-eabi/10.3.1/thumb/v7e-m+fp/hard\libgcc.a(_arm_addsubdf3.o)
                              ./Core/Util/printf.o (__aeabi_dsub)
c:/st/stm32cubeide_1.4.0/stm32cubeide/plugins/com.st.stm32cube.ide.mcu.externaltools.gnu-tools-for-stm32.10.3-2021.10.win32_1.0.0.202111181127/tools/bin/../lib/gcc/arm-none-eabi/10.3.1/thumb/v7e-m+fp/hard\libgcc.a(_arm_muldivdf3.o)
                              ./Core/Input/gyro.o (__aeabi_ddiv)
c:/st/stm32cubeide_1.4.0/stm32cubeide/plugins/com.st.stm32cube.ide.mcu.externaltools.gnu-tools-for-stm32.10.3-2021.10.win32_1.0.0.202111181127/tools/bin/../lib/gcc/arm-none-eabi/10.3.1/thumb/v7e-m+fp/hard\libgcc.a(_arm_cmpdf2.o)
                              ./Core/Util/printf.o (__aeabi_dcmpeq)
c:/st/stm32cubeide_1.4.0/stm32cubeide/plugins/com.st.stm32cube.ide.mcu.externaltools.gnu-tools-for-stm32.10.3-2021.10.win32_1.0.0.202111181127/tools/bin/../lib/gcc/arm-none-eabi/10.3.1/thumb/v7e-m+fp/hard\libgcc.a(_arm_fixdfsi.o)
[...]
Memory Configuration

Name             Origin             Length             Attributes
CCMRAM           0x0000000010000000 0x0000000000010000 xrw
RAM              0x0000000020000000 0x0000000000030000 xrw
FLASH            0x0000000008000000 0x0000000000040000 xr
SDRAM            0x00000000d0000000 0x0000000000800000 xrw
*default*        0x0000000000000000 0xffffffffffffffff

Linker script and memory map

LOAD c:/st/stm32cubeide_1.4.0/stm32cubeide/plugins/com.st.stm32cube.ide.mcu.externaltools.gnu-tools-for-stm32.10.3-2021.10.win32_1.0.0.202111181127/tools/bin/../lib/gcc/arm-none-eabi/10.3.1/thumb/v7e-m+fp/hard/crti.o
LOAD c:/st/stm32cubeide_1.4.0/stm32cubeide/plugins/com.st.stm32cube.ide.mcu.externaltools.gnu-tools-for-stm32.10.3-2021.10.win32_1.0.0.202111181127/tools/bin/../lib/gcc/arm-none-eabi/10.3.1/thumb/v7e-m+fp/hard/crtbegin.o
LOAD c:/st/stm32cubeide_1.4.0/stm32cubeide/plugins/com.st.stm32cube.ide.mcu.externaltools.gnu-tools-for-stm32.10.3-2021.10.win32_1.0.0.202111181127/tools/bin/../lib/gcc/arm-none-eabi/10.3.1/../../../../arm-none-eabi/lib/thumb/v7e-m+fp/hard/crt0.o
LOAD ./Bootloader/Bootloader.o
LOAD ./Bootloader/main.o
LOAD ./Core/Drivers/STM32F4xx_HAL_Driver/Src/stm32f4xx_hal.o
LOAD ./Core/Drivers/STM32F4xx_HAL_Driver/Src/stm32f4xx_hal_cortex.o
LOAD ./Core/Drivers/STM32F4xx_HAL_Driver/Src/stm32f4xx_hal_dma.o
LOAD ./Core/Drivers/STM32F4xx_HAL_Driver/Src/stm32f4xx_hal_dma2d.o
LOAD ./Core/Drivers/STM32F4xx_HAL_Driver/Src/stm32f4xx_hal_dma_ex.o
LOAD ./Core/Drivers/STM32F4xx_HAL_Driver/Src/stm32f4xx_hal_dsi.o
LOAD ./Core/Drivers/STM32F4xx_HAL_Driver/Src/stm32f4xx_hal_exti.o
LOAD ./Core/Drivers/STM32F4xx_HAL_Driver/Src/stm32f4xx_hal_flash.o
LOAD ./Core/Drivers/STM32F4xx_HAL_Driver/Src/stm32f4xx_hal_flash_ex.o
LOAD ./Core/Drivers/STM32F4xx_HAL_Driver/Src/stm32f4xx_hal_flash_ramfunc.o
LOAD ./Core/Drivers/STM32F4xx_HAL_Driver/Src/stm32f4xx_hal_gpio.o
LOAD ./Core/Drivers/STM32F4xx_HAL_Driver/Src/stm32f4xx_hal_i2c.o
LOAD ./Core/Drivers/STM32F4xx_HAL_Driver/Src/stm32f4xx_hal_i2c_ex.o
LOAD ./Core/Drivers/STM32F4xx_HAL_Driver/Src/stm32f4xx_hal_ltdc.o
LOAD ./Core/Drivers/STM32F4xx_HAL_Driver/Src/stm32f4xx_hal_ltdc_ex.o
LOAD ./Core/Drivers/STM32F4xx_HAL_Driver/Src/stm32f4xx_hal_pwr.o
LOAD ./Core/Drivers/STM32F4xx_HAL_Driver/Src/stm32f4xx_hal_pwr_ex.o
LOAD ./Core/Drivers/STM32F4xx_HAL_Driver/Src/stm32f4xx_hal_rcc.o
LOAD ./Core/Drivers/STM32F4xx_HAL_Driver/Src/stm32f4xx_hal_rcc_ex.o
LOAD ./Core/Drivers/STM32F4xx_HAL_Driver/Src/stm32f4xx_hal_rng.o
LOAD ./Core/Drivers/STM32F4xx_HAL_Driver/Src/stm32f4xx_hal_sdram.o
LOAD ./Core/Drivers/STM32F4xx_HAL_Driver/Src/stm32f4xx_hal_spi.o
LOAD ./Core/Drivers/STM32F4xx_HAL_Driver/Src/stm32f4xx_hal_tim.o
LOAD ./Core/Drivers/STM32F4xx_HAL_Driver/Src/stm32f4xx_hal_tim_ex.o
LOAD ./Core/Drivers/STM32F4xx_HAL_Driver/Src/stm32f4xx_hal_uart.o
LOAD ./Core/Drivers/STM32F4xx_HAL_Driver/Src/stm32f4xx_ll_fmc.o
LOAD ./Core/Graphics/GameEngine.o
LOAD ./Core/Graphics/gpu.o
LOAD ./Core/Graphics/ili9341.o
LOAD ./Core/HW_specific/MCU_init.o
LOAD ./Core/HW_specific/stm32f429i_discovery.o
LOAD ./Core/HW_specific/stm32f429i_discovery_sdram.o
LOAD ./Core/HW_specific/stm32f4xx_hal_msp.o
LOAD ./Core/HW_specific/stm32f4xx_it.o
LOAD ./Core/HW_specific/syscalls.o
LOAD ./Core/HW_specific/sysmem.o
LOAD ./Core/HW_specific/system_stm32f4xx.o
LOAD ./Core/HW_specific/util_spe.o
LOAD ./Core/HW_specific/Startup/startup_stm32f429zitx.o
LOAD ./Core/Input/gamepad.o
LOAD ./Core/Input/gyro.o
LOAD ./Core/Input/l3gd20.o
LOAD ./Core/Input/stmpe811.o
LOAD ./Core/Input/touchpad.o
LOAD ./Core/Scheduler/Scheduler.o
LOAD ./Core/Util/auxiliary.o
LOAD ./Core/Util/printf.o
LOAD ./Filesystem/src/ccsbcs.o
LOAD ./Filesystem/src/diskio.o
LOAD ./Filesystem/src/fatfs.o
LOAD ./Filesystem/src/fatfs_sd.o
LOAD ./Filesystem/src/ff.o
LOAD ./Filesystem/src/ff_gen_drv.o
LOAD ./Filesystem/src/syscall.o
LOAD ./Filesystem/src/user_diskio.o
START GROUP
LOAD c:/st/stm32cubeide_1.4.0/stm32cubeide/plugins/com.st.stm32cube.ide.mcu.externaltools.gnu-tools-for-stm32.10.3-2021.10.win32_1.0.0.202111181127/tools/bin/../lib/gcc/arm-none-eabi/10.3.1/../../../../arm-none-eabi/lib/thumb/v7e-m+fp/hard\libc_nano.a
LOAD c:/st/stm32cubeide_1.4.0/stm32cubeide/plugins/com.st.stm32cube.ide.mcu.externaltools.gnu-tools-for-stm32.10.3-2021.10.win32_1.0.0.202111181127/tools/bin/../lib/gcc/arm-none-eabi/10.3.1/../../../../arm-none-eabi/lib/thumb/v7e-m+fp/hard\libm.a
END GROUP
START GROUP
LOAD c:/st/stm32cubeide_1.4.0/stm32cubeide/plugins/com.st.stm32cube.ide.mcu.externaltools.gnu-tools-for-stm32.10.3-2021.10.win32_1.0.0.202111181127/tools/bin/../lib/gcc/arm-none-eabi/10.3.1/thumb/v7e-m+fp/hard\libgcc.a
LOAD c:/st/stm32cubeide_1.4.0/stm32cubeide/plugins/com.st.stm32cube.ide.mcu.externaltools.gnu-tools-for-stm32.10.3-2021.10.win32_1.0.0.202111181127/tools/bin/../lib/gcc/arm-none-eabi/10.3.1/../../../../arm-none-eabi/lib/thumb/v7e-m+fp/hard\libc_nano.a
END GROUP
START GROUP
LOAD c:/st/stm32cubeide_1.4.0/stm32cubeide/plugins/com.st.stm32cube.ide.mcu.externaltools.gnu-tools-for-stm32.10.3-2021.10.win32_1.0.0.202111181127/tools/bin/../lib/gcc/arm-none-eabi/10.3.1/thumb/v7e-m+fp/hard\libgcc.a
LOAD c:/st/stm32cubeide_1.4.0/stm32cubeide/plugins/com.st.stm32cube.ide.mcu.externaltools.gnu-tools-for-stm32.10.3-2021.10.win32_1.0.0.202111181127/tools/bin/../lib/gcc/arm-none-eabi/10.3.1/../../../../arm-none-eabi/lib/thumb/v7e-m+fp/hard\libc_nano.a
LOAD c:/st/stm32cubeide_1.4.0/stm32cubeide/plugins/com.st.stm32cube.ide.mcu.externaltools.gnu-tools-for-stm32.10.3-2021.10.win32_1.0.0.202111181127/tools/bin/../lib/gcc/arm-none-eabi/10.3.1/../../../../arm-none-eabi/lib/thumb/v7e-m+fp/hard\libnosys.a
END GROUP
START GROUP
LOAD c:/st/stm32cubeide_1.4.0/stm32cubeide/plugins/com.st.stm32cube.ide.mcu.externaltools.gnu-tools-for-stm32.10.3-2021.10.win32_1.0.0.202111181127/tools/bin/../lib/gcc/arm-none-eabi/10.3.1/thumb/v7e-m+fp/hard\libgcc.a
LOAD c:/st/stm32cubeide_1.4.0/stm32cubeide/plugins/com.st.stm32cube.ide.mcu.externaltools.gnu-tools-for-stm32.10.3-2021.10.win32_1.0.0.202111181127/tools/bin/../lib/gcc/arm-none-eabi/10.3.1/../../../../arm-none-eabi/lib/thumb/v7e-m+fp/hard\libc_nano.a
LOAD c:/st/stm32cubeide_1.4.0/stm32cubeide/plugins/com.st.stm32cube.ide.mcu.externaltools.gnu-tools-for-stm32.10.3-2021.10.win32_1.0.0.202111181127/tools/bin/../lib/gcc/arm-none-eabi/10.3.1/../../../../arm-none-eabi/lib/thumb/v7e-m+fp/hard\libnosys.a
END GROUP
LOAD c:/st/stm32cubeide_1.4.0/stm32cubeide/plugins/com.st.stm32cube.ide.mcu.externaltools.gnu-tools-for-stm32.10.3-2021.10.win32_1.0.0.202111181127/tools/bin/../lib/gcc/arm-none-eabi/10.3.1/thumb/v7e-m+fp/hard/crtend.o
LOAD c:/st/stm32cubeide_1.4.0/stm32cubeide/plugins/com.st.stm32cube.ide.mcu.externaltools.gnu-tools-for-stm32.10.3-2021.10.win32_1.0.0.202111181127/tools/bin/../lib/gcc/arm-none-eabi/10.3.1/thumb/v7e-m+fp/hard/crtn.o
                0x0000000020030000                _estack = (ORIGIN (RAM) + LENGTH (RAM))
                0x0000000000000200                _Min_Heap_Size = 0x200
                0x0000000000000400                _Min_Stack_Size = 0x400

.isr_vector     0x0000000008000000      0x1ac
                0x0000000008000000                . = ALIGN (0x4)
 *(.isr_vector)
 .isr_vector    0x0000000008000000      0x1ac ./Core/HW_specific/Startup/startup_stm32f429zitx.o
                0x0000000008000000                g_pfnVectors
                0x00000000080001ac                . = ALIGN (0x4)

.SDRAM1         0x00000000d0000000    0x25800
 *(.sdram1)
 .sdram1        0x00000000d0000000    0x25800 ./Core/Graphics/gpu.o

.SDRAM2         0x00000000d0200000    0x25800
 *(.sdram2)
 .sdram2        0x00000000d0200000    0x25800 ./Core/Graphics/gpu.o

.SDRAM3
 *(.sdram3)

.text           0x00000000080001ac     0xbcb4
                0x00000000080001ac                . = ALIGN (0x4)
 *(.text)
 .text          0x00000000080001ac       0x40 c:/st/stm32cubeide_1.4.0/stm32cubeide/plugins/com.st.stm32cube.ide.mcu.externaltools.gnu-tools-for-stm32.10.3-2021.10.win32_1.0.0.202111181127/tools/bin/../lib/gcc/arm-none-eabi/10.3.1/thumb/v7e-m+fp/hard/crtbegin.o
 .text          0x00000000080001ec       0x10 c:/st/stm32cubeide_1.4.0/stm32cubeide/plugins/com.st.stm32cube.ide.mcu.externaltools.gnu-tools-for-stm32.10.3-2021.10.win32_1.0.0.202111181127/tools/bin/../lib/gcc/arm-none-eabi/10.3.1/../../../../arm-none-eabi/lib/thumb/v7e-m+fp/hard\libc_nano.a(lib_a-strlen.o)
                0x00000000080001ec                strlen
 .text          0x00000000080001fc       0x30 c:/st/stm32cubeide_1.4.0/stm32cubeide/plugins/com.st.stm32cube.ide.mcu.externaltools.gnu-tools-for-stm32.10.3-2021.10.win32_1.0.0.202111181127/tools/bin/../lib/gcc/arm-none-eabi/10.3.1/thumb/v7e-m+fp/hard\libgcc.a(_aeabi_uldivmod.o)
                0x00000000080001fc                __aeabi_uldivmod
 .text          0x000000000800022c      0x2d0 c:/st/stm32cubeide_1.4.0/stm32cubeide/plugins/com.st.stm32cube.ide.mcu.externaltools.gnu-tools-for-stm32.10.3-2021.10.win32_1.0.0.202111181127/tools/bin/../lib/gcc/arm-none-eabi/10.3.1/thumb/v7e-m+fp/hard\libgcc.a(_udivmoddi4.o)
                0x000000000800022c                __udivmoddi4
 .text          0x00000000080004fc        0x4 c:/st/stm32cubeide_1.4.0/stm32cubeide/plugins/com.st.stm32cube.ide.mcu.externaltools.gnu-tools-for-stm32.10.3-2021.10.win32_1.0.0.202111181127/tools/bin/../lib/gcc/arm-none-eabi/10.3.1/thumb/v7e-m+fp/hard\libgcc.a(_dvmd_tls.o)
                0x00000000080004fc                __aeabi_idiv0
                0x00000000080004fc                __aeabi_ldiv0
 *(.text*)
 .text.BL_CopyBinFile
                0x0000000008000500      0x120 ./Bootloader/Bootloader.o
                0x0000000008000500                BL_CopyBinFile
 .text.BL_Go2App
                0x0000000008000620       0x64 ./Bootloader/Bootloader.o
                0x0000000008000620                BL_Go2App
 .text.App_section_erase
                0x0000000008000684       0x52 ./Bootloader/Bootloader.o
 .text.write_data_to_flash_app
                0x00000000080006d6       0x86 ./Bootloader/Bootloader.o
 .text.main     0x000000000800075c       0x58 ./Bootloader/main.o
                0x000000000800075c                main
 .text.Init_backGround
                0x00000000080007b4       0x50 ./Bootloader/main.o
                0x00000000080007b4                Init_backGround
 .text.Init_Arrow
                0x0000000008000804       0x44 ./Bootloader/main.o
                0x0000000008000804                Init_Arrow
 .text.Display_SD_Dir_content
                0x0000000008000848      0x174 ./Bootloader/main.o
                0x0000000008000848                Display_SD_Dir_content
 .text.Choose_BinToload
                0x00000000080009bc       0xfc ./Bootloader/main.o
                0x00000000080009bc                Choose_BinToload
 .text.FileError_Handler
                0x0000000008000ab8        0xc ./Bootloader/main.o
                0x0000000008000ab8                FileError_Handler
 .text.HAL_Init
                0x0000000008000ac4       0x44 ./Core/Drivers/STM32F4xx_HAL_Driver/Src/stm32f4xx_hal.o
                0x0000000008000ac4                HAL_Init
 .text.HAL_InitTick
                0x0000000008000b08       0x60 ./Core/Drivers/STM32F4xx_HAL_Driver/Src/stm32f4xx_hal.o
                0x0000000008000b08                HAL_InitTick
 .text.HAL_IncTick
                0x0000000008000b68       0x28 ./Core/Drivers/STM32F4xx_HAL_Driver/Src/stm32f4xx_hal.o
                0x0000000008000b68                HAL_IncTick
 .text.HAL_GetTick
                0x0000000008000b90       0x18 ./Core/Drivers/STM32F4xx_HAL_Driver/Src/stm32f4xx_hal.o
                0x0000000008000b90                HAL_GetTick
 .text.HAL_Delay
                0x0000000008000ba8       0x48 ./Core/Drivers/STM32F4xx_HAL_Driver/Src/stm32f4xx_hal.o
                0x0000000008000ba8                HAL_Delay
 .text.__NVIC_SetPriorityGrouping
                0x0000000008000bf0       0x48 ./Core/Drivers/STM32F4xx_HAL_Driver/Src/stm32f4xx_hal_cortex.o
 .text.__NVIC_GetPriorityGrouping
                0x0000000008000c38       0x1c ./Core/Drivers/STM32F4xx_HAL_Driver/Src/stm32f4xx_hal_cortex.o
 .text.__NVIC_EnableIRQ
                0x0000000008000c54       0x3c ./Core/Drivers/STM32F4xx_HAL_Driver/Src/stm32f4xx_hal_cortex.o
 .text.__NVIC_SetPriority
                0x0000000008000c90       0x54 ./Core/Drivers/STM32F4xx_HAL_Driver/Src/stm32f4xx_hal_cortex.o
 .text.NVIC_EncodePriority
                0x0000000008000ce4       0x66 ./Core/Drivers/STM32F4xx_HAL_Driver/Src/stm32f4xx_hal_cortex.o
 *fill*         0x0000000008000d4a        0x2 
 .text.SysTick_Config
                0x0000000008000d4c       0x44 ./Core/Drivers/STM32F4xx_HAL_Driver/Src/stm32f4xx_hal_cortex.o
 .text.HAL_NVIC_SetPriorityGrouping
                0x0000000008000d90       0x16 ./Core/Drivers/STM32F4xx_HAL_Driver/Src/stm32f4xx_hal_cortex.o
                0x0000000008000d90                HAL_NVIC_SetPriorityGrouping
 .text.HAL_NVIC_SetPriority
                0x0000000008000da6       0x38 ./Core/Drivers/STM32F4xx_HAL_Driver/Src/stm32f4xx_hal_cortex.o
                0x0000000008000da6                HAL_NVIC_SetPriority
 .text.HAL_NVIC_EnableIRQ
                0x0000000008000dde       0x1c ./Core/Drivers/STM32F4xx_HAL_Driver/Src/stm32f4xx_hal_cortex.o
                0x0000000008000dde                HAL_NVIC_EnableIRQ
 .text.HAL_SYSTICK_Config
                0x0000000008000dfa       0x18 ./Core/Drivers/STM32F4xx_HAL_Driver/Src/stm32f4xx_hal_cortex.o
                0x0000000008000dfa                HAL_SYSTICK_Config
 *fill*         0x0000000008000e12        0x2 
 .text.HAL_DMA_Init
                0x0000000008000e14      0x15c ./Core/Drivers/STM32F4xx_HAL_Driver/Src/stm32f4xx_hal_dma.o
                0x0000000008000e14                HAL_DMA_Init
 .text.HAL_DMA_DeInit
                0x0000000008000f70       0xbc ./Core/Drivers/STM32F4xx_HAL_Driver/Src/stm32f4xx_hal_dma.o
                0x0000000008000f70                HAL_DMA_DeInit
 .text.DMA_CalcBaseAndBitshift
                0x000000000800102c       0x6c ./Core/Drivers/STM32F4xx_HAL_Driver/Src/stm32f4xx_hal_dma.o
 .text.DMA_CheckFifoParam
                0x0000000008001098       0xf8 ./Core/Drivers/STM32F4xx_HAL_Driver/Src/stm32f4xx_hal_dma.o
 .text.HAL_DMA2D_Init
                0x0000000008001190       0x92 ./Core/Drivers/STM32F4xx_HAL_Driver/Src/stm32f4xx_hal_dma2d.o
                0x0000000008001190                HAL_DMA2D_Init
 .text.HAL_DMA2D_Start
                0x0000000008001222       0x56 ./Core/Drivers/STM32F4xx_HAL_Driver/Src/stm32f4xx_hal_dma2d.o
                0x0000000008001222                HAL_DMA2D_Start
 .text.HAL_DMA2D_PollForTransfer
                0x0000000008001278      0x1d2 ./Core/Drivers/STM32F4xx_HAL_Driver/Src/stm32f4xx_hal_dma2d.o
                0x0000000008001278                HAL_DMA2D_PollForTransfer
 *fill*         0x000000000800144a        0x2 
 .text.HAL_DMA2D_ConfigLayer
                0x000000000800144c      0x124 ./Core/Drivers/STM32F4xx_HAL_Driver/Src/stm32f4xx_hal_dma2d.o
                0x000000000800144c                HAL_DMA2D_ConfigLayer
 .text.DMA2D_SetConfig
                0x0000000008001570      0x138 ./Core/Drivers/STM32F4xx_HAL_Driver/Src/stm32f4xx_hal_dma2d.o
 .text.HAL_FLASH_Program
                0x00000000080016a8       0xa8 ./Core/Drivers/STM32F4xx_HAL_Driver/Src/stm32f4xx_hal_flash.o
                0x00000000080016a8                HAL_FLASH_Program
 .text.HAL_FLASH_Unlock
                0x0000000008001750       0x44 ./Core/Drivers/STM32F4xx_HAL_Driver/Src/stm32f4xx_hal_flash.o
                0x0000000008001750                HAL_FLASH_Unlock
 .text.HAL_FLASH_Lock
                0x0000000008001794       0x20 ./Core/Drivers/STM32F4xx_HAL_Driver/Src/stm32f4xx_hal_flash.o
                0x0000000008001794                HAL_FLASH_Lock
 .text.FLASH_WaitForLastOperation
                0x00000000080017b4       0x80 ./Core/Drivers/STM32F4xx_HAL_Driver/Src/stm32f4xx_hal_flash.o
                0x00000000080017b4                FLASH_WaitForLastOperation
 .text.FLASH_Program_DoubleWord
                0x0000000008001834       0x64 ./Core/Drivers/STM32F4xx_HAL_Driver/Src/stm32f4xx_hal_flash.o
 .text.FLASH_Program_Word
                0x0000000008001898       0x44 ./Core/Drivers/STM32F4xx_HAL_Driver/Src/stm32f4xx_hal_flash.o
 .text.FLASH_Program_HalfWord
                0x00000000080018dc       0x48 ./Core/Drivers/STM32F4xx_HAL_Driver/Src/stm32f4xx_hal_flash.o
 .text.FLASH_Program_Byte
                0x0000000008001924       0x44 ./Core/Drivers/STM32F4xx_HAL_Driver/Src/stm32f4xx_hal_flash.o
 .text.FLASH_SetErrorCode
                0x0000000008001968       0xcc ./Core/Drivers/STM32F4xx_HAL_Driver/Src/stm32f4xx_hal_flash.o
 .text.HAL_FLASHEx_Erase
                0x0000000008001a34       0xe4 ./Core/Drivers/STM32F4xx_HAL_Driver/Src/stm32f4xx_hal_flash_ex.o
                0x0000000008001a34                HAL_FLASHEx_Erase
 .text.FLASH_MassErase
                0x0000000008001b18       0x74 ./Core/Drivers/STM32F4xx_HAL_Driver/Src/stm32f4xx_hal_flash_ex.o
 .text.FLASH_Erase_Sector
                0x0000000008001b8c       0x9c ./Core/Drivers/STM32F4xx_HAL_Driver/Src/stm32f4xx_hal_flash_ex.o
                0x0000000008001b8c                FLASH_Erase_Sector
 .text.FLASH_FlushCaches
                0x0000000008001c28       0x8c ./Core/Drivers/STM32F4xx_HAL_Driver/Src/stm32f4xx_hal_flash_ex.o
                0x0000000008001c28                FLASH_FlushCaches
 .text.HAL_GPIO_Init
                0x0000000008001cb4      0x358 ./Core/Drivers/STM32F4xx_HAL_Driver/Src/stm32f4xx_hal_gpio.o
                0x0000000008001cb4                HAL_GPIO_Init
 .text.HAL_GPIO_DeInit
                0x000000000800200c      0x218 ./Core/Drivers/STM32F4xx_HAL_Driver/Src/stm32f4xx_hal_gpio.o
                0x000000000800200c                HAL_GPIO_DeInit
 .text.HAL_GPIO_ReadPin
                0x0000000008002224       0x30 ./Core/Drivers/STM32F4xx_HAL_Driver/Src/stm32f4xx_hal_gpio.o
                0x0000000008002224                HAL_GPIO_ReadPin
 .text.HAL_GPIO_WritePin
                0x0000000008002254       0x32 ./Core/Drivers/STM32F4xx_HAL_Driver/Src/stm32f4xx_hal_gpio.o
                0x0000000008002254                HAL_GPIO_WritePin
 *fill*         0x0000000008002286        0x2 
 .text.HAL_I2C_Init
                0x0000000008002288      0x288 ./Core/Drivers/STM32F4xx_HAL_Driver/Src/stm32f4xx_hal_i2c.o
                0x0000000008002288                HAL_I2C_Init
 .text.HAL_I2C_DeInit
                0x0000000008002510       0x5e ./Core/Drivers/STM32F4xx_HAL_Driver/Src/stm32f4xx_hal_i2c.o
                0x0000000008002510                HAL_I2C_DeInit
 .text.HAL_I2C_MspDeInit
                0x000000000800256e       0x14 ./Core/Drivers/STM32F4xx_HAL_Driver/Src/stm32f4xx_hal_i2c.o
                0x000000000800256e                HAL_I2C_MspDeInit
 *fill*         0x0000000008002582        0x2 
 .text.HAL_I2C_Mem_Write
                0x0000000008002584      0x1f4 ./Core/Drivers/STM32F4xx_HAL_Driver/Src/stm32f4xx_hal_i2c.o
                0x0000000008002584                HAL_I2C_Mem_Write
 .text.HAL_I2C_Mem_Read
                0x0000000008002778      0x44c ./Core/Drivers/STM32F4xx_HAL_Driver/Src/stm32f4xx_hal_i2c.o
                0x0000000008002778                HAL_I2C_Mem_Read
 .text.HAL_I2C_GetState
                0x0000000008002bc4       0x1c ./Core/Drivers/STM32F4xx_HAL_Driver/Src/stm32f4xx_hal_i2c.o
                0x0000000008002bc4                HAL_I2C_GetState
 .text.I2C_RequestMemoryWrite
                0x0000000008002be0      0x12c ./Core/Drivers/STM32F4xx_HAL_Driver/Src/stm32f4xx_hal_i2c.o
 .text.I2C_RequestMemoryRead
                0x0000000008002d0c      0x1d0 ./Core/Drivers/STM32F4xx_HAL_Driver/Src/stm32f4xx_hal_i2c.o
 .text.I2C_WaitOnFlagUntilTimeout
                0x0000000008002edc       0xae ./Core/Drivers/STM32F4xx_HAL_Driver/Src/stm32f4xx_hal_i2c.o
 .text.I2C_WaitOnMasterAddressFlagUntilTimeout
                0x0000000008002f8a       0xfe ./Core/Drivers/STM32F4xx_HAL_Driver/Src/stm32f4xx_hal_i2c.o
 .text.I2C_WaitOnTXEFlagUntilTimeout
                0x0000000008003088       0x82 ./Core/Drivers/STM32F4xx_HAL_Driver/Src/stm32f4xx_hal_i2c.o
 .text.I2C_WaitOnBTFFlagUntilTimeout
                0x000000000800310a       0x82 ./Core/Drivers/STM32F4xx_HAL_Driver/Src/stm32f4xx_hal_i2c.o
 .text.I2C_WaitOnRXNEFlagUntilTimeout
                0x000000000800318c       0xac ./Core/Drivers/STM32F4xx_HAL_Driver/Src/stm32f4xx_hal_i2c.o
 .text.I2C_IsAcknowledgeFailed
                0x0000000008003238       0x5e ./Core/Drivers/STM32F4xx_HAL_Driver/Src/stm32f4xx_hal_i2c.o
 *fill*         0x0000000008003296        0x2 
 .text.HAL_LTDC_Init
                0x0000000008003298      0x1a0 ./Core/Drivers/STM32F4xx_HAL_Driver/Src/stm32f4xx_hal_ltdc.o
                0x0000000008003298                HAL_LTDC_Init
 .text.HAL_LTDC_ConfigLayer
                0x0000000008003438       0x7c ./Core/Drivers/STM32F4xx_HAL_Driver/Src/stm32f4xx_hal_ltdc.o
                0x0000000008003438                HAL_LTDC_ConfigLayer
 .text.HAL_LTDC_ConfigColorKeying_NoReload
                0x00000000080034b4       0x80 ./Core/Drivers/STM32F4xx_HAL_Driver/Src/stm32f4xx_hal_ltdc.o
                0x00000000080034b4                HAL_LTDC_ConfigColorKeying_NoReload
 .text.HAL_LTDC_EnableColorKeying_NoReload
                0x0000000008003534       0x6a ./Core/Drivers/STM32F4xx_HAL_Driver/Src/stm32f4xx_hal_ltdc.o
                0x0000000008003534                HAL_LTDC_EnableColorKeying_NoReload
 .text.LTDC_SetConfig
                0x000000000800359e      0x32e ./Core/Drivers/STM32F4xx_HAL_Driver/Src/stm32f4xx_hal_ltdc.o
 .text.HAL_PWREx_EnableOverDrive
                0x00000000080038cc       0xa0 ./Core/Drivers/STM32F4xx_HAL_Driver/Src/stm32f4xx_hal_pwr_ex.o
                0x00000000080038cc                HAL_PWREx_EnableOverDrive
 .text.HAL_RCC_OscConfig
                0x000000000800396c      0x4dc ./Core/Drivers/STM32F4xx_HAL_Driver/Src/stm32f4xx_hal_rcc.o
                0x000000000800396c                HAL_RCC_OscConfig
 .text.HAL_RCC_ClockConfig
                0x0000000008003e48      0x1cc ./Core/Drivers/STM32F4xx_HAL_Driver/Src/stm32f4xx_hal_rcc.o
                0x0000000008003e48                HAL_RCC_ClockConfig
 .text.HAL_RCC_GetSysClockFreq
                0x0000000008004014      0x20c ./Core/Drivers/STM32F4xx_HAL_Driver/Src/stm32f4xx_hal_rcc.o
                0x0000000008004014                HAL_RCC_GetSysClockFreq
 .text.HAL_RCC_GetHCLKFreq
                0x0000000008004220       0x18 ./Core/Drivers/STM32F4xx_HAL_Driver/Src/stm32f4xx_hal_rcc.o
                0x0000000008004220                HAL_RCC_GetHCLKFreq
 .text.HAL_RCC_GetPCLK1Freq
                0x0000000008004238       0x28 ./Core/Drivers/STM32F4xx_HAL_Driver/Src/stm32f4xx_hal_rcc.o
                0x0000000008004238                HAL_RCC_GetPCLK1Freq
 .text.HAL_RCC_GetPCLK2Freq
                0x0000000008004260       0x28 ./Core/Drivers/STM32F4xx_HAL_Driver/Src/stm32f4xx_hal_rcc.o
                0x0000000008004260                HAL_RCC_GetPCLK2Freq
 .text.HAL_RCCEx_PeriphCLKConfig
                0x0000000008004288      0x380 ./Core/Drivers/STM32F4xx_HAL_Driver/Src/stm32f4xx_hal_rcc_ex.o
                0x0000000008004288                HAL_RCCEx_PeriphCLKConfig
 .text.HAL_RCC_DeInit
                0x0000000008004608      0x1f0 ./Core/Drivers/STM32F4xx_HAL_Driver/Src/stm32f4xx_hal_rcc_ex.o
                0x0000000008004608                HAL_RCC_DeInit
 .text.HAL_SDRAM_Init
                0x00000000080047f8       0x68 ./Core/Drivers/STM32F4xx_HAL_Driver/Src/stm32f4xx_hal_sdram.o
                0x00000000080047f8                HAL_SDRAM_Init
 .text.HAL_SDRAM_MspInit
                0x0000000008004860       0x14 ./Core/Drivers/STM32F4xx_HAL_Driver/Src/stm32f4xx_hal_sdram.o
                0x0000000008004860                HAL_SDRAM_MspInit
 .text.HAL_SDRAM_SendCommand
                0x0000000008004874       0x56 ./Core/Drivers/STM32F4xx_HAL_Driver/Src/stm32f4xx_hal_sdram.o
                0x0000000008004874                HAL_SDRAM_SendCommand
 .text.HAL_SDRAM_ProgramRefreshRate
                0x00000000080048ca       0x40 ./Core/Drivers/STM32F4xx_HAL_Driver/Src/stm32f4xx_hal_sdram.o
                0x00000000080048ca                HAL_SDRAM_ProgramRefreshRate
 .text.HAL_SPI_Init
                0x000000000800490a       0xc8 ./Core/Drivers/STM32F4xx_HAL_Driver/Src/stm32f4xx_hal_spi.o
                0x000000000800490a                HAL_SPI_Init
 .text.HAL_SPI_DeInit
                0x00000000080049d2       0x50 ./Core/Drivers/STM32F4xx_HAL_Driver/Src/stm32f4xx_hal_spi.o
                0x00000000080049d2                HAL_SPI_DeInit
 .text.HAL_SPI_Transmit
                0x0000000008004a22      0x268 ./Core/Drivers/STM32F4xx_HAL_Driver/Src/stm32f4xx_hal_spi.o
                0x0000000008004a22                HAL_SPI_Transmit
 .text.HAL_SPI_TransmitReceive
                0x0000000008004c8a      0x344 ./Core/Drivers/STM32F4xx_HAL_Driver/Src/stm32f4xx_hal_spi.o
                0x0000000008004c8a                HAL_SPI_TransmitReceive
 .text.HAL_SPI_GetState
                0x0000000008004fce       0x1c ./Core/Drivers/STM32F4xx_HAL_Driver/Src/stm32f4xx_hal_spi.o
                0x0000000008004fce                HAL_SPI_GetState
 .text.SPI_WaitFlagStateUntilTimeout
                0x0000000008004fea       0xd4 ./Core/Drivers/STM32F4xx_HAL_Driver/Src/stm32f4xx_hal_spi.o
 *fill*         0x00000000080050be        0x2 
 .text.SPI_EndRxTxTransaction
                0x00000000080050c0       0x84 ./Core/Drivers/STM32F4xx_HAL_Driver/Src/stm32f4xx_hal_spi.o
 .text.HAL_UART_Init
                0x0000000008005144       0x9a ./Core/Drivers/STM32F4xx_HAL_Driver/Src/stm32f4xx_hal_uart.o
                0x0000000008005144                HAL_UART_Init
 *fill*         0x00000000080051de        0x2 
 .text.UART_SetConfig
                0x00000000080051e0      0x99c ./Core/Drivers/STM32F4xx_HAL_Driver/Src/stm32f4xx_hal_uart.o
 .text.FMC_SDRAM_Init
                0x0000000008005b7c       0xe6 ./Core/Drivers/STM32F4xx_HAL_Driver/Src/stm32f4xx_ll_fmc.o
                0x0000000008005b7c                FMC_SDRAM_Init
 .text.FMC_SDRAM_Timing_Init
                0x0000000008005c62       0xfe ./Core/Drivers/STM32F4xx_HAL_Driver/Src/stm32f4xx_ll_fmc.o
                0x0000000008005c62                FMC_SDRAM_Timing_Init
 .text.FMC_SDRAM_SendCommand
                0x0000000008005d60       0x78 ./Core/Drivers/STM32F4xx_HAL_Driver/Src/stm32f4xx_ll_fmc.o
                0x0000000008005d60                FMC_SDRAM_SendCommand
 .text.FMC_SDRAM_ProgramRefreshRate
                0x0000000008005dd8       0x26 ./Core/Drivers/STM32F4xx_HAL_Driver/Src/stm32f4xx_ll_fmc.o
                0x0000000008005dd8                FMC_SDRAM_ProgramRefreshRate
 *fill*         0x0000000008005dfe        0x2 
 .text.BufferConfig
                0x0000000008005e00       0x24 ./Core/Graphics/GameEngine.o
                0x0000000008005e00                BufferConfig
 .text.DrawSprite
                0x0000000008005e24      0x184 ./Core/Graphics/GameEngine.o
                0x0000000008005e24                DrawSprite
 .text.Erase_Sprite
                0x0000000008005fa8       0xcc ./Core/Graphics/GameEngine.o
                0x0000000008005fa8                Erase_Sprite
 .text.rgb888torgb565
                0x0000000008006074       0x5a ./Core/Graphics/GameEngine.o
                0x0000000008006074                rgb888torgb565
 .text.LTDC_ClkConfig
                0x00000000080060ce       0x34 ./Core/Graphics/gpu.o
 *fill*         0x0000000008006102        0x2 
 .text.GPU_BufferConfig
                0x0000000008006104       0x20 ./Core/Graphics/gpu.o
                0x0000000008006104                GPU_BufferConfig
 .text.InitDisplay
                0x0000000008006124       0x68 ./Core/Graphics/gpu.o
                0x0000000008006124                InitDisplay
 .text.CopyBMP  0x000000000800618c       0x88 ./Core/Graphics/gpu.o
                0x000000000800618c                CopyBMP
 .text.Fill_color_buff
                0x0000000008006214       0x88 ./Core/Graphics/gpu.o
                0x0000000008006214                Fill_color_buff
 .text.Draw_Pixel
                0x000000000800629c       0x68 ./Core/Graphics/gpu.o
                0x000000000800629c                Draw_Pixel
 .text.renderChr
                0x0000000008006304       0x7c ./Core/Graphics/gpu.o
                0x0000000008006304                renderChr
 .text.renderStr
                0x0000000008006380       0x58 ./Core/Graphics/gpu.o
                0x0000000008006380                renderStr
 .text.DMA2D_wait
                0x00000000080063d8       0x38 ./Core/Graphics/gpu.o
 .text.Fill_Backgroud_Color
                0x0000000008006410       0x74 ./Core/Graphics/gpu.o
 .text.LTDC_Init
                0x0000000008006484      0x16c ./Core/Graphics/gpu.o
 .text.HAL_DMA2D_MspInit
                0x00000000080065f0       0x44 ./Core/Graphics/gpu.o
                0x00000000080065f0                HAL_DMA2D_MspInit
 .text.HAL_LTDC_MspInit
                0x0000000008006634      0x21c ./Core/Graphics/gpu.o
                0x0000000008006634                HAL_LTDC_MspInit
 .text.ili9341_Init
                0x0000000008006850      0x294 ./Core/Graphics/ili9341.o
                0x0000000008006850                ili9341_Init
 .text.ili9341_WriteReg
                0x0000000008006ae4       0x1a ./Core/Graphics/ili9341.o
                0x0000000008006ae4                ili9341_WriteReg
 .text.ili9341_WriteData
                0x0000000008006afe       0x1a ./Core/Graphics/ili9341.o
                0x0000000008006afe                ili9341_WriteData
 .text.MCU_Init
                0x0000000008006b18       0x1c ./Core/HW_specific/MCU_init.o
                0x0000000008006b18                MCU_Init
 .text.SystemClock_Config
                0x0000000008006b34       0xe0 ./Core/HW_specific/MCU_init.o
 .text.MX_USART1_UART_Init
                0x0000000008006c14       0x54 ./Core/HW_specific/MCU_init.o
                0x0000000008006c14                MX_USART1_UART_Init
 .text.MX_SPI4_Init
                0x0000000008006c68       0x6c ./Core/HW_specific/MCU_init.o
 .text.MX_GPIO_Init
                0x0000000008006cd4       0x58 ./Core/HW_specific/MCU_init.o
 .text.Error_Handler
                0x0000000008006d2c        0x6 ./Core/HW_specific/MCU_init.o
                0x0000000008006d2c                Error_Handler
 *fill*         0x0000000008006d32        0x2 
 .text.I2Cx_MspInit
                0x0000000008006d34       0xec ./Core/HW_specific/stm32f429i_discovery.o
 .text.I2Cx_Init
                0x0000000008006e20       0x64 ./Core/HW_specific/stm32f429i_discovery.o
 .text.I2Cx_WriteData
                0x0000000008006e84       0x54 ./Core/HW_specific/stm32f429i_discovery.o
 .text.I2Cx_ReadData
                0x0000000008006ed8       0x58 ./Core/HW_specific/stm32f429i_discovery.o
 .text.I2Cx_Error
                0x0000000008006f30       0x18 ./Core/HW_specific/stm32f429i_discovery.o
 .text.SPIx_Init
                0x0000000008006f48       0x74 ./Core/HW_specific/stm32f429i_discovery.o
 .text.SPIx_Write
                0x0000000008006fbc       0x3c ./Core/HW_specific/stm32f429i_discovery.o
 .text.SPIx_Error
                0x0000000008006ff8       0x18 ./Core/HW_specific/stm32f429i_discovery.o
 .text.SPIx_MspInit
                0x0000000008007010       0x74 ./Core/HW_specific/stm32f429i_discovery.o
 .text.LCD_IO_Init
                0x0000000008007084       0xf0 ./Core/HW_specific/stm32f429i_discovery.o
                0x0000000008007084                LCD_IO_Init
 .text.LCD_IO_WriteData
                0x0000000008007174       0x44 ./Core/HW_specific/stm32f429i_discovery.o
                0x0000000008007174                LCD_IO_WriteData
 .text.LCD_IO_WriteReg
                0x00000000080071b8       0x44 ./Core/HW_specific/stm32f429i_discovery.o
                0x00000000080071b8                LCD_IO_WriteReg
 .text.LCD_Delay
                0x00000000080071fc       0x16 ./Core/HW_specific/stm32f429i_discovery.o
                0x00000000080071fc                LCD_Delay
 .text.IOE_Init
                0x0000000008007212        0xc ./Core/HW_specific/stm32f429i_discovery.o
                0x0000000008007212                IOE_Init
 .text.IOE_Write
                0x000000000800721e       0x26 ./Core/HW_specific/stm32f429i_discovery.o
                0x000000000800721e                IOE_Write
 .text.IOE_Read
                0x0000000008007244       0x26 ./Core/HW_specific/stm32f429i_discovery.o
                0x0000000008007244                IOE_Read
 .text.IOE_Delay
                0x000000000800726a       0x16 ./Core/HW_specific/stm32f429i_discovery.o
                0x000000000800726a                IOE_Delay
 .text.BSP_SDRAM_Init
                0x0000000008007280       0xbc ./Core/HW_specific/stm32f429i_discovery_sdram.o
                0x0000000008007280                BSP_SDRAM_Init
 .text.BSP_SDRAM_Initialization_sequence
                0x000000000800733c       0xc0 ./Core/HW_specific/stm32f429i_discovery_sdram.o
                0x000000000800733c                BSP_SDRAM_Initialization_sequence
 .text.BSP_SDRAM_MspInit
                0x00000000080073fc      0x218 ./Core/HW_specific/stm32f429i_discovery_sdram.o
                0x00000000080073fc                BSP_SDRAM_MspInit
 .text.HAL_MspInit
                0x0000000008007614       0x58 ./Core/HW_specific/stm32f4xx_hal_msp.o
                0x0000000008007614                HAL_MspInit
 .text.HAL_SPI_MspInit
                0x000000000800766c       0x90 ./Core/HW_specific/stm32f4xx_hal_msp.o
                0x000000000800766c                HAL_SPI_MspInit
 .text.HAL_I2C_MspInit
                0x00000000080076fc       0xd4 ./Core/HW_specific/stm32f4xx_hal_msp.o
                0x00000000080076fc                HAL_I2C_MspInit
 .text.HAL_UART_MspInit
                0x00000000080077d0       0x90 ./Core/HW_specific/stm32f4xx_hal_msp.o
                0x00000000080077d0                HAL_UART_MspInit
 .text.HAL_SPI_MspDeInit
                0x0000000008007860       0x3c ./Core/HW_specific/stm32f4xx_hal_msp.o
                0x0000000008007860                HAL_SPI_MspDeInit
 .text.NMI_Handler
                0x000000000800789c        0xe ./Core/HW_specific/stm32f4xx_it.o
                0x000000000800789c                NMI_Handler
 .text.HardFault_Handler
                0x00000000080078aa        0x6 ./Core/HW_specific/stm32f4xx_it.o
                0x00000000080078aa                HardFault_Handler
 .text.MemManage_Handler
                0x00000000080078b0        0x6 ./Core/HW_specific/stm32f4xx_it.o
                0x00000000080078b0                MemManage_Handler
 .text.BusFault_Handler
                0x00000000080078b6        0x6 ./Core/HW_specific/stm32f4xx_it.o
                0x00000000080078b6                BusFault_Handler
 .text.UsageFault_Handler
                0x00000000080078bc        0x6 ./Core/HW_specific/stm32f4xx_it.o
                0x00000000080078bc                UsageFault_Handler
 .text.SVC_Handler
                0x00000000080078c2        0xe ./Core/HW_specific/stm32f4xx_it.o
                0x00000000080078c2                SVC_Handler
 .text.DebugMon_Handler
                0x00000000080078d0        0xe ./Core/HW_specific/stm32f4xx_it.o
                0x00000000080078d0                DebugMon_Handler
 .text.PendSV_Handler
                0x00000000080078de        0xe ./Core/HW_specific/stm32f4xx_it.o
                0x00000000080078de                PendSV_Handler
 .text.SysTick_Handler
                0x00000000080078ec       0x3c ./Core/HW_specific/stm32f4xx_it.o
                0x00000000080078ec                SysTick_Handler
 .text.SystemInit
                0x0000000008007928       0x2c ./Core/HW_specific/system_stm32f4xx.o
                0x0000000008007928                SystemInit
 .text.Reset_Handler
                0x0000000008007954       0x50 ./Core/HW_specific/Startup/startup_stm32f429zitx.o
                0x0000000008007954                Reset_Handler
 .text.Default_Handler
                0x00000000080079a4        0x2 ./Core/HW_specific/Startup/startup_stm32f429zitx.o
                0x00000000080079a4                RTC_Alarm_IRQHandler
                0x00000000080079a4                HASH_RNG_IRQHandler
                0x00000000080079a4                EXTI2_IRQHandler
                0x00000000080079a4                TIM8_CC_IRQHandler
                0x00000000080079a4                UART8_IRQHandler
                0x00000000080079a4                SPI4_IRQHandler
                0x00000000080079a4                TIM1_CC_IRQHandler
                0x00000000080079a4                DMA2_Stream5_IRQHandler
                0x00000000080079a4                DMA1_Stream5_IRQHandler
                0x00000000080079a4                PVD_IRQHandler
                0x00000000080079a4                SDIO_IRQHandler
                0x00000000080079a4                TAMP_STAMP_IRQHandler
                0x00000000080079a4                CAN2_RX1_IRQHandler
                0x00000000080079a4                EXTI3_IRQHandler
                0x00000000080079a4                TIM8_TRG_COM_TIM14_IRQHandler
                0x00000000080079a4                TIM1_UP_TIM10_IRQHandler
                0x00000000080079a4                TIM8_UP_TIM13_IRQHandler
                0x00000000080079a4                I2C3_ER_IRQHandler
                0x00000000080079a4                EXTI0_IRQHandler
                0x00000000080079a4                I2C2_EV_IRQHandler
                0x00000000080079a4                DMA1_Stream2_IRQHandler
                0x00000000080079a4                CAN1_RX0_IRQHandler
                0x00000000080079a4                FPU_IRQHandler
                0x00000000080079a4                OTG_HS_WKUP_IRQHandler
                0x00000000080079a4                LTDC_ER_IRQHandler
                0x00000000080079a4                CAN2_SCE_IRQHandler
                0x00000000080079a4                DMA2_Stream2_IRQHandler
                0x00000000080079a4                SPI1_IRQHandler
                0x00000000080079a4                TIM6_DAC_IRQHandler
                0x00000000080079a4                TIM1_BRK_TIM9_IRQHandler
                0x00000000080079a4                DCMI_IRQHandler
                0x00000000080079a4                CAN2_RX0_IRQHandler
                0x00000000080079a4                DMA2_Stream3_IRQHandler
                0x00000000080079a4                USART6_IRQHandler
                0x00000000080079a4                USART3_IRQHandler
                0x00000000080079a4                CAN1_RX1_IRQHandler
                0x00000000080079a4                UART5_IRQHandler
                0x00000000080079a4                DMA2_Stream0_IRQHandler
                0x00000000080079a4                TIM4_IRQHandler
                0x00000000080079a4                I2C1_EV_IRQHandler
                0x00000000080079a4                DMA1_Stream6_IRQHandler
                0x00000000080079a4                DMA1_Stream1_IRQHandler
                0x00000000080079a4                UART4_IRQHandler
                0x00000000080079a4                TIM3_IRQHandler
                0x00000000080079a4                RCC_IRQHandler
                0x00000000080079a4                TIM8_BRK_TIM12_IRQHandler
                0x00000000080079a4                Default_Handler
                0x00000000080079a4                EXTI15_10_IRQHandler
                0x00000000080079a4                ADC_IRQHandler
                0x00000000080079a4                DMA1_Stream7_IRQHandler
                0x00000000080079a4                SPI5_IRQHandler
                0x00000000080079a4                TIM7_IRQHandler
                0x00000000080079a4                CAN2_TX_IRQHandler
                0x00000000080079a4                TIM5_IRQHandler
                0x00000000080079a4                DMA2_Stream7_IRQHandler
                0x00000000080079a4                I2C3_EV_IRQHandler
                0x00000000080079a4                EXTI9_5_IRQHandler
                0x00000000080079a4                RTC_WKUP_IRQHandler
                0x00000000080079a4                LTDC_IRQHandler
                0x00000000080079a4                ETH_WKUP_IRQHandler
                0x00000000080079a4                SPI2_IRQHandler
                0x00000000080079a4                OTG_HS_EP1_IN_IRQHandler
                0x00000000080079a4                DMA1_Stream0_IRQHandler
                0x00000000080079a4                CAN1_TX_IRQHandler
                0x00000000080079a4                EXTI4_IRQHandler
                0x00000000080079a4                ETH_IRQHandler
                0x00000000080079a4                OTG_HS_EP1_OUT_IRQHandler
                0x00000000080079a4                WWDG_IRQHandler
                0x00000000080079a4                SPI6_IRQHandler
                0x00000000080079a4                TIM2_IRQHandler
                0x00000000080079a4                OTG_FS_WKUP_IRQHandler
                0x00000000080079a4                TIM1_TRG_COM_TIM11_IRQHandler
                0x00000000080079a4                OTG_HS_IRQHandler
                0x00000000080079a4                DMA2D_IRQHandler
                0x00000000080079a4                EXTI1_IRQHandler
                0x00000000080079a4                UART7_IRQHandler
                0x00000000080079a4                USART2_IRQHandler
                0x00000000080079a4                I2C2_ER_IRQHandler
                0x00000000080079a4                DMA2_Stream1_IRQHandler
                0x00000000080079a4                CAN1_SCE_IRQHandler
                0x00000000080079a4                FLASH_IRQHandler
                0x00000000080079a4                DMA2_Stream4_IRQHandler
                0x00000000080079a4                USART1_IRQHandler
                0x00000000080079a4                OTG_FS_IRQHandler
                0x00000000080079a4                SPI3_IRQHandler
                0x00000000080079a4                DMA1_Stream4_IRQHandler
                0x00000000080079a4                I2C1_ER_IRQHandler
                0x00000000080079a4                FMC_IRQHandler
                0x00000000080079a4                DMA2_Stream6_IRQHandler
                0x00000000080079a4                SAI1_IRQHandler
                0x00000000080079a4                DMA1_Stream3_IRQHandler
 *fill*         0x00000000080079a6        0x2 
 .text.GamePad_Init
                0x00000000080079a8       0x6c ./Core/Input/gamepad.o
                0x00000000080079a8                GamePad_Init
 .text.GamePad_Read
                0x0000000008007a14       0xd8 ./Core/Input/gamepad.o
                0x0000000008007a14                GamePad_Read
 .text.ReadCurrentState
                0x0000000008007aec       0x98 ./Core/Input/gamepad.o
 .text.stmpe811_Init
                0x0000000008007b84       0x50 ./Core/Input/stmpe811.o
                0x0000000008007b84                stmpe811_Init
 .text.stmpe811_Reset
                0x0000000008007bd4       0x3a ./Core/Input/stmpe811.o
                0x0000000008007bd4                stmpe811_Reset
 .text.stmpe811_IO_EnableAF
                0x0000000008007c0e       0x48 ./Core/Input/stmpe811.o
                0x0000000008007c0e                stmpe811_IO_EnableAF
 .text.stmpe811_TS_Start
                0x0000000008007c56       0xf0 ./Core/Input/stmpe811.o
                0x0000000008007c56                stmpe811_TS_Start
 *fill*         0x0000000008007d46        0x2 
 .text.stmpe811_GetInstance
                0x0000000008007d48       0x44 ./Core/Input/stmpe811.o
 .text.touchpad_init
                0x0000000008007d8c       0x14 ./Core/Input/touchpad.o
                0x0000000008007d8c                touchpad_init
 .text.Get_AuxiliaryStatus
                0x0000000008007da0       0x14 ./Core/Util/auxiliary.o
                0x0000000008007da0                Get_AuxiliaryStatus
 .text.ff_convert
                0x0000000008007db4       0x78 ./Filesystem/src/ccsbcs.o
                0x0000000008007db4                ff_convert
 .text.ff_wtoupper
                0x0000000008007e2c      0x114 ./Filesystem/src/ccsbcs.o
                0x0000000008007e2c                ff_wtoupper
 .text.disk_status
                0x0000000008007f40       0x34 ./Filesystem/src/diskio.o
                0x0000000008007f40                disk_status
 .text.disk_initialize
                0x0000000008007f74       0x4c ./Filesystem/src/diskio.o
                0x0000000008007f74                disk_initialize
 .text.disk_read
                0x0000000008007fc0       0x40 ./Filesystem/src/diskio.o
                0x0000000008007fc0                disk_read
 .text.disk_write
                0x0000000008008000       0x40 ./Filesystem/src/diskio.o
                0x0000000008008000                disk_write
 .text.disk_ioctl
                0x0000000008008040       0x3c ./Filesystem/src/diskio.o
                0x0000000008008040                disk_ioctl
 .text.MX_FATFS_Init
                0x000000000800807c       0x24 ./Filesystem/src/fatfs.o
                0x000000000800807c                MX_FATFS_Init
 .text.get_fattime
                0x00000000080080a0       0x10 ./Filesystem/src/fatfs.o
                0x00000000080080a0                get_fattime
 .text.SELECT   0x00000000080080b0       0x1c ./Filesystem/src/fatfs_sd.o
 .text.DESELECT
                0x00000000080080cc       0x1c ./Filesystem/src/fatfs_sd.o
 .text.SPI_TxByte
                0x00000000080080e8       0x34 ./Filesystem/src/fatfs_sd.o
 .text.SPI_TxBuffer
                0x000000000800811c       0x34 ./Filesystem/src/fatfs_sd.o
 .text.SPI_RxByte
                0x0000000008008150       0x38 ./Filesystem/src/fatfs_sd.o
 .text.SPI_RxBytePtr
                0x0000000008008188       0x1c ./Filesystem/src/fatfs_sd.o
 .text.SD_ReadyWait
                0x00000000080081a4       0x34 ./Filesystem/src/fatfs_sd.o
 .text.SD_PowerOn
                0x00000000080081d8       0x84 ./Filesystem/src/fatfs_sd.o
 .text.SD_PowerOff
                0x000000000800825c       0x18 ./Filesystem/src/fatfs_sd.o
 .text.SD_CheckPower
                0x0000000008008274       0x18 ./Filesystem/src/fatfs_sd.o
 .text.SD_RxDataBlock
                0x000000000800828c       0x5c ./Filesystem/src/fatfs_sd.o
 .text.SD_TxDataBlock
                0x00000000080082e8       0x86 ./Filesystem/src/fatfs_sd.o
 .text.SD_SendCmd
                0x000000000800836e       0xa8 ./Filesystem/src/fatfs_sd.o
 *fill*         0x0000000008008416        0x2 
 .text.SD_disk_initialize
                0x0000000008008418      0x1cc ./Filesystem/src/fatfs_sd.o
                0x0000000008008418                SD_disk_initialize
 .text.SD_disk_status
                0x00000000080085e4       0x2c ./Filesystem/src/fatfs_sd.o
                0x00000000080085e4                SD_disk_status
 .text.SD_disk_read
                0x0000000008008610       0xd4 ./Filesystem/src/fatfs_sd.o
                0x0000000008008610                SD_disk_read
 .text.SD_disk_write
                0x00000000080086e4      0x108 ./Filesystem/src/fatfs_sd.o
                0x00000000080086e4                SD_disk_write
 .text.SD_disk_ioctl
                0x00000000080087ec      0x258 ./Filesystem/src/fatfs_sd.o
                0x00000000080087ec                SD_disk_ioctl
 .text.ld_word  0x0000000008008a44       0x30 ./Filesystem/src/ff.o
 .text.ld_dword
                0x0000000008008a74       0x46 ./Filesystem/src/ff.o
 .text.st_word  0x0000000008008aba       0x36 ./Filesystem/src/ff.o
 .text.st_dword
                0x0000000008008af0       0x58 ./Filesystem/src/ff.o
 .text.mem_cpy  0x0000000008008b48       0x42 ./Filesystem/src/ff.o
 .text.mem_set  0x0000000008008b8a       0x36 ./Filesystem/src/ff.o
 .text.mem_cmp  0x0000000008008bc0       0x4e ./Filesystem/src/ff.o
 .text.chk_chr  0x0000000008008c0e       0x36 ./Filesystem/src/ff.o
 .text.chk_lock
                0x0000000008008c44       0xb8 ./Filesystem/src/ff.o
 .text.enq_lock
                0x0000000008008cfc       0x44 ./Filesystem/src/ff.o
 .text.inc_lock
                0x0000000008008d40      0x11c ./Filesystem/src/ff.o
 .text.dec_lock
                0x0000000008008e5c       0x78 ./Filesystem/src/ff.o
 .text.clear_lock
                0x0000000008008ed4       0x48 ./Filesystem/src/ff.o
 .text.sync_window
                0x0000000008008f1c       0x88 ./Filesystem/src/ff.o
 .text.move_window
                0x0000000008008fa4       0x5a ./Filesystem/src/ff.o
 *fill*         0x0000000008008ffe        0x2 
 .text.sync_fs  0x0000000008009000       0xe0 ./Filesystem/src/ff.o
 .text.clust2sect
                0x00000000080090e0       0x3e ./Filesystem/src/ff.o
 .text.get_fat  0x000000000800911e      0x1a8 ./Filesystem/src/ff.o
 .text.put_fat  0x00000000080092c6      0x238 ./Filesystem/src/ff.o
 .text.remove_chain
                0x00000000080094fe       0xca ./Filesystem/src/ff.o
 .text.create_chain
                0x00000000080095c8      0x130 ./Filesystem/src/ff.o
 .text.clmt_clust
                0x00000000080096f8       0x70 ./Filesystem/src/ff.o
 .text.dir_sdi  0x0000000008009768      0x112 ./Filesystem/src/ff.o
 .text.dir_next
                0x000000000800987a      0x1ac ./Filesystem/src/ff.o
 .text.dir_alloc
                0x0000000008009a26       0x8e ./Filesystem/src/ff.o
 .text.ld_clust
                0x0000000008009ab4       0x3e ./Filesystem/src/ff.o
 .text.st_clust
                0x0000000008009af2       0x40 ./Filesystem/src/ff.o
 *fill*         0x0000000008009b32        0x2 
 .text.cmp_lfn  0x0000000008009b34       0xe0 ./Filesystem/src/ff.o
 .text.pick_lfn
                0x0000000008009c14       0xc8 ./Filesystem/src/ff.o
 .text.put_lfn  0x0000000008009cdc       0xd0 ./Filesystem/src/ff.o
 .text.gen_numname
                0x0000000008009dac      0x11c ./Filesystem/src/ff.o
 .text.sum_sfn  0x0000000008009ec8       0x42 ./Filesystem/src/ff.o
 .text.dir_read
                0x0000000008009f0a      0x14e ./Filesystem/src/ff.o
 .text.dir_find
                0x000000000800a058      0x180 ./Filesystem/src/ff.o
 .text.dir_register
                0x000000000800a1d8      0x1f0 ./Filesystem/src/ff.o
 .text.get_fileinfo
                0x000000000800a3c8      0x1ba ./Filesystem/src/ff.o
 *fill*         0x000000000800a582        0x2 
 .text.create_name
                0x000000000800a584      0x370 ./Filesystem/src/ff.o
 .text.follow_path
                0x000000000800a8f4       0xec ./Filesystem/src/ff.o
 .text.get_ldnumber
                0x000000000800a9e0       0x88 ./Filesystem/src/ff.o
 .text.check_fs
                0x000000000800aa68       0xac ./Filesystem/src/ff.o
 .text.find_volume
                0x000000000800ab14      0x500 ./Filesystem/src/ff.o
 .text.validate
                0x000000000800b014       0x6a ./Filesystem/src/ff.o
 *fill*         0x000000000800b07e        0x2 
 .text.f_mount  0x000000000800b080       0x8c ./Filesystem/src/ff.o
                0x000000000800b080                f_mount
 .text.f_open   0x000000000800b10c      0x546 ./Filesystem/src/ff.o
                0x000000000800b10c                f_open
 .text.f_read   0x000000000800b652      0x272 ./Filesystem/src/ff.o
                0x000000000800b652                f_read
 .text.f_sync   0x000000000800b8c4       0xc6 ./Filesystem/src/ff.o
                0x000000000800b8c4                f_sync
 .text.f_close  0x000000000800b98a       0x54 ./Filesystem/src/ff.o
                0x000000000800b98a                f_close
 .text.f_opendir
                0x000000000800b9de      0x17a ./Filesystem/src/ff.o
                0x000000000800b9de                f_opendir
 .text.f_readdir
                0x000000000800bb58       0xe6 ./Filesystem/src/ff.o
                0x000000000800bb58                f_readdir
 *fill*         0x000000000800bc3e        0x2 
 .text.FATFS_LinkDriverEx
                0x000000000800bc40       0x98 ./Filesystem/src/ff_gen_drv.o
                0x000000000800bc40                FATFS_LinkDriverEx
 .text.FATFS_LinkDriver
                0x000000000800bcd8       0x1e ./Filesystem/src/ff_gen_drv.o
                0x000000000800bcd8                FATFS_LinkDriver
 .text.USER_initialize
                0x000000000800bcf6       0x1e ./Filesystem/src/user_diskio.o
                0x000000000800bcf6                USER_initialize
 .text.USER_status
                0x000000000800bd14       0x1e ./Filesystem/src/user_diskio.o
                0x000000000800bd14                USER_status
 .text.USER_read
                0x000000000800bd32       0x28 ./Filesystem/src/user_diskio.o
                0x000000000800bd32                USER_read
 .text.USER_write
                0x000000000800bd5a       0x28 ./Filesystem/src/user_diskio.o
                0x000000000800bd5a                USER_write
 .text.USER_ioctl
                0x000000000800bd82       0x28 ./Filesystem/src/user_diskio.o
                0x000000000800bd82                USER_ioctl
 *fill*         0x000000000800bdaa        0x2 
 .text.__libc_init_array
                0x000000000800bdac       0x48 c:/st/stm32cubeide_1.4.0/stm32cubeide/plugins/com.st.stm32cube.ide.mcu.externaltools.gnu-tools-for-stm32.10.3-2021.10.win32_1.0.0.202111181127/tools/bin/../lib/gcc/arm-none-eabi/10.3.1/../../../../arm-none-eabi/lib/thumb/v7e-m+fp/hard\libc_nano.a(lib_a-init.o)
                0x000000000800bdac                __libc_init_array
 .text.memset   0x000000000800bdf4       0x10 c:/st/stm32cubeide_1.4.0/stm32cubeide/plugins/com.st.stm32cube.ide.mcu.externaltools.gnu-tools-for-stm32.10.3-2021.10.win32_1.0.0.202111181127/tools/bin/../lib/gcc/arm-none-eabi/10.3.1/../../../../arm-none-eabi/lib/thumb/v7e-m+fp/hard\libc_nano.a(lib_a-memset.o)
                0x000000000800bdf4                memset
 .text.strcat   0x000000000800be04       0x1e c:/st/stm32cubeide_1.4.0/stm32cubeide/plugins/com.st.stm32cube.ide.mcu.externaltools.gnu-tools-for-stm32.10.3-2021.10.win32_1.0.0.202111181127/tools/bin/../lib/gcc/arm-none-eabi/10.3.1/../../../../arm-none-eabi/lib/thumb/v7e-m+fp/hard\libc_nano.a(lib_a-strcat.o)
                0x000000000800be04                strcat
 .text.strncpy  0x000000000800be22       0x26 c:/st/stm32cubeide_1.4.0/stm32cubeide/plugins/com.st.stm32cube.ide.mcu.externaltools.gnu-tools-for-stm32.10.3-2021.10.win32_1.0.0.202111181127/tools/bin/../lib/gcc/arm-none-eabi/10.3.1/../../../../arm-none-eabi/lib/thumb/v7e-m+fp/hard\libc_nano.a(lib_a-strncpy.o)
                0x000000000800be22                strncpy
 *(.glue_7)
 .glue_7        0x000000000800be48        0x0 linker stubs
 *(.glue_7t)
 .glue_7t       0x000000000800be48        0x0 linker stubs
 *(.eh_frame)
 .eh_frame      0x000000000800be48        0x0 c:/st/stm32cubeide_1.4.0/stm32cubeide/plugins/com.st.stm32cube.ide.mcu.externaltools.gnu-tools-for-stm32.10.3-2021.10.win32_1.0.0.202111181127/tools/bin/../lib/gcc/arm-none-eabi/10.3.1/thumb/v7e-m+fp/hard/crtbegin.o
 *(.init)
 .init          0x000000000800be48        0x4 c:/st/stm32cubeide_1.4.0/stm32cubeide/plugins/com.st.stm32cube.ide.mcu.externaltools.gnu-tools-for-stm32.10.3-2021.10.win32_1.0.0.202111181127/tools/bin/../lib/gcc/arm-none-eabi/10.3.1/thumb/v7e-m+fp/hard/crti.o
                0x000000000800be48                _init
 .init          0x000000000800be4c        0x8 c:/st/stm32cubeide_1.4.0/stm32cubeide/plugins/com.st.stm32cube.ide.mcu.externaltools.gnu-tools-for-stm32.10.3-2021.10.win32_1.0.0.202111181127/tools/bin/../lib/gcc/arm-none-eabi/10.3.1/thumb/v7e-m+fp/hard/crtn.o
 *(.fini)
 .fini          0x000000000800be54        0x4 c:/st/stm32cubeide_1.4.0/stm32cubeide/plugins/com.st.stm32cube.ide.mcu.externaltools.gnu-tools-for-stm32.10.3-2021.10.win32_1.0.0.202111181127/tools/bin/../lib/gcc/arm-none-eabi/10.3.1/thumb/v7e-m+fp/hard/crti.o
                0x000000000800be54                _fini
 .fini          0x000000000800be58        0x8 c:/st/stm32cubeide_1.4.0/stm32cubeide/plugins/com.st.stm32cube.ide.mcu.externaltools.gnu-tools-for-stm32.10.3-2021.10.win32_1.0.0.202111181127/tools/bin/../lib/gcc/arm-none-eabi/10.3.1/thumb/v7e-m+fp/hard/crtn.o
                0x000000000800be60                . = ALIGN (0x4)
                0x000000000800be60                _etext = .

.vfp11_veneer   0x000000000800be60        0x0
 .vfp11_veneer  0x000000000800be60        0x0 linker stubs

.v4_bx          0x000000000800be60        0x0
 .v4_bx         0x000000000800be60        0x0 linker stubs

.iplt           0x000000000800be60        0x0
 .iplt          0x000000000800be60        0x0 c:/st/stm32cubeide_1.4.0/stm32cubeide/plugins/com.st.stm32cube.ide.mcu.externaltools.gnu-tools-for-stm32.10.3-2021.10.win32_1.0.0.202111181127/tools/bin/../lib/gcc/arm-none-eabi/10.3.1/thumb/v7e-m+fp/hard/crtbegin.o

.rodata         0x000000000800be60      0x898
                0x000000000800be60                . = ALIGN (0x4)
 *(.rodata)
 .rodata        0x000000000800be60       0x1f ./Bootloader/Bootloader.o
 *fill*         0x000000000800be7f        0x1 
 .rodata        0x000000000800be80       0x36 ./Bootloader/main.o
 *fill*         0x000000000800beb6        0x2 
 .rodata        0x000000000800beb8       0x48 ./Filesystem/src/ff.o
 *(.rodata*)
 .rodata.image_arrow
                0x000000000800bf00       0xa0 ./Bootloader/main.o
 .rodata.flagBitshiftOffset.0
                0x000000000800bfa0        0x8 ./Core/Drivers/STM32F4xx_HAL_Driver/Src/stm32f4xx_hal_dma.o
 .rodata.font8x8
                0x000000000800bfa8      0x2f8 ./Core/Graphics/gpu.o
                0x000000000800bfa8                font8x8
 .rodata.AHBPrescTable
                0x000000000800c2a0       0x10 ./Core/HW_specific/system_stm32f4xx.o
                0x000000000800c2a0                AHBPrescTable
 .rodata.APBPrescTable
                0x000000000800c2b0        0x8 ./Core/HW_specific/system_stm32f4xx.o
                0x000000000800c2b0                APBPrescTable
 .rodata.Tbl    0x000000000800c2b8      0x100 ./Filesystem/src/ccsbcs.o
 .rodata.cvt1.1
                0x000000000800c3b8      0x1f2 ./Filesystem/src/ccsbcs.o
 *fill*         0x000000000800c5aa        0x2 
 .rodata.cvt2.0
                0x000000000800c5ac       0xbc ./Filesystem/src/ccsbcs.o
 .rodata.ExCvt  0x000000000800c668       0x80 ./Filesystem/src/ff.o
 .rodata.LfnOfs
                0x000000000800c6e8        0xd ./Filesystem/src/ff.o
                0x000000000800c6f8                . = ALIGN (0x4)
 *fill*         0x000000000800c6f5        0x3 

.ARM.extab      0x000000000800c6f8        0x0
                0x000000000800c6f8                . = ALIGN (0x4)
 *(.ARM.extab* .gnu.linkonce.armextab.*)
                0x000000000800c6f8                . = ALIGN (0x4)

.ARM            0x000000000800c6f8        0x8
                0x000000000800c6f8                . = ALIGN (0x4)
                0x000000000800c6f8                __exidx_start = .
 *(.ARM.exidx*)
 .ARM.exidx     0x000000000800c6f8        0x8 c:/st/stm32cubeide_1.4.0/stm32cubeide/plugins/com.st.stm32cube.ide.mcu.externaltools.gnu-tools-for-stm32.10.3-2021.10.win32_1.0.0.202111181127/tools/bin/../lib/gcc/arm-none-eabi/10.3.1/thumb/v7e-m+fp/hard\libgcc.a(_udivmoddi4.o)
                0x000000000800c700                __exidx_end = .
                0x000000000800c700                . = ALIGN (0x4)

.rel.dyn        0x000000000800c700        0x0
 .rel.iplt      0x000000000800c700        0x0 c:/st/stm32cubeide_1.4.0/stm32cubeide/plugins/com.st.stm32cube.ide.mcu.externaltools.gnu-tools-for-stm32.10.3-2021.10.win32_1.0.0.202111181127/tools/bin/../lib/gcc/arm-none-eabi/10.3.1/thumb/v7e-m+fp/hard/crtbegin.o

.preinit_array  0x000000000800c700        0x0
                0x000000000800c700                . = ALIGN (0x4)
                0x000000000800c700                PROVIDE (__preinit_array_start = .)
 *(.preinit_array*)
                0x000000000800c700                PROVIDE (__preinit_array_end = .)
                0x000000000800c700                . = ALIGN (0x4)

.init_array     0x000000000800c700        0x4
                0x000000000800c700                . = ALIGN (0x4)
                0x000000000800c700                PROVIDE (__init_array_start = .)
 *(SORT_BY_NAME(.init_array.*))
 *(.init_array*)
 .init_array    0x000000000800c700        0x4 c:/st/stm32cubeide_1.4.0/stm32cubeide/plugins/com.st.stm32cube.ide.mcu.externaltools.gnu-tools-for-stm32.10.3-2021.10.win32_1.0.0.202111181127/tools/bin/../lib/gcc/arm-none-eabi/10.3.1/thumb/v7e-m+fp/hard/crtbegin.o
                0x000000000800c704                PROVIDE (__init_array_end = .)
                0x000000000800c704                . = ALIGN (0x4)

.fini_array     0x000000000800c704        0x4
                0x000000000800c704                . = ALIGN (0x4)
                [!provide]                        PROVIDE (__fini_array_start = .)
 *(SORT_BY_NAME(.fini_array.*))
 *(.fini_array*)
 .fini_array    0x000000000800c704        0x4 c:/st/stm32cubeide_1.4.0/stm32cubeide/plugins/com.st.stm32cube.ide.mcu.externaltools.gnu-tools-for-stm32.10.3-2021.10.win32_1.0.0.202111181127/tools/bin/../lib/gcc/arm-none-eabi/10.3.1/thumb/v7e-m+fp/hard/crtbegin.o
                [!provide]                        PROVIDE (__fini_array_end = .)
                0x000000000800c708                . = ALIGN (0x4)
                0x000000000800c708                _sidata = LOADADDR (.data)

.data           0x0000000020000000       0x50 load address 0x000000000800c708
                0x0000000020000000                . = ALIGN (0x4)
                0x0000000020000000                _sdata = .
 *(.data)
 *(.data*)
 .data.bin.0    0x0000000020000000       0x1e ./Bootloader/main.o
 *fill*         0x000000002000001e        0x2 
 .data.uwTickPrio
                0x0000000020000020        0x4 ./Core/Drivers/STM32F4xx_HAL_Driver/Src/stm32f4xx_hal.o
                0x0000000020000020                uwTickPrio
 .data.uwTickFreq
                0x0000000020000024        0x1 ./Core/Drivers/STM32F4xx_HAL_Driver/Src/stm32f4xx_hal.o
                0x0000000020000024                uwTickFreq
 .data.buffering
                0x0000000020000025        0x1 ./Core/Graphics/GameEngine.o
 .data.Dbuff    0x0000000020000026        0x1 ./Core/Graphics/gpu.o
 *fill*         0x0000000020000027        0x1 
 .data.I2cxTimeout
                0x0000000020000028        0x4 ./Core/HW_specific/stm32f429i_discovery.o
                0x0000000020000028                I2cxTimeout
 .data.SpixTimeout
                0x000000002000002c        0x4 ./Core/HW_specific/stm32f429i_discovery.o
                0x000000002000002c                SpixTimeout
 .data.sdramstatus.2
                0x0000000020000030        0x1 ./Core/HW_specific/stm32f429i_discovery_sdram.o
 *fill*         0x0000000020000031        0x3 
 .data.SystemCoreClock
                0x0000000020000034        0x4 ./Core/HW_specific/system_stm32f4xx.o
                0x0000000020000034                SystemCoreClock
 .data.Stat     0x0000000020000038        0x1 ./Filesystem/src/fatfs_sd.o
 *fill*         0x0000000020000039        0x3 
 .data.USER_Driver
                0x000000002000003c       0x14 ./Filesystem/src/user_diskio.o
                0x000000002000003c                USER_Driver
                0x0000000020000050                . = ALIGN (0x4)
                0x0000000020000050                _edata = .

.igot.plt       0x0000000020000050        0x0 load address 0x000000000800c758
 .igot.plt      0x0000000020000050        0x0 c:/st/stm32cubeide_1.4.0/stm32cubeide/plugins/com.st.stm32cube.ide.mcu.externaltools.gnu-tools-for-stm32.10.3-2021.10.win32_1.0.0.202111181127/tools/bin/../lib/gcc/arm-none-eabi/10.3.1/thumb/v7e-m+fp/hard/crtbegin.o
                0x0000000020000050                . = ALIGN (0x4)

.bss            0x0000000020000050     0x15bc load address 0x000000000800c758
                0x0000000020000050                _sbss = .
                0x0000000020000050                __bss_start__ = _sbss
 *(.bss)
 .bss           0x0000000020000050       0x1c c:/st/stm32cubeide_1.4.0/stm32cubeide/plugins/com.st.stm32cube.ide.mcu.externaltools.gnu-tools-for-stm32.10.3-2021.10.win32_1.0.0.202111181127/tools/bin/../lib/gcc/arm-none-eabi/10.3.1/thumb/v7e-m+fp/hard/crtbegin.o
 *(.bss*)
 .bss.BackGround
                0x000000002000006c       0x88 ./Bootloader/main.o
                0x000000002000006c                BackGround
 .bss.arrow     0x00000000200000f4       0x88 ./Bootloader/main.o
                0x00000000200000f4                arrow
 .bss.GamePad   0x000000002000017c        0xc ./Bootloader/main.o
                0x000000002000017c                GamePad
 .bss.fs        0x0000000020000188     0x1038 ./Bootloader/main.o
                0x0000000020000188                fs
 .bss.content   0x00000000200011c0       0xc8 ./Bootloader/main.o
                0x00000000200011c0                content
 .bss.i         0x0000000020001288        0x4 ./Bootloader/main.o
                0x0000000020001288                i
 .bss.uwTick    0x000000002000128c        0x4 ./Core/Drivers/STM32F4xx_HAL_Driver/Src/stm32f4xx_hal.o
                0x000000002000128c                uwTick
 .bss.pFlash    0x0000000020001290       0x20 ./Core/Drivers/STM32F4xx_HAL_Driver/Src/stm32f4xx_hal_flash.o
                0x0000000020001290                pFlash
 .bss.hltdc     0x00000000200012b0       0xa8 ./Core/Graphics/gpu.o
 .bss.hdma2d    0x0000000020001358       0x40 ./Core/Graphics/gpu.o
 .bss.background_img
                0x0000000020001398        0x4 ./Core/Graphics/gpu.o
 .bss.disp      0x000000002000139c       0x10 ./Core/Graphics/gpu.o
                0x000000002000139c                disp
 .bss.huart1    0x00000000200013ac       0x40 ./Core/HW_specific/MCU_init.o
                0x00000000200013ac                huart1
 .bss.hspi4     0x00000000200013ec       0x58 ./Core/HW_specific/MCU_init.o
                0x00000000200013ec                hspi4
 .bss.I2cHandle
                0x0000000020001444       0x54 ./Core/HW_specific/stm32f429i_discovery.o
                0x0000000020001444                I2cHandle
 .bss.SpiHandle
                0x0000000020001498       0x58 ./Core/HW_specific/stm32f429i_discovery.o
 .bss.Is_LCD_IO_Initialized
                0x00000000200014f0        0x1 ./Core/HW_specific/stm32f429i_discovery.o
 *fill*         0x00000000200014f1        0x3 
 .bss.SdramHandle
                0x00000000200014f4       0x34 ./Core/HW_specific/stm32f429i_discovery_sdram.o
 .bss.Timing    0x0000000020001528       0x1c ./Core/HW_specific/stm32f429i_discovery_sdram.o
 .bss.Command   0x0000000020001544       0x10 ./Core/HW_specific/stm32f429i_discovery_sdram.o
 .bss.dmaHandle.1
                0x0000000020001554       0x60 ./Core/HW_specific/stm32f429i_discovery_sdram.o
 .bss.GamePad   0x00000000200015b4        0xc ./Core/Input/gamepad.o
 .bss.stmpe811  0x00000000200015c0        0x2 ./Core/Input/stmpe811.o
                0x00000000200015c0                stmpe811
 *fill*         0x00000000200015c2        0x2 
 .bss.aux_var   0x00000000200015c4        0x4 ./Core/Util/auxiliary.o
 .bss.retUSER   0x00000000200015c8        0x1 ./Filesystem/src/fatfs.o
                0x00000000200015c8                retUSER
 *fill*         0x00000000200015c9        0x3 
 .bss.USERPath  0x00000000200015cc        0x4 ./Filesystem/src/fatfs.o
                0x00000000200015cc                USERPath
 .bss.Timer1    0x00000000200015d0        0x2 ./Filesystem/src/fatfs_sd.o
                0x00000000200015d0                Timer1
 .bss.Timer2    0x00000000200015d2        0x2 ./Filesystem/src/fatfs_sd.o
                0x00000000200015d2                Timer2
 .bss.CardType  0x00000000200015d4        0x1 ./Filesystem/src/fatfs_sd.o
 .bss.PowerFlag
                0x00000000200015d5        0x1 ./Filesystem/src/fatfs_sd.o
 *fill*         0x00000000200015d6        0x2 
 .bss.FatFs     0x00000000200015d8        0x4 ./Filesystem/src/ff.o
 .bss.Fsid      0x00000000200015dc        0x2 ./Filesystem/src/ff.o
 *fill*         0x00000000200015de        0x2 
 .bss.Files     0x00000000200015e0       0x20 ./Filesystem/src/ff.o
 .bss.disk      0x0000000020001600        0xc ./Filesystem/src/ff_gen_drv.o
                0x0000000020001600                disk
 *(COMMON)
                0x000000002000160c                . = ALIGN (0x4)
                0x000000002000160c                _ebss = .
                0x000000002000160c                __bss_end__ = _ebss

._user_heap_stack
                0x000000002000160c      0x604 load address 0x000000000800c758
                0x0000000020001610                . = ALIGN (0x8)
 *fill*         0x000000002000160c        0x4 
                [!provide]                        PROVIDE (end = .)
                0x0000000020001610                PROVIDE (_end = .)
                0x0000000020001810                . = (. + _Min_Heap_Size)
 *fill*         0x0000000020001610      0x200 
                0x0000000020001c10                . = (. + _Min_Stack_Size)
 *fill*         0x0000000020001810      0x400 
                0x0000000020001c10                . = ALIGN (0x8)

/DISCARD/
 libc.a(*)
 libm.a(*)
 libgcc.a(*)

.ARM.attributes
                0x0000000000000000       0x30
 *(.ARM.attributes)
 .ARM.attributes
                0x0000000000000000       0x1e c:/st/stm32cubeide_1.4.0/stm32cubeide/plugins/com.st.stm32cube.ide.mcu.externaltools.gnu-tools-for-stm32.10.3-2021.10.win32_1.0.0.202111181127/tools/bin/../lib/gcc/arm-none-eabi/10.3.1/thumb/v7e-m+fp/hard/crti.o
 .ARM.attributes
                0x000000000000001e       0x34 c:/st/stm32cubeide_1.4.0/stm32cubeide/plugins/com.st.stm32cube.ide.mcu.externaltools.gnu-tools-for-stm32.10.3-2021.10.win32_1.0.0.202111181127/tools/bin/../lib/gcc/arm-none-eabi/10.3.1/thumb/v7e-m+fp/hard/crtbegin.o
 .ARM.attributes
                0x0000000000000052       0x34 ./Bootloader/Bootloader.o
 .ARM.attributes
                0x0000000000000086       0x34 ./Bootloader/main.o
 .ARM.attributes
                0x00000000000000ba       0x34 ./Core/Drivers/STM32F4xx_HAL_Driver/Src/stm32f4xx_hal.o
 .ARM.attributes
                0x00000000000000ee       0x34 ./Core/Drivers/STM32F4xx_HAL_Driver/Src/stm32f4xx_hal_cortex.o
 .ARM.attributes
                0x0000000000000122       0x34 ./Core/Drivers/STM32F4xx_HAL_Driver/Src/stm32f4xx_hal_dma.o
 .ARM.attributes
                0x0000000000000156       0x34 ./Core/Drivers/STM32F4xx_HAL_Driver/Src/stm32f4xx_hal_dma2d.o
 .ARM.attributes
                0x000000000000018a       0x34 ./Core/Drivers/STM32F4xx_HAL_Driver/Src/stm32f4xx_hal_flash.o
 .ARM.attributes
                0x00000000000001be       0x34 ./Core/Drivers/STM32F4xx_HAL_Driver/Src/stm32f4xx_hal_flash_ex.o
 .ARM.attributes
                0x00000000000001f2       0x34 ./Core/Drivers/STM32F4xx_HAL_Driver/Src/stm32f4xx_hal_gpio.o
 .ARM.attributes
                0x0000000000000226       0x34 ./Core/Drivers/STM32F4xx_HAL_Driver/Src/stm32f4xx_hal_i2c.o
 .ARM.attributes
                0x000000000000025a       0x34 ./Core/Drivers/STM32F4xx_HAL_Driver/Src/stm32f4xx_hal_ltdc.o
 .ARM.attributes
                0x000000000000028e       0x34 ./Core/Drivers/STM32F4xx_HAL_Driver/Src/stm32f4xx_hal_pwr_ex.o
 .ARM.attributes
                0x00000000000002c2       0x34 ./Core/Drivers/STM32F4xx_HAL_Driver/Src/stm32f4xx_hal_rcc.o
 .ARM.attributes
                0x00000000000002f6       0x34 ./Core/Drivers/STM32F4xx_HAL_Driver/Src/stm32f4xx_hal_rcc_ex.o
 .ARM.attributes
                0x000000000000032a       0x34 ./Core/Drivers/STM32F4xx_HAL_Driver/Src/stm32f4xx_hal_sdram.o
 .ARM.attributes
                0x000000000000035e       0x34 ./Core/Drivers/STM32F4xx_HAL_Driver/Src/stm32f4xx_hal_spi.o
 .ARM.attributes
                0x0000000000000392       0x34 ./Core/Drivers/STM32F4xx_HAL_Driver/Src/stm32f4xx_hal_uart.o
 .ARM.attributes
                0x00000000000003c6       0x34 ./Core/Drivers/STM32F4xx_HAL_Driver/Src/stm32f4xx_ll_fmc.o
 .ARM.attributes
                0x00000000000003fa       0x34 ./Core/Graphics/GameEngine.o
 .ARM.attributes
                0x000000000000042e       0x34 ./Core/Graphics/gpu.o
 .ARM.attributes
                0x0000000000000462       0x34 ./Core/Graphics/ili9341.o
 .ARM.attributes
                0x0000000000000496       0x34 ./Core/HW_specific/MCU_init.o
 .ARM.attributes
                0x00000000000004ca       0x34 ./Core/HW_specific/stm32f429i_discovery.o
 .ARM.attributes
                0x00000000000004fe       0x34 ./Core/HW_specific/stm32f429i_discovery_sdram.o
 .ARM.attributes
                0x0000000000000532       0x34 ./Core/HW_specific/stm32f4xx_hal_msp.o
 .ARM.attributes
                0x0000000000000566       0x34 ./Core/HW_specific/stm32f4xx_it.o
 .ARM.attributes
                0x000000000000059a       0x34 ./Core/HW_specific/system_stm32f4xx.o
 .ARM.attributes
                0x00000000000005ce       0x21 ./Core/HW_specific/Startup/startup_stm32f429zitx.o
 .ARM.attributes
                0x00000000000005ef       0x34 ./Core/Input/gamepad.o
 .ARM.attributes
                0x0000000000000623       0x34 ./Core/Input/stmpe811.o
 .ARM.attributes
                0x0000000000000657       0x34 ./Core/Input/touchpad.o
 .ARM.attributes
                0x000000000000068b       0x34 ./Core/Util/auxiliary.o
 .ARM.attributes
                0x00000000000006bf       0x34 ./Filesystem/src/ccsbcs.o
 .ARM.attributes
                0x00000000000006f3       0x34 ./Filesystem/src/diskio.o
 .ARM.attributes
                0x0000000000000727       0x34 ./Filesystem/src/fatfs.o
 .ARM.attributes
                0x000000000000075b       0x34 ./Filesystem/src/fatfs_sd.o
 .ARM.attributes
                0x000000000000078f       0x34 ./Filesystem/src/ff.o
 .ARM.attributes
                0x00000000000007c3       0x34 ./Filesystem/src/ff_gen_drv.o
 .ARM.attributes
                0x00000000000007f7       0x34 ./Filesystem/src/user_diskio.o
 .ARM.attributes
                0x000000000000082b       0x34 c:/st/stm32cubeide_1.4.0/stm32cubeide/plugins/com.st.stm32cube.ide.mcu.externaltools.gnu-tools-for-stm32.10.3-2021.10.win32_1.0.0.202111181127/tools/bin/../lib/gcc/arm-none-eabi/10.3.1/../../../../arm-none-eabi/lib/thumb/v7e-m+fp/hard\libc_nano.a(lib_a-init.o)
 .ARM.attributes
                0x000000000000085f       0x34 c:/st/stm32cubeide_1.4.0/stm32cubeide/plugins/com.st.stm32cube.ide.mcu.externaltools.gnu-tools-for-stm32.10.3-2021.10.win32_1.0.0.202111181127/tools/bin/../lib/gcc/arm-none-eabi/10.3.1/../../../../arm-none-eabi/lib/thumb/v7e-m+fp/hard\libc_nano.a(lib_a-memset.o)
 .ARM.attributes
                0x0000000000000893       0x34 c:/st/stm32cubeide_1.4.0/stm32cubeide/plugins/com.st.stm32cube.ide.mcu.externaltools.gnu-tools-for-stm32.10.3-2021.10.win32_1.0.0.202111181127/tools/bin/../lib/gcc/arm-none-eabi/10.3.1/../../../../arm-none-eabi/lib/thumb/v7e-m+fp/hard\libc_nano.a(lib_a-strcat.o)
 .ARM.attributes
                0x00000000000008c7       0x17 c:/st/stm32cubeide_1.4.0/stm32cubeide/plugins/com.st.stm32cube.ide.mcu.externaltools.gnu-tools-for-stm32.10.3-2021.10.win32_1.0.0.202111181127/tools/bin/../lib/gcc/arm-none-eabi/10.3.1/../../../../arm-none-eabi/lib/thumb/v7e-m+fp/hard\libc_nano.a(lib_a-strlen.o)
 .ARM.attributes
                0x00000000000008de       0x34 c:/st/stm32cubeide_1.4.0/stm32cubeide/plugins/com.st.stm32cube.ide.mcu.externaltools.gnu-tools-for-stm32.10.3-2021.10.win32_1.0.0.202111181127/tools/bin/../lib/gcc/arm-none-eabi/10.3.1/../../../../arm-none-eabi/lib/thumb/v7e-m+fp/hard\libc_nano.a(lib_a-strncpy.o)
 .ARM.attributes
                0x0000000000000912       0x1e c:/st/stm32cubeide_1.4.0/stm32cubeide/plugins/com.st.stm32cube.ide.mcu.externaltools.gnu-tools-for-stm32.10.3-2021.10.win32_1.0.0.202111181127/tools/bin/../lib/gcc/arm-none-eabi/10.3.1/thumb/v7e-m+fp/hard\libgcc.a(_aeabi_uldivmod.o)
 .ARM.attributes
                0x0000000000000930       0x34 c:/st/stm32cubeide_1.4.0/stm32cubeide/plugins/com.st.stm32cube.ide.mcu.externaltools.gnu-tools-for-stm32.10.3-2021.10.win32_1.0.0.202111181127/tools/bin/../lib/gcc/arm-none-eabi/10.3.1/thumb/v7e-m+fp/hard\libgcc.a(_udivmoddi4.o)
 .ARM.attributes
                0x0000000000000964       0x1e c:/st/stm32cubeide_1.4.0/stm32cubeide/plugins/com.st.stm32cube.ide.mcu.externaltools.gnu-tools-for-stm32.10.3-2021.10.win32_1.0.0.202111181127/tools/bin/../lib/gcc/arm-none-eabi/10.3.1/thumb/v7e-m+fp/hard\libgcc.a(_dvmd_tls.o)
 .ARM.attributes
                0x0000000000000982       0x1e c:/st/stm32cubeide_1.4.0/stm32cubeide/plugins/com.st.stm32cube.ide.mcu.externaltools.gnu-tools-for-stm32.10.3-2021.10.win32_1.0.0.202111181127/tools/bin/../lib/gcc/arm-none-eabi/10.3.1/thumb/v7e-m+fp/hard/crtn.o
OUTPUT(STM32_GAME_CONSOLE.elf elf32-littlearm)
LOAD linker stubs
LOAD c:/st/stm32cubeide_1.4.0/stm32cubeide/plugins/com.st.stm32cube.ide.mcu.externaltools.gnu-tools-for-stm32.10.3-2021.10.win32_1.0.0.202111181127/tools/bin/../lib/gcc/arm-none-eabi/10.3.1/../../../../arm-none-eabi/lib/thumb/v7e-m+fp/hard\libc.a
LOAD c:/st/stm32cubeide_1.4.0/stm32cubeide/plugins/com.st.stm32cube.ide.mcu.externaltools.gnu-tools-for-stm32.10.3-2021.10.win32_1.0.0.202111181127/tools/bin/../lib/gcc/arm-none-eabi/10.3.1/../../../../arm-none-eabi/lib/thumb/v7e-m+fp/hard\libm.a
LOAD c:/st/stm32cubeide_1.4.0/stm32cubeide/plugins/com.st.stm32cube.ide.mcu.externaltools.gnu-tools-for-stm32.10.3-2021.10.win32_1.0.0.202111181127/tools/bin/../lib/gcc/arm-none-eabi/10.3.1/thumb/v7e-m+fp/hard\libgcc.a

.debug_info     0x0000000000000000    0x1c8dc
 .debug_info    0x0000000000000000      0x9de ./Bootloader/Bootloader.o
 .debug_info    0x00000000000009de     0x11bf ./Bootloader/main.o
 .debug_info    0x0000000000001b9d      0x9f4 ./Core/Drivers/STM32F4xx_HAL_Driver/Src/stm32f4xx_hal.o
 .debug_info    0x0000000000002591      0xe51 ./Core/Drivers/STM32F4xx_HAL_Driver/Src/stm32f4xx_hal_cortex.o
 .debug_info    0x00000000000033e2      0x94f ./Core/Drivers/STM32F4xx_HAL_Driver/Src/stm32f4xx_hal_dma.o
 .debug_info    0x0000000000003d31      0xf91 ./Core/Drivers/STM32F4xx_HAL_Driver/Src/stm32f4xx_hal_dma2d.o
 .debug_info    0x0000000000004cc2      0x5d2 ./Core/Drivers/STM32F4xx_HAL_Driver/Src/stm32f4xx_hal_flash.o
 .debug_info    0x0000000000005294      0x8f9 ./Core/Drivers/STM32F4xx_HAL_Driver/Src/stm32f4xx_hal_flash_ex.o
 .debug_info    0x0000000000005b8d      0x776 ./Core/Drivers/STM32F4xx_HAL_Driver/Src/stm32f4xx_hal_gpio.o
 .debug_info    0x0000000000006303     0x25fd ./Core/Drivers/STM32F4xx_HAL_Driver/Src/stm32f4xx_hal_i2c.o
 .debug_info    0x0000000000008900     0x1131 ./Core/Drivers/STM32F4xx_HAL_Driver/Src/stm32f4xx_hal_ltdc.o
 .debug_info    0x0000000000009a31      0x6e6 ./Core/Drivers/STM32F4xx_HAL_Driver/Src/stm32f4xx_hal_pwr_ex.o
 .debug_info    0x000000000000a117      0x982 ./Core/Drivers/STM32F4xx_HAL_Driver/Src/stm32f4xx_hal_rcc.o
 .debug_info    0x000000000000aa99      0x689 ./Core/Drivers/STM32F4xx_HAL_Driver/Src/stm32f4xx_hal_rcc_ex.o
 .debug_info    0x000000000000b122      0xdb2 ./Core/Drivers/STM32F4xx_HAL_Driver/Src/stm32f4xx_hal_sdram.o
 .debug_info    0x000000000000bed4     0x1718 ./Core/Drivers/STM32F4xx_HAL_Driver/Src/stm32f4xx_hal_spi.o
 .debug_info    0x000000000000d5ec     0x1314 ./Core/Drivers/STM32F4xx_HAL_Driver/Src/stm32f4xx_hal_uart.o
 .debug_info    0x000000000000e900      0xf17 ./Core/Drivers/STM32F4xx_HAL_Driver/Src/stm32f4xx_ll_fmc.o
 .debug_info    0x000000000000f817      0x688 ./Core/Graphics/GameEngine.o
 .debug_info    0x000000000000fe9f     0x1440 ./Core/Graphics/gpu.o
 .debug_info    0x00000000000112df      0x3c2 ./Core/Graphics/ili9341.o
 .debug_info    0x00000000000116a1      0xfdd ./Core/HW_specific/MCU_init.o
 .debug_info    0x000000000001267e     0x1aed ./Core/HW_specific/stm32f429i_discovery.o
 .debug_info    0x000000000001416b     0x1086 ./Core/HW_specific/stm32f429i_discovery_sdram.o
 .debug_info    0x00000000000151f1     0x1364 ./Core/HW_specific/stm32f4xx_hal_msp.o
 .debug_info    0x0000000000016555      0x158 ./Core/HW_specific/stm32f4xx_it.o
 .debug_info    0x00000000000166ad      0x53f ./Core/HW_specific/system_stm32f4xx.o
 .debug_info    0x0000000000016bec       0x22 ./Core/HW_specific/Startup/startup_stm32f429zitx.o
 .debug_info    0x0000000000016c0e      0x460 ./Core/Input/gamepad.o
 .debug_info    0x000000000001706e      0xcb2 ./Core/Input/stmpe811.o
 .debug_info    0x0000000000017d20      0x2c9 ./Core/Input/touchpad.o
 .debug_info    0x0000000000017fe9       0xa8 ./Core/Util/auxiliary.o
 .debug_info    0x0000000000018091      0x1cd ./Filesystem/src/ccsbcs.o
 .debug_info    0x000000000001825e      0x419 ./Filesystem/src/diskio.o
 .debug_info    0x0000000000018677      0x547 ./Filesystem/src/fatfs.o
 .debug_info    0x0000000000018bbe      0xcdb ./Filesystem/src/fatfs_sd.o
 .debug_info    0x0000000000019899     0x28b0 ./Filesystem/src/ff.o
 .debug_info    0x000000000001c149      0x3b0 ./Filesystem/src/ff_gen_drv.o
 .debug_info    0x000000000001c4f9      0x3e3 ./Filesystem/src/user_diskio.o

.debug_abbrev   0x0000000000000000     0x4ce8
 .debug_abbrev  0x0000000000000000      0x274 ./Bootloader/Bootloader.o
 .debug_abbrev  0x0000000000000274      0x2d2 ./Bootloader/main.o
 .debug_abbrev  0x0000000000000546      0x20d ./Core/Drivers/STM32F4xx_HAL_Driver/Src/stm32f4xx_hal.o
 .debug_abbrev  0x0000000000000753      0x316 ./Core/Drivers/STM32F4xx_HAL_Driver/Src/stm32f4xx_hal_cortex.o
 .debug_abbrev  0x0000000000000a69      0x25b ./Core/Drivers/STM32F4xx_HAL_Driver/Src/stm32f4xx_hal_dma.o
 .debug_abbrev  0x0000000000000cc4      0x22e ./Core/Drivers/STM32F4xx_HAL_Driver/Src/stm32f4xx_hal_dma2d.o
 .debug_abbrev  0x0000000000000ef2      0x281 ./Core/Drivers/STM32F4xx_HAL_Driver/Src/stm32f4xx_hal_flash.o
 .debug_abbrev  0x0000000000001173      0x296 ./Core/Drivers/STM32F4xx_HAL_Driver/Src/stm32f4xx_hal_flash_ex.o
 .debug_abbrev  0x0000000000001409      0x1c4 ./Core/Drivers/STM32F4xx_HAL_Driver/Src/stm32f4xx_hal_gpio.o
 .debug_abbrev  0x00000000000015cd      0x297 ./Core/Drivers/STM32F4xx_HAL_Driver/Src/stm32f4xx_hal_i2c.o
 .debug_abbrev  0x0000000000001864      0x20c ./Core/Drivers/STM32F4xx_HAL_Driver/Src/stm32f4xx_hal_ltdc.o
 .debug_abbrev  0x0000000000001a70      0x1c9 ./Core/Drivers/STM32F4xx_HAL_Driver/Src/stm32f4xx_hal_pwr_ex.o
 .debug_abbrev  0x0000000000001c39      0x2aa ./Core/Drivers/STM32F4xx_HAL_Driver/Src/stm32f4xx_hal_rcc.o
 .debug_abbrev  0x0000000000001ee3      0x1a8 ./Core/Drivers/STM32F4xx_HAL_Driver/Src/stm32f4xx_hal_rcc_ex.o
 .debug_abbrev  0x000000000000208b      0x227 ./Core/Drivers/STM32F4xx_HAL_Driver/Src/stm32f4xx_hal_sdram.o
 .debug_abbrev  0x00000000000022b2      0x26e ./Core/Drivers/STM32F4xx_HAL_Driver/Src/stm32f4xx_hal_spi.o
 .debug_abbrev  0x0000000000002520      0x272 ./Core/Drivers/STM32F4xx_HAL_Driver/Src/stm32f4xx_hal_uart.o
 .debug_abbrev  0x0000000000002792      0x196 ./Core/Drivers/STM32F4xx_HAL_Driver/Src/stm32f4xx_ll_fmc.o
 .debug_abbrev  0x0000000000002928      0x1ab ./Core/Graphics/GameEngine.o
 .debug_abbrev  0x0000000000002ad3      0x35f ./Core/Graphics/gpu.o
 .debug_abbrev  0x0000000000002e32      0x1a8 ./Core/Graphics/ili9341.o
 .debug_abbrev  0x0000000000002fda      0x229 ./Core/HW_specific/MCU_init.o
 .debug_abbrev  0x0000000000003203      0x2e2 ./Core/HW_specific/stm32f429i_discovery.o
 .debug_abbrev  0x00000000000034e5      0x276 ./Core/HW_specific/stm32f429i_discovery_sdram.o
 .debug_abbrev  0x000000000000375b      0x1ce ./Core/HW_specific/stm32f4xx_hal_msp.o
 .debug_abbrev  0x0000000000003929       0x96 ./Core/HW_specific/stm32f4xx_it.o
 .debug_abbrev  0x00000000000039bf      0x116 ./Core/HW_specific/system_stm32f4xx.o
 .debug_abbrev  0x0000000000003ad5       0x12 ./Core/HW_specific/Startup/startup_stm32f429zitx.o
 .debug_abbrev  0x0000000000003ae7      0x1e1 ./Core/Input/gamepad.o
 .debug_abbrev  0x0000000000003cc8      0x243 ./Core/Input/stmpe811.o
 .debug_abbrev  0x0000000000003f0b      0x14c ./Core/Input/touchpad.o
 .debug_abbrev  0x0000000000004057       0xb0 ./Core/Util/auxiliary.o
 .debug_abbrev  0x0000000000004107       0xdc ./Filesystem/src/ccsbcs.o
 .debug_abbrev  0x00000000000041e3      0x178 ./Filesystem/src/diskio.o
 .debug_abbrev  0x000000000000435b      0x15a ./Filesystem/src/fatfs.o
 .debug_abbrev  0x00000000000044b5      0x2d7 ./Filesystem/src/fatfs_sd.o
 .debug_abbrev  0x000000000000478c      0x271 ./Filesystem/src/ff.o
 .debug_abbrev  0x00000000000049fd      0x196 ./Filesystem/src/ff_gen_drv.o
 .debug_abbrev  0x0000000000004b93      0x155 ./Filesystem/src/user_diskio.o

.debug_aranges  0x0000000000000000     0x1a90
 .debug_aranges
                0x0000000000000000       0x38 ./Bootloader/Bootloader.o
 .debug_aranges
                0x0000000000000038       0x50 ./Bootloader/main.o
 .debug_aranges
                0x0000000000000088      0x100 ./Core/Drivers/STM32F4xx_HAL_Driver/Src/stm32f4xx_hal.o
 .debug_aranges
                0x0000000000000188      0x118 ./Core/Drivers/STM32F4xx_HAL_Driver/Src/stm32f4xx_hal_cortex.o
 .debug_aranges
                0x00000000000002a0       0x90 ./Core/Drivers/STM32F4xx_HAL_Driver/Src/stm32f4xx_hal_dma.o
 .debug_aranges
                0x0000000000000330      0x118 ./Core/Drivers/STM32F4xx_HAL_Driver/Src/stm32f4xx_hal_dma2d.o
 .debug_aranges
                0x0000000000000448       0xa0 ./Core/Drivers/STM32F4xx_HAL_Driver/Src/stm32f4xx_hal_flash.o
 .debug_aranges
                0x00000000000004e8       0xd8 ./Core/Drivers/STM32F4xx_HAL_Driver/Src/stm32f4xx_hal_flash_ex.o
 .debug_aranges
                0x00000000000005c0       0x58 ./Core/Drivers/STM32F4xx_HAL_Driver/Src/stm32f4xx_hal_gpio.o
 .debug_aranges
                0x0000000000000618      0x2a0 ./Core/Drivers/STM32F4xx_HAL_Driver/Src/stm32f4xx_hal_i2c.o
 .debug_aranges
                0x00000000000008b8      0x158 ./Core/Drivers/STM32F4xx_HAL_Driver/Src/stm32f4xx_hal_ltdc.o
 .debug_aranges
                0x0000000000000a10       0x60 ./Core/Drivers/STM32F4xx_HAL_Driver/Src/stm32f4xx_hal_pwr_ex.o
 .debug_aranges
                0x0000000000000a70       0x88 ./Core/Drivers/STM32F4xx_HAL_Driver/Src/stm32f4xx_hal_rcc.o
 .debug_aranges
                0x0000000000000af8       0x58 ./Core/Drivers/STM32F4xx_HAL_Driver/Src/stm32f4xx_hal_rcc_ex.o
 .debug_aranges
                0x0000000000000b50       0xd0 ./Core/Drivers/STM32F4xx_HAL_Driver/Src/stm32f4xx_hal_sdram.o
 .debug_aranges
                0x0000000000000c20      0x1d0 ./Core/Drivers/STM32F4xx_HAL_Driver/Src/stm32f4xx_hal_spi.o
 .debug_aranges
                0x0000000000000df0      0x1d0 ./Core/Drivers/STM32F4xx_HAL_Driver/Src/stm32f4xx_hal_uart.o
 .debug_aranges
                0x0000000000000fc0       0xf0 ./Core/Drivers/STM32F4xx_HAL_Driver/Src/stm32f4xx_ll_fmc.o
 .debug_aranges
                0x00000000000010b0       0x40 ./Core/Graphics/GameEngine.o
 .debug_aranges
                0x00000000000010f0       0x98 ./Core/Graphics/gpu.o
 .debug_aranges
                0x0000000000001188       0x60 ./Core/Graphics/ili9341.o
 .debug_aranges
                0x00000000000011e8       0x60 ./Core/HW_specific/MCU_init.o
 .debug_aranges
                0x0000000000001248      0x138 ./Core/HW_specific/stm32f429i_discovery.o
 .debug_aranges
                0x0000000000001380       0x68 ./Core/HW_specific/stm32f429i_discovery_sdram.o
 .debug_aranges
                0x00000000000013e8       0x50 ./Core/HW_specific/stm32f4xx_hal_msp.o
 .debug_aranges
                0x0000000000001438       0x60 ./Core/HW_specific/stm32f4xx_it.o
 .debug_aranges
                0x0000000000001498       0x28 ./Core/HW_specific/system_stm32f4xx.o
 .debug_aranges
                0x00000000000014c0       0x28 ./Core/HW_specific/Startup/startup_stm32f429zitx.o
 .debug_aranges
                0x00000000000014e8       0x30 ./Core/Input/gamepad.o
 .debug_aranges
                0x0000000000001518      0x128 ./Core/Input/stmpe811.o
 .debug_aranges
                0x0000000000001640       0x30 ./Core/Input/touchpad.o
 .debug_aranges
                0x0000000000001670       0x28 ./Core/Util/auxiliary.o
 .debug_aranges
                0x0000000000001698       0x28 ./Filesystem/src/ccsbcs.o
 .debug_aranges
                0x00000000000016c0       0x48 ./Filesystem/src/diskio.o
 .debug_aranges
                0x0000000000001708       0x30 ./Filesystem/src/fatfs.o
 .debug_aranges
                0x0000000000001738       0xa8 ./Filesystem/src/fatfs_sd.o
 .debug_aranges
                0x00000000000017e0      0x230 ./Filesystem/src/ff.o
 .debug_aranges
                0x0000000000001a10       0x40 ./Filesystem/src/ff_gen_drv.o
 .debug_aranges
                0x0000000000001a50       0x40 ./Filesystem/src/user_diskio.o

.debug_ranges   0x0000000000000000     0x1850
 .debug_ranges  0x0000000000000000       0x28 ./Bootloader/Bootloader.o
 .debug_ranges  0x0000000000000028       0x40 ./Bootloader/main.o
 .debug_ranges  0x0000000000000068       0xf0 ./Core/Drivers/STM32F4xx_HAL_Driver/Src/stm32f4xx_hal.o
 .debug_ranges  0x0000000000000158      0x108 ./Core/Drivers/STM32F4xx_HAL_Driver/Src/stm32f4xx_hal_cortex.o
 .debug_ranges  0x0000000000000260       0x80 ./Core/Drivers/STM32F4xx_HAL_Driver/Src/stm32f4xx_hal_dma.o
 .debug_ranges  0x00000000000002e0      0x108 ./Core/Drivers/STM32F4xx_HAL_Driver/Src/stm32f4xx_hal_dma2d.o
 .debug_ranges  0x00000000000003e8       0x90 ./Core/Drivers/STM32F4xx_HAL_Driver/Src/stm32f4xx_hal_flash.o
 .debug_ranges  0x0000000000000478       0xc8 ./Core/Drivers/STM32F4xx_HAL_Driver/Src/stm32f4xx_hal_flash_ex.o
 .debug_ranges  0x0000000000000540       0x48 ./Core/Drivers/STM32F4xx_HAL_Driver/Src/stm32f4xx_hal_gpio.o
 .debug_ranges  0x0000000000000588      0x2b8 ./Core/Drivers/STM32F4xx_HAL_Driver/Src/stm32f4xx_hal_i2c.o
 .debug_ranges  0x0000000000000840      0x148 ./Core/Drivers/STM32F4xx_HAL_Driver/Src/stm32f4xx_hal_ltdc.o
 .debug_ranges  0x0000000000000988       0x50 ./Core/Drivers/STM32F4xx_HAL_Driver/Src/stm32f4xx_hal_pwr_ex.o
 .debug_ranges  0x00000000000009d8       0x78 ./Core/Drivers/STM32F4xx_HAL_Driver/Src/stm32f4xx_hal_rcc.o
 .debug_ranges  0x0000000000000a50       0x48 ./Core/Drivers/STM32F4xx_HAL_Driver/Src/stm32f4xx_hal_rcc_ex.o
 .debug_ranges  0x0000000000000a98       0xc0 ./Core/Drivers/STM32F4xx_HAL_Driver/Src/stm32f4xx_hal_sdram.o
 .debug_ranges  0x0000000000000b58      0x1c0 ./Core/Drivers/STM32F4xx_HAL_Driver/Src/stm32f4xx_hal_spi.o
 .debug_ranges  0x0000000000000d18      0x1c0 ./Core/Drivers/STM32F4xx_HAL_Driver/Src/stm32f4xx_hal_uart.o
 .debug_ranges  0x0000000000000ed8       0xe0 ./Core/Drivers/STM32F4xx_HAL_Driver/Src/stm32f4xx_ll_fmc.o
 .debug_ranges  0x0000000000000fb8       0x30 ./Core/Graphics/GameEngine.o
 .debug_ranges  0x0000000000000fe8       0x88 ./Core/Graphics/gpu.o
 .debug_ranges  0x0000000000001070       0x50 ./Core/Graphics/ili9341.o
 .debug_ranges  0x00000000000010c0       0x50 ./Core/HW_specific/MCU_init.o
 .debug_ranges  0x0000000000001110      0x128 ./Core/HW_specific/stm32f429i_discovery.o
 .debug_ranges  0x0000000000001238       0x58 ./Core/HW_specific/stm32f429i_discovery_sdram.o
 .debug_ranges  0x0000000000001290       0x40 ./Core/HW_specific/stm32f4xx_hal_msp.o
 .debug_ranges  0x00000000000012d0       0x50 ./Core/HW_specific/stm32f4xx_it.o
 .debug_ranges  0x0000000000001320       0x18 ./Core/HW_specific/system_stm32f4xx.o
 .debug_ranges  0x0000000000001338       0x20 ./Core/HW_specific/Startup/startup_stm32f429zitx.o
 .debug_ranges  0x0000000000001358       0x20 ./Core/Input/gamepad.o
 .debug_ranges  0x0000000000001378      0x118 ./Core/Input/stmpe811.o
 .debug_ranges  0x0000000000001490       0x20 ./Core/Input/touchpad.o
 .debug_ranges  0x00000000000014b0       0x18 ./Core/Util/auxiliary.o
 .debug_ranges  0x00000000000014c8       0x18 ./Filesystem/src/ccsbcs.o
 .debug_ranges  0x00000000000014e0       0x38 ./Filesystem/src/diskio.o
 .debug_ranges  0x0000000000001518       0x20 ./Filesystem/src/fatfs.o
 .debug_ranges  0x0000000000001538       0x98 ./Filesystem/src/fatfs_sd.o
 .debug_ranges  0x00000000000015d0      0x220 ./Filesystem/src/ff.o
 .debug_ranges  0x00000000000017f0       0x30 ./Filesystem/src/ff_gen_drv.o
 .debug_ranges  0x0000000000001820       0x30 ./Filesystem/src/user_diskio.o

.debug_macro    0x0000000000000000    0x29d23
 .debug_macro   0x0000000000000000      0x4cc ./Bootloader/Bootloader.o
 .debug_macro   0x00000000000004cc      0xa78 ./Bootloader/Bootloader.o
 .debug_macro   0x0000000000000f44      0x2b2 ./Bootloader/Bootloader.o
 .debug_macro   0x00000000000011f6       0x2e ./Bootloader/Bootloader.o
 .debug_macro   0x0000000000001224       0x28 ./Bootloader/Bootloader.o
 .debug_macro   0x000000000000124c       0x22 ./Bootloader/Bootloader.o
 .debug_macro   0x000000000000126e       0x8e ./Bootloader/Bootloader.o
 .debug_macro   0x00000000000012fc       0x51 ./Bootloader/Bootloader.o
 .debug_macro   0x000000000000134d      0x103 ./Bootloader/Bootloader.o
 .debug_macro   0x0000000000001450       0x6a ./Bootloader/Bootloader.o
 .debug_macro   0x00000000000014ba      0x1df ./Bootloader/Bootloader.o
 .debug_macro   0x0000000000001699       0x1c ./Bootloader/Bootloader.o
 .debug_macro   0x00000000000016b5       0x22 ./Bootloader/Bootloader.o
 .debug_macro   0x00000000000016d7       0xd9 ./Bootloader/Bootloader.o
 .debug_macro   0x00000000000017b0     0x102d ./Bootloader/Bootloader.o
 .debug_macro   0x00000000000027dd      0x11f ./Bootloader/Bootloader.o
 .debug_macro   0x00000000000028fc    0x17f69 ./Bootloader/Bootloader.o
 .debug_macro   0x000000000001a865       0x43 ./Bootloader/Bootloader.o
 .debug_macro   0x000000000001a8a8     0x36c9 ./Bootloader/Bootloader.o
 .debug_macro   0x000000000001df71      0x174 ./Bootloader/Bootloader.o
 .debug_macro   0x000000000001e0e5       0x5a ./Bootloader/Bootloader.o
 .debug_macro   0x000000000001e13f      0xca5 ./Bootloader/Bootloader.o
 .debug_macro   0x000000000001ede4      0x9fe ./Bootloader/Bootloader.o
 .debug_macro   0x000000000001f7e2      0x117 ./Bootloader/Bootloader.o
 .debug_macro   0x000000000001f8f9      0x157 ./Bootloader/Bootloader.o
 .debug_macro   0x000000000001fa50       0x27 ./Bootloader/Bootloader.o
 .debug_macro   0x000000000001fa77      0x182 ./Bootloader/Bootloader.o
 .debug_macro   0x000000000001fbf9      0x287 ./Bootloader/Bootloader.o
 .debug_macro   0x000000000001fe80       0x5f ./Bootloader/Bootloader.o
 .debug_macro   0x000000000001fedf      0x236 ./Bootloader/Bootloader.o
 .debug_macro   0x0000000000020115      0x20f ./Bootloader/Bootloader.o
 .debug_macro   0x0000000000020324      0x132 ./Bootloader/Bootloader.o
 .debug_macro   0x0000000000020456      0x41d ./Bootloader/Bootloader.o